start xxxyXXY|xyyXYYY cap=30 conj=8 nosym=0 threads=4 maxstates=150000000
target 0: xyxYXY|xxxxYYY
target 1: xxxyXXY|xyyXYYY
target 2: xxxyXXy|xyyXYYY
target 3: x|y
target 4: xxyXy|xyyyyyxYY
target 5: xxxxyXy|xyyyxYY
target 6: xxyxxYY|xyXYYXy
start equals target 1
level 1: +3978 new (total 3979) 0s  bylen: 17:4 19:12 21:42 23:80 25:312 27:864 29:2664
level 2: +37489 new (total 41468) 0s  bylen: 16:1 18:4 19:2 20:20 21:4 22:110 23:22 24:486 25:76 26:1882 27:274 28:7155 29:818 30:26635
level 3: +36050 new (total 77518) 2s  bylen: 17:2 19:7 21:46 22:6 23:271 24:17 25:1260 26:51 27:6161 28:172 29:27465 30:592
level 4: +91416 new (total 168934) 3s  bylen: 18:3 20:14 21:6 22:81 23:12 24:479 25:80 26:2703 27:285 28:14125 29:1046 30:72582
level 5: +39654 new (total 208588) 6s  bylen: 17:2 19:3 20:1 21:20 22:2 23:174 24:3 25:993 26:29 27:5773 28:84 29:32192 30:378
level 6: +83534 new (total 292122) 8s  bylen: 18:3 19:1 20:10 21:4 22:58 23:18 24:316 25:80 26:2015 27:221 28:11860 29:786 30:68162
level 7: +33195 new (total 325317) 11s  bylen: 17:2 19:2 20:1 21:25 22:7 23:145 24:11 25:750 26:48 27:4617 28:184 29:26857 30:546
level 8: +71305 new (total 396622) 12s  bylen: 18:3 19:1 20:9 21:5 22:57 23:23 24:298 25:96 26:1664 27:377 28:9732 29:1349 30:57691
level 9: +29820 new (total 426442) 14s  bylen: 17:2 19:3 21:24 22:2 23:143 24:21 25:738 26:57 27:4182 28:182 29:23852 30:614
level 10: +67255 new (total 493697) 16s  bylen: 18:5 19:1 20:10 21:5 22:61 23:13 24:307 25:82 26:1682 27:298 28:9550 29:1115 30:54126
level 11: +31247 new (total 524944) 18s  bylen: 15:1 17:1 18:1 19:9 21:37 22:7 23:163 24:17 25:853 26:39 27:4612 28:187 29:24788 30:532
level 12: +81501 new (total 606445) 19s  bylen: 16:2 17:1 18:2 19:4 20:25 21:30 22:99 23:95 24:438 25:274 26:2231 27:944 28:11704 29:3072 30:62580
level 13: +50493 new (total 656938) 22s  bylen: 17:4 19:15 20:4 21:56 22:15 23:337 24:61 25:1601 26:221 27:7516 28:794 29:37031 30:2838
level 14: +110708 new (total 767646) 24s  bylen: 16:1 18:2 19:2 20:22 21:25 22:99 23:92 24:522 25:405 26:2884 27:1731 28:15694 29:7350 30:81879
level 15: +51387 new (total 819033) 27s  bylen: 17:3 18:1 19:10 20:3 21:44 22:7 23:262 24:23 25:1323 26:125 27:7151 28:565 29:39529 30:2341
level 16: +99959 new (total 918992) 29s  bylen: 16:1 18:4 19:6 20:14 21:27 22:103 23:82 24:470 25:323 26:2420 27:1472 28:13438 29:6353 30:75246
level 17: +56830 new (total 975822) 32s  bylen: 16:1 17:2 18:3 19:10 20:3 21:50 22:29 23:255 24:153 25:1325 26:620 27:6833 28:2430 29:35997 30:9119
level 18: +110515 new (total 1086337) 34s  bylen: 16:1 18:1 19:13 20:18 21:48 22:84 23:170 24:467 25:651 26:2556 27:2925 28:14156 29:12487 30:76938
level 19: +81589 new (total 1167926) 37s  bylen: 18:1 19:7 20:10 21:42 22:57 23:219 24:301 25:1132 26:1514 27:6167 28:6830 29:34291 30:31018
level 20: +102363 new (total 1270289) 40s  bylen: 18:4 19:5 20:8 21:25 22:57 23:90 24:359 25:558 26:2076 27:3136 28:11755 29:16110 30:68180
level 21: +69020 new (total 1339309) 43s  bylen: 17:1 18:1 19:16 20:9 21:38 22:32 23:203 24:183 25:942 26:967 27:5061 28:5245 29:27824 30:28498
level 22: +102956 new (total 1442265) 46s  bylen: 17:3 18:7 19:13 20:18 21:42 22:101 23:237 24:420 25:956 26:2307 27:4324 28:11747 29:19466 30:63315
level 23: +110414 new (total 1552679) 49s  bylen: 15:1 17:3 18:1 19:21 20:12 21:117 22:56 23:564 24:272 25:2654 26:1125 27:12358 28:5703 29:58896 30:28631
level 24: +201633 new (total 1754312) 53s  bylen: 17:1 18:5 19:13 20:20 21:93 22:129 23:545 24:675 25:2794 26:3605 27:14015 28:18138 29:67913 30:93687
level 25: +179642 new (total 1933954) 60s  bylen: 19:16 21:83 22:8 23:590 24:93 25:3750 26:706 27:21400 28:4765 29:119305 30:28926
level 26: +204496 new (total 2138450) 66s  bylen: 18:2 19:2 20:8 21:26 22:66 23:249 24:396 25:1778 26:2498 27:12190 28:15836 29:78526 30:92919
level 27: +108866 new (total 2247316) 73s  bylen: 19:5 21:34 22:2 23:245 24:4 25:1783 26:98 27:12648 28:968 29:84881 30:8198
level 28: +115422 new (total 2362738) 76s  bylen: 18:1 20:9 21:2 22:43 23:65 24:274 25:482 26:1646 27:4542 28:10132 29:35401 30:62825
level 29: +48960 new (total 2411698) 80s  bylen: 19:4 21:17 23:127 24:2 25:817 26:15 27:5754 28:193 29:40473 30:1558
level 30: +69134 new (total 2480832) 82s  bylen: 18:1 20:9 21:1 22:37 23:5 24:233 25:118 26:1347 27:993 28:8174 29:9256 30:48960
level 31: +27916 new (total 2508748) 84s  bylen: 17:1 19:2 21:18 23:104 24:1 25:601 26:13 27:3717 28:47 29:23091 30:321
level 32: +57614 new (total 2566362) 85s  bylen: 18:2 20:10 21:1 22:45 23:8 24:257 25:41 26:1364 27:272 28:7830 29:2208 30:45576
level 33: +25741 new (total 2592103) 88s  bylen: 17:1 19:4 21:28 22:1 23:110 24:3 25:684 26:8 27:3699 28:31 29:21014 30:158
level 34: +62498 new (total 2654601) 89s  bylen: 16:1 18:1 19:1 20:10 21:7 22:60 23:15 24:315 25:45 26:1592 27:179 28:9035 29:742 30:50495
level 35: +30559 new (total 2685160) 92s  bylen: 17:2 19:9 20:2 21:29 22:2 23:170 24:25 25:875 26:67 27:4496 28:226 29:23946 30:710
level 36: +75755 new (total 2760915) 93s  bylen: 18:2 19:3 20:17 21:6 22:67 23:27 24:406 25:140 26:2060 27:459 28:11037 29:1537 30:59994
level 37: +36348 new (total 2797263) 96s  bylen: 19:5 20:5 21:29 22:7 23:152 24:42 25:879 26:137 27:5057 28:553 29:27725 30:1757
level 38: +73362 new (total 2870625) 97s  bylen: 18:1 19:1 20:3 21:7 22:51 23:31 24:261 25:137 26:1682 27:618 28:10021 29:2249 30:58300
level 39: +29509 new (total 2900134) 100s  bylen: 19:2 21:21 22:12 23:112 24:39 25:634 26:222 27:3514 28:822 29:21259 30:2872
level 40: +57725 new (total 2957859) 101s  bylen: 19:5 20:7 21:5 22:33 23:30 24:245 25:178 26:1388 27:757 28:7707 29:2394 30:44976
level 41: +29673 new (total 2987532) 103s  bylen: 17:1 19:8 20:1 21:20 22:11 23:126 24:49 25:637 26:259 27:3557 28:1231 29:19349 30:4424
level 42: +56986 new (total 3044518) 105s  bylen: 17:1 19:2 20:6 21:14 22:34 23:79 24:238 25:384 26:1277 27:1677 28:7273 29:6436 30:39565
level 43: +33843 new (total 3078361) 106s  bylen: 19:3 20:2 21:21 22:12 23:133 24:51 25:760 26:263 27:4097 28:1434 29:21591 30:5476
level 44: +55851 new (total 3134212) 108s  bylen: 19:3 20:5 21:4 22:34 23:44 24:210 25:267 26:1170 27:1505 28:7099 29:6953 30:38557
level 45: +30309 new (total 3164521) 110s  bylen: 18:1 19:2 21:24 22:6 23:105 24:26 25:649 26:173 27:3631 28:1110 29:20005 30:4577
level 46: +55901 new (total 3220422) 111s  bylen: 18:1 19:4 20:5 21:7 22:37 23:48 24:209 25:249 26:1282 27:1224 28:7410 29:5464 30:39961
level 47: +35459 new (total 3255881) 113s  bylen: 19:3 20:3 21:20 22:18 23:104 24:87 25:648 26:439 27:3865 28:1977 29:20592 30:7703
level 48: +62442 new (total 3318323) 114s  bylen: 20:7 21:3 22:43 23:34 24:214 25:255 26:1396 27:1377 28:8099 29:6914 30:44100
level 49: +35872 new (total 3354195) 117s  bylen: 19:1 21:12 22:1 23:100 24:37 25:580 26:255 27:3569 28:1715 29:20315 30:9287
level 50: +55491 new (total 3409686) 118s  bylen: 20:3 21:1 22:28 23:10 24:204 25:68 26:1246 27:558 28:7429 29:3391 30:42553
level 51: +24919 new (total 3434605) 120s  bylen: 21:8 22:2 23:72 24:12 25:478 26:83 27:2919 28:621 29:17493 30:3231
level 52: +46195 new (total 3480800) 121s  bylen: 20:1 21:1 22:22 23:14 24:132 25:53 26:1036 27:347 28:6268 29:1610 30:36711
level 53: +19513 new (total 3500313) 122s  bylen: 20:1 21:6 22:1 23:58 24:10 25:375 26:63 27:2327 28:439 29:14456 30:1777
level 54: +38762 new (total 3539075) 123s  bylen: 19:1 20:2 21:2 22:14 23:9 24:122 25:63 26:872 27:327 28:5362 29:1388 30:30600
level 55: +17787 new (total 3556862) 124s  bylen: 20:2 21:6 22:5 23:55 24:11 25:340 26:102 27:2131 28:487 29:12874 30:1774
level 56: +35967 new (total 3592829) 125s  bylen: 19:1 20:2 21:3 22:21 23:14 24:108 25:92 26:800 27:455 28:4993 29:1430 30:28048
level 57: +17673 new (total 3610502) 126s  bylen: 19:1 20:1 21:6 22:4 23:58 24:22 25:376 26:103 27:2166 28:559 29:12260 30:2117
level 58: +36625 new (total 3647127) 127s  bylen: 20:5 21:3 22:19 23:21 24:118 25:96 26:868 27:461 28:4950 29:1661 30:28423
level 59: +18622 new (total 3665749) 128s  bylen: 21:9 22:3 23:64 24:18 25:390 26:107 27:2326 28:531 29:12843 30:2331
level 60: +38026 new (total 3703775) 129s  bylen: 22:24 23:5 24:147 25:63 26:797 27:346 28:5081 29:1577 30:29986
level 61: +17157 new (total 3720932) 130s  bylen: 21:5 22:1 23:40 24:9 25:337 26:93 27:2184 28:415 29:12247 30:1826
level 62: +33883 new (total 3754815) 131s  bylen: 20:1 22:9 23:6 24:107 25:41 26:715 27:298 28:4434 29:1223 30:27049
level 63: +14698 new (total 3769513) 132s  bylen: 21:4 22:3 23:33 24:14 25:272 26:72 27:1832 28:389 29:10508 30:1571
level 64: +29803 new (total 3799316) 132s  bylen: 20:2 21:2 22:5 23:13 24:86 25:55 26:620 27:287 28:3962 29:1239 30:23532
level 65: +14024 new (total 3813340) 133s  bylen: 20:1 21:6 22:3 23:28 24:18 25:258 26:98 27:1685 28:491 29:9533 30:1903
level 66: +28046 new (total 3841386) 134s  bylen: 20:1 21:5 22:13 23:13 24:78 25:71 26:634 27:325 28:3770 29:1376 30:21760
level 67: +14444 new (total 3855830) 134s  bylen: 20:1 21:5 22:2 23:44 24:19 25:268 26:103 27:1732 28:560 29:9620 30:2090
level 68: +28963 new (total 3884793) 135s  bylen: 20:1 21:3 22:13 23:19 24:101 25:72 26:632 27:349 28:3918 29:1419 30:22436
level 69: +14858 new (total 3899651) 136s  bylen: 19:1 20:1 21:6 22:7 23:44 24:14 25:259 26:101 27:1821 28:556 29:9986 30:2062
level 70: +30787 new (total 3930438) 136s  bylen: 20:4 21:4 22:15 23:19 24:98 25:69 26:692 27:402 28:4178 29:1605 30:23701
level 71: +16007 new (total 3946445) 137s  bylen: 19:1 20:1 21:10 22:6 23:68 24:23 25:285 26:109 27:1919 28:527 29:10789 30:2269
level 72: +32501 new (total 3978946) 138s  bylen: 20:2 21:3 22:12 23:20 24:121 25:91 26:705 27:458 28:4296 29:1813 30:24980
level 73: +15388 new (total 3994334) 139s  bylen: 20:1 21:6 22:2 23:42 24:21 25:267 26:99 27:1867 28:546 29:10480 30:2057
level 74: +28122 new (total 4022456) 139s  bylen: 21:5 22:6 23:13 24:78 25:84 26:518 27:416 28:3503 29:1737 30:21762
level 75: +13001 new (total 4035457) 140s  bylen: 21:3 22:6 23:24 24:19 25:173 26:119 27:1410 28:580 29:8580 30:2087
level 76: +22329 new (total 4057786) 141s  bylen: 22:6 23:10 24:38 25:80 26:387 27:351 28:2727 29:1635 30:17095
level 77: +10327 new (total 4068113) 141s  bylen: 21:1 22:1 23:16 24:11 25:139 26:86 27:1047 28:499 29:6750 30:1777
level 78: +18746 new (total 4086859) 142s  bylen: 21:2 22:2 23:2 24:31 25:56 26:349 27:298 28:2297 29:1280 30:14429
level 79: +9294 new (total 4096153) 142s  bylen: 22:1 23:14 24:12 25:128 26:80 27:941 28:474 29:5907 30:1737
level 80: +17536 new (total 4113689) 142s  bylen: 21:3 22:3 23:4 24:37 25:47 26:312 27:298 28:2167 29:1180 30:13485
level 81: +9269 new (total 4122958) 143s  bylen: 21:1 22:3 23:19 24:11 25:124 26:89 27:943 28:481 29:5827 30:1771
level 82: +18156 new (total 4141114) 143s  bylen: 21:2 22:7 23:11 24:48 25:50 26:322 27:289 28:2260 29:1238 30:13929
level 83: +9789 new (total 4150903) 144s  bylen: 21:2 22:1 23:21 24:18 25:171 26:87 27:958 28:516 29:6202 30:1813
level 84: +19275 new (total 4170178) 144s  bylen: 21:1 22:6 23:11 24:43 25:59 26:384 27:318 28:2502 29:1281 30:14670
level 85: +10176 new (total 4180354) 144s  bylen: 21:1 22:2 23:18 24:17 25:143 26:96 27:1026 28:539 29:6346 30:1988
level 86: +18703 new (total 4199057) 145s  bylen: 21:5 22:3 23:5 24:37 25:54 26:314 27:327 28:2337 29:1343 30:14278
level 87: +9699 new (total 4208756) 145s  bylen: 19:1 21:2 22:5 23:18 24:12 25:124 26:119 27:876 28:552 29:5899 30:2091
level 88: +17108 new (total 4225864) 145s  bylen: 19:3 20:2 21:4 22:4 23:22 24:35 25:74 26:266 27:465 28:1934 29:1807 30:12492
level 89: +10765 new (total 4236629) 146s  bylen: 17:1 19:2 20:3 21:8 22:4 23:33 24:24 25:177 26:142 27:1105 28:748 29:6029 30:2489
level 90: +18794 new (total 4255423) 146s  bylen: 18:1 19:3 20:2 21:8 22:11 23:36 24:45 25:174 26:339 27:768 28:2033 29:3139 30:12235
level 91: +12492 new (total 4267915) 147s  bylen: 19:2 21:9 22:5 23:46 24:26 25:210 26:156 27:1344 28:872 29:6813 30:3009
level 92: +17994 new (total 4285909) 147s  bylen: 17:1 18:1 19:3 20:3 21:4 22:7 23:25 24:42 25:124 26:313 27:607 28:2052 29:2881 30:11931
HIT target 6 (xxyxxYY|xyXYYXy) at level 93, path 94 states, peak total 30
level 93: +14206 new (total 4300115) 148s  bylen: 14:1 16:1 17:4 18:3 19:1 20:6 21:10 22:18 23:54 24:87 25:269 26:326 27:1293 28:1247 29:6649 30:4237
level 94: +40498 new (total 4340613) 148s  bylen: 15:1 16:1 17:5 18:2 19:20 20:13 21:82 22:59 23:277 24:227 25:986 26:856 27:3548 28:3888 29:12524 30:18009
level 95: +100349 new (total 4440962) 150s  bylen: 17:1 18:4 19:8 20:35 21:47 22:176 23:206 24:756 25:993 26:3371 27:4488 28:14138 29:19423 30:56703
level 96: +101960 new (total 4542922) 153s  bylen: 17:1 18:1 19:3 21:42 22:31 23:288 24:218 25:1687 26:1349 27:8725 28:7549 29:42897 30:39169
level 97: +112750 new (total 4655672) 156s  bylen: 18:3 19:2 20:4 21:9 22:51 23:57 24:396 25:433 26:2352 27:2803 28:13820 29:16723 30:76097
level 98: +66262 new (total 4721934) 160s  bylen: 15:1 19:4 20:2 21:17 22:7 23:108 24:83 25:766 26:637 27:4810 28:4445 29:28018 30:27364
level 99: +75918 new (total 4797852) 162s  bylen: 16:1 17:1 18:1 19:3 20:2 21:16 22:31 23:59 24:210 25:282 26:1355 27:1695 28:8843 29:10475 30:52944
level 100: +45348 new (total 4843200) 164s  bylen: 19:1 20:1 21:14 22:10 23:103 24:42 25:568 26:385 27:3362 28:2744 29:20282 30:17836
level 101: +46771 new (total 4889971) 166s  bylen: 20:1 21:2 22:7 23:24 24:74 25:173 26:645 27:1269 28:4595 29:8280 30:31701
level 102: +23857 new (total 4913828) 167s  bylen: 21:2 22:2 23:16 24:20 25:148 26:198 27:1234 28:1831 29:8872 30:11534
level 103: +20256 new (total 4934084) 168s  bylen: 22:2 23:10 24:21 25:83 26:182 27:649 28:1666 29:4709 30:12934
level 104: +14432 new (total 4948516) 168s  bylen: 22:2 23:9 24:21 25:58 26:188 27:415 28:1416 29:3246 30:9077
level 105: +10099 new (total 4958615) 169s  bylen: 21:1 22:2 23:11 24:5 25:83 26:86 27:612 28:601 29:3811 30:4887
level 106: +12199 new (total 4970814) 169s  bylen: 21:2 22:3 23:9 24:33 25:28 26:207 27:280 28:1481 29:1306 30:8850
level 107: +7445 new (total 4978259) 169s  bylen: 20:1 21:3 22:2 23:8 24:13 25:102 26:59 27:639 28:403 29:4083 30:2132
level 108: +12081 new (total 4990340) 169s  bylen: 21:1 22:4 23:11 24:32 25:61 26:220 27:270 28:1507 29:1085 30:8890
level 109: +6636 new (total 4996976) 170s  bylen: 21:2 22:1 23:7 24:13 25:97 26:67 27:650 28:357 29:3861 30:1581
level 110: +10639 new (total 5007615) 170s  bylen: 22:3 23:12 24:16 25:37 26:178 27:251 28:1327 29:947 30:7868
level 111: +5279 new (total 5012894) 170s  bylen: 21:1 23:9 24:9 25:68 26:60 27:495 28:300 29:3121 30:1216
level 112: +8377 new (total 5021271) 170s  bylen: 21:1 22:4 23:2 24:20 25:42 26:137 27:223 28:1041 29:871 30:6036
level 113: +4579 new (total 5025850) 170s  bylen: 21:1 23:13 24:9 25:53 26:42 27:403 28:296 29:2667 30:1095
level 114: +7200 new (total 5033050) 170s  bylen: 20:1 21:1 22:2 23:4 24:17 25:38 26:110 27:222 28:883 29:836 30:5086
level 115: +4296 new (total 5037346) 171s  bylen: 21:1 23:19 24:8 25:54 26:43 27:449 28:273 29:2403 30:1046
level 116: +7096 new (total 5044442) 171s  bylen: 20:2 23:5 24:15 25:30 26:133 27:210 28:951 29:874 30:4876
level 117: +4471 new (total 5048913) 171s  bylen: 21:2 23:11 24:5 25:84 26:49 27:474 28:251 29:2562 30:1033
level 118: +7737 new (total 5056650) 171s  bylen: 20:1 22:2 23:3 24:20 25:37 26:158 27:193 28:1108 29:764 30:5451
level 119: +4742 new (total 5061392) 171s  bylen: 21:3 23:10 24:8 25:70 26:46 27:526 28:280 29:2752 30:1047
level 120: +8158 new (total 5069550) 171s  bylen: 22:2 23:6 24:26 25:29 26:163 27:181 28:1095 29:731 30:5925
level 121: +4595 new (total 5074145) 171s  bylen: 19:1 22:1 23:10 24:10 25:55 26:47 27:520 28:311 29:2625 30:1015
level 122: +7973 new (total 5082118) 171s  bylen: 20:1 21:2 22:1 23:4 24:23 25:31 26:145 27:207 28:963 29:888 30:5708
level 123: +4486 new (total 5086604) 172s  bylen: 21:3 22:1 23:10 24:11 25:62 26:57 27:473 28:333 29:2340 30:1196
level 124: +6815 new (total 5093419) 172s  bylen: 22:1 23:6 24:14 25:32 26:100 27:193 28:847 29:926 30:4696
level 125: +3672 new (total 5097091) 172s  bylen: 22:1 23:8 24:9 25:50 26:36 27:344 28:275 29:1903 30:1046
level 126: +5344 new (total 5102435) 172s  bylen: 22:2 23:3 24:13 25:23 26:76 27:183 28:681 29:728 30:3635
level 127: +3281 new (total 5105716) 172s  bylen: 21:1 23:7 24:6 25:42 26:41 27:317 28:269 29:1692 30:906
level 128: +5144 new (total 5110860) 172s  bylen: 22:2 23:5 24:13 25:30 26:81 27:154 28:720 29:611 30:3528
level 129: +3381 new (total 5114241) 172s  bylen: 23:8 24:7 25:52 26:43 27:328 28:240 29:1769 30:934
level 130: +5400 new (total 5119641) 172s  bylen: 22:1 23:3 24:13 25:24 26:103 27:151 28:736 29:608 30:3761
level 131: +3425 new (total 5123066) 172s  bylen: 21:1 23:8 24:8 25:47 26:40 27:327 28:273 29:1792 30:929
level 132: +5548 new (total 5128614) 172s  bylen: 23:5 24:15 25:25 26:98 27:161 28:687 29:696 30:3861
level 133: +3396 new (total 5132010) 172s  bylen: 21:2 23:4 24:7 25:43 26:51 27:294 28:280 29:1744 30:971
level 134: +4977 new (total 5136987) 173s  bylen: 22:1 23:7 24:13 25:26 26:91 27:174 28:563 29:774 30:3328
level 135: +3218 new (total 5140205) 173s  bylen: 21:2 23:3 24:8 25:37 26:51 27:279 28:274 29:1502 30:1062
level 136: +4477 new (total 5144682) 173s  bylen: 22:2 23:6 24:10 25:35 26:93 27:161 28:516 29:782 30:2872
level 137: +3141 new (total 5147823) 173s  bylen: 21:1 22:1 23:6 24:7 25:37 26:48 27:257 28:292 29:1412 30:1080
level 138: +4222 new (total 5152045) 173s  bylen: 21:2 22:2 23:4 24:15 25:25 26:81 27:186 28:549 29:753 30:2605
level 139: +3240 new (total 5155285) 173s  bylen: 22:2 23:8 24:8 25:48 26:61 27:252 28:305 29:1451 30:1105
level 140: +4352 new (total 5159637) 173s  bylen: 19:1 22:3 23:7 24:11 25:28 26:88 27:220 28:584 29:750 30:2660
level 141: +3817 new (total 5163454) 173s  bylen: 20:1 21:1 22:2 23:5 24:13 25:56 26:63 27:317 28:387 29:1650 30:1322
level 142: +5364 new (total 5168818) 173s  bylen: 21:3 22:2 23:9 24:10 25:44 26:103 27:263 28:661 29:963 30:3306
level 143: +4101 new (total 5172919) 173s  bylen: 23:5 24:12 25:49 26:55 27:341 28:381 29:1858 30:1400
level 144: +5442 new (total 5178361) 173s  bylen: 22:2 23:6 24:10 25:32 26:99 27:184 28:603 29:884 30:3622
level 145: +3531 new (total 5181892) 174s  bylen: 23:4 24:5 25:49 26:49 27:305 28:277 29:1724 30:1118
level 146: +4863 new (total 5186755) 174s  bylen: 20:1 23:1 24:15 25:26 26:77 27:161 28:530 29:717 30:3335
level 147: +3084 new (total 5189839) 174s  bylen: 21:1 23:9 24:6 25:39 26:41 27:293 28:227 29:1557 30:911
level 148: +4391 new (total 5194230) 174s  bylen: 22:2 23:1 24:12 25:25 26:93 27:133 28:526 29:551 30:3048
level 149: +2550 new (total 5196780) 174s  bylen: 22:1 23:5 24:3 25:41 26:27 27:238 28:164 29:1307 30:764
level 150: +3571 new (total 5200351) 174s  bylen: 22:1 23:1 24:9 25:19 26:78 27:123 28:479 29:500 30:2361
level 151: +2212 new (total 5202563) 174s  bylen: 23:5 24:3 25:28 26:34 27:241 28:141 29:1074 30:686
level 152: +3105 new (total 5205668) 174s  bylen: 22:1 23:2 24:10 25:16 26:57 27:111 28:461 29:439 30:2008
level 153: +2063 new (total 5207731) 174s  bylen: 23:3 24:3 25:36 26:30 27:189 28:149 29:1016 30:637
level 154: +2913 new (total 5210644) 174s  bylen: 22:2 24:5 25:18 26:66 27:97 28:441 29:398 30:1886
level 155: +1987 new (total 5212631) 174s  bylen: 23:4 24:3 25:32 26:30 27:207 28:131 29:1006 30:574
level 156: +2983 new (total 5215614) 174s  bylen: 22:1 23:1 24:11 25:13 26:65 27:99 28:428 29:374 30:1991
level 157: +2014 new (total 5217628) 174s  bylen: 21:1 23:5 24:3 25:27 26:24 27:210 28:150 29:1039 30:555
level 158: +3180 new (total 5220808) 174s  bylen: 23:2 24:16 25:13 26:64 27:109 28:446 29:372 30:2158
level 159: +2079 new (total 5222887) 174s  bylen: 21:3 23:1 24:5 25:32 26:22 27:216 28:181 29:1025 30:594
level 160: +3271 new (total 5226158) 174s  bylen: 22:1 23:2 24:11 25:18 26:99 27:104 28:443 29:453 30:2140
level 161: +2178 new (total 5228336) 175s  bylen: 21:2 23:6 24:5 25:30 26:25 27:235 28:178 29:1082 30:615
level 162: +3360 new (total 5231696) 175s  bylen: 22:1 23:3 24:13 25:15 26:92 27:104 28:523 29:467 30:2142
level 163: +2176 new (total 5233872) 175s  bylen: 21:1 23:5 24:2 25:38 26:31 27:223 28:136 29:1156 30:584
level 164: +3213 new (total 5237085) 175s  bylen: 21:1 22:1 23:1 24:14 25:13 26:79 27:96 28:512 29:393 30:2103
level 165: +2054 new (total 5239139) 175s  bylen: 23:6 25:38 26:25 27:217 28:119 29:1151 30:498
level 166: +3052 new (total 5242191) 175s  bylen: 21:1 22:2 23:2 24:9 25:12 26:74 27:85 28:478 29:326 30:2063
level 167: +1888 new (total 5244079) 175s  bylen: 21:1 23:4 25:29 26:24 27:244 28:80 29:1090 30:416
level 168: +2966 new (total 5247045) 175s  bylen: 22:3 23:3 24:7 25:17 26:78 27:78 28:472 29:310 30:1998
level 169: +1834 new (total 5248879) 175s  bylen: 21:1 23:3 25:39 26:23 27:241 28:65 29:1111 30:351
level 170: +2836 new (total 5251715) 175s  bylen: 22:4 23:2 24:5 25:14 26:79 27:89 28:493 29:304 30:1846
level 171: +1943 new (total 5253658) 175s  bylen: 23:7 24:1 25:31 26:18 27:242 28:80 29:1183 30:381
level 172: +2834 new (total 5256492) 175s  bylen: 22:2 23:1 24:9 25:18 26:71 27:82 28:482 29:333 30:1836
level 173: +1878 new (total 5258370) 175s  bylen: 23:5 24:1 25:30 26:20 27:246 28:93 29:1063 30:420
level 174: +2666 new (total 5261036) 175s  bylen: 23:1 24:9 25:13 26:65 27:102 28:413 29:339 30:1724
level 175: +1784 new (total 5262820) 175s  bylen: 23:4 24:1 25:32 26:23 27:194 28:113 29:937 30:480
level 176: +2390 new (total 5265210) 175s  bylen: 22:1 24:4 25:13 26:60 27:100 28:339 29:356 30:1517
level 177: +1610 new (total 5266820) 175s  bylen: 23:2 24:2 25:28 26:24 27:172 28:114 29:748 30:520
level 178: +2055 new (total 5268875) 175s  bylen: 22:2 23:1 24:3 25:11 26:51 27:81 28:282 29:359 30:1265
level 179: +1465 new (total 5270340) 175s  bylen: 23:1 24:1 25:23 26:27 27:184 28:111 29:640 30:478
level 180: +1911 new (total 5272251) 175s  bylen: 22:2 24:6 25:16 26:45 27:69 28:254 29:306 30:1213
level 181: +1392 new (total 5273643) 175s  bylen: 23:3 24:1 25:20 26:21 27:164 28:87 29:658 30:438
level 182: +1820 new (total 5275463) 176s  bylen: 22:1 24:5 25:11 26:59 27:74 28:243 29:259 30:1168
level 183: +1344 new (total 5276807) 176s  bylen: 21:1 23:2 24:2 25:23 26:21 27:161 28:86 29:628 30:420
level 184: +1827 new (total 5278634) 176s  bylen: 24:7 25:10 26:52 27:68 28:239 29:279 30:1172
level 185: +1232 new (total 5279866) 176s  bylen: 21:1 23:5 24:2 25:18 26:20 27:158 28:82 29:587 30:359
level 186: +1755 new (total 5281621) 176s  bylen: 22:1 24:3 25:12 26:48 27:67 28:238 29:312 30:1074
level 187: +1234 new (total 5282855) 176s  bylen: 23:6 24:2 25:19 26:18 27:163 28:81 29:564 30:381
level 188: +1662 new (total 5284517) 176s  bylen: 22:1 24:4 25:14 26:44 27:64 28:259 29:291 30:985
level 189: +1249 new (total 5285766) 176s  bylen: 23:4 24:2 25:22 26:19 27:143 28:84 29:590 30:385
level 190: +1719 new (total 5287485) 176s  bylen: 23:2 24:9 25:10 26:36 27:57 28:294 29:268 30:1043
level 191: +1275 new (total 5288760) 176s  bylen: 23:4 24:3 25:21 26:19 27:133 28:96 29:632 30:367
level 192: +1816 new (total 5290576) 176s  bylen: 23:2 24:7 25:14 26:45 27:68 28:293 29:264 30:1123
level 193: +1351 new (total 5291927) 176s  bylen: 23:2 24:6 25:20 26:22 27:144 28:101 29:646 30:410
level 194: +1812 new (total 5293739) 176s  bylen: 23:3 24:6 25:19 26:38 27:76 28:268 29:334 30:1068
level 195: +1391 new (total 5295130) 176s  bylen: 23:2 24:4 25:12 26:31 27:143 28:120 29:588 30:491
level 196: +1592 new (total 5296722) 176s  bylen: 23:2 24:3 25:18 26:43 27:90 28:219 29:357 30:860
level 197: +1314 new (total 5298036) 176s  bylen: 23:2 25:15 26:29 27:119 28:104 29:524 30:521
level 198: +1396 new (total 5299432) 176s  bylen: 24:5 25:9 26:35 27:87 28:214 29:269 30:777
level 199: +1090 new (total 5300522) 176s  bylen: 23:2 25:15 26:19 27:112 28:66 29:484 30:392
level 200: +1295 new (total 5301817) 176s  bylen: 24:5 25:3 26:32 27:45 28:228 29:174 30:808
level 201: +827 new (total 5302644) 176s  bylen: 23:1 25:17 26:8 27:108 28:34 29:454 30:205
level 202: +1223 new (total 5303867) 176s  bylen: 23:1 24:5 25:3 26:33 27:16 28:253 29:82 30:830
level 203: +720 new (total 5304587) 176s  bylen: 25:18 26:7 27:110 28:16 29:452 30:117
level 204: +1249 new (total 5305836) 176s  bylen: 23:2 24:5 25:5 26:31 27:23 28:258 29:50 30:875
level 205: +756 new (total 5306592) 176s  bylen: 23:1 25:12 26:8 27:111 28:24 29:474 30:126
level 206: +1237 new (total 5307829) 176s  bylen: 24:5 25:13 26:33 27:23 28:230 29:69 30:864
level 207: +760 new (total 5308589) 176s  bylen: 23:2 25:9 26:7 27:108 28:29 29:478 30:127
level 208: +1199 new (total 5309788) 176s  bylen: 24:8 25:4 26:33 27:21 28:211 29:88 30:834
level 209: +748 new (total 5310536) 176s  bylen: 23:2 24:1 25:13 26:8 27:110 28:26 29:460 30:128
level 210: +1194 new (total 5311730) 176s  bylen: 22:1 24:5 25:2 26:41 27:23 28:222 29:92 30:808
level 211: +775 new (total 5312505) 176s  bylen: 23:3 24:1 25:17 26:9 27:113 28:35 29:457 30:140
level 212: +1274 new (total 5313779) 176s  bylen: 22:1 24:3 25:6 26:47 27:29 28:235 29:101 30:852
level 213: +882 new (total 5314661) 176s  bylen: 23:5 25:13 26:11 27:139 28:41 29:481 30:192
level 214: +1438 new (total 5316099) 176s  bylen: 22:1 24:4 25:7 26:46 27:39 28:284 29:110 30:947
level 215: +1035 new (total 5317134) 176s  bylen: 23:3 25:20 26:14 27:134 28:42 29:581 30:241
level 216: +1528 new (total 5318662) 176s  bylen: 24:8 25:2 26:39 27:38 28:310 29:143 30:988
level 217: +938 new (total 5319600) 177s  bylen: 23:3 25:21 26:10 27:106 28:48 29:565 30:185
level 218: +1419 new (total 5321019) 177s  bylen: 24:6 25:1 26:43 27:34 28:253 29:119 30:963
level 219: +793 new (total 5321812) 177s  bylen: 23:2 25:17 26:3 27:113 28:32 29:512 30:114
level 220: +1290 new (total 5323102) 177s  bylen: 24:8 25:2 26:38 27:20 28:263 29:68 30:891
level 221: +689 new (total 5323791) 177s  bylen: 23:2 25:17 26:1 27:109 28:14 29:479 30:67
level 222: +1192 new (total 5324983) 177s  bylen: 24:7 25:2 26:34 27:5 28:247 29:36 30:861
level 223: +608 new (total 5325591) 177s  bylen: 23:1 25:19 26:4 27:93 28:3 29:470 30:18
level 224: +1160 new (total 5326751) 177s  bylen: 24:6 26:32 27:3 28:228 29:16 30:875
level 225: +560 new (total 5327311) 177s  bylen: 25:14 26:2 27:103 28:2 29:429 30:10
level 226: +1078 new (total 5328389) 177s  bylen: 24:4 26:27 27:6 28:199 29:2 30:840
level 227: +457 new (total 5328846) 177s  bylen: 25:10 26:1 27:90 28:2 29:336 30:18
level 228: +846 new (total 5329692) 177s  bylen: 24:2 26:21 27:3 28:143 29:5 30:672
level 229: +325 new (total 5330017) 177s  bylen: 23:1 25:6 26:1 27:70 28:3 29:234 30:10
level 230: +662 new (total 5330679) 177s  bylen: 24:3 26:17 27:4 28:118 29:6 30:514
level 231: +317 new (total 5330996) 177s  bylen: 23:1 25:5 26:1 27:61 28:3 29:235 30:11
level 232: +604 new (total 5331600) 177s  bylen: 24:5 26:17 27:2 28:127 29:7 30:446
level 233: +335 new (total 5331935) 177s  bylen: 23:1 25:5 26:2 27:57 28:1 29:260 30:9
level 234: +592 new (total 5332527) 177s  bylen: 24:3 26:26 27:3 28:121 29:6 30:433
level 235: +347 new (total 5332874) 177s  bylen: 25:8 26:1 27:52 28:2 29:266 30:18
level 236: +587 new (total 5333461) 177s  bylen: 24:3 25:1 26:24 27:5 28:115 29:4 30:435
level 237: +337 new (total 5333798) 177s  bylen: 25:6 26:2 27:56 28:6 29:233 30:34
level 238: +567 new (total 5334365) 177s  bylen: 24:2 25:1 26:20 27:4 28:105 29:14 30:421
level 239: +324 new (total 5334689) 177s  bylen: 25:8 26:5 27:50 28:6 29:220 30:35
level 240: +559 new (total 5335248) 177s  bylen: 24:2 26:18 27:8 28:99 29:21 30:411
level 241: +312 new (total 5335560) 177s  bylen: 25:8 26:4 27:44 28:6 29:212 30:38
level 242: +553 new (total 5336113) 177s  bylen: 24:1 25:1 26:23 27:8 28:89 29:7 30:424
level 243: +307 new (total 5336420) 177s  bylen: 25:8 26:3 27:45 28:3 29:203 30:45
level 244: +546 new (total 5336966) 177s  bylen: 25:1 26:23 27:6 28:95 29:12 30:409
level 245: +281 new (total 5337247) 177s  bylen: 25:7 26:4 27:36 28:6 29:189 30:39
level 246: +472 new (total 5337719) 177s  bylen: 25:1 26:17 27:6 28:87 29:13 30:348
level 247: +235 new (total 5337954) 177s  bylen: 25:4 26:3 27:38 28:8 29:146 30:36
level 248: +400 new (total 5338354) 177s  bylen: 24:1 25:1 26:17 27:5 28:58 29:9 30:309
level 249: +237 new (total 5338591) 177s  bylen: 25:4 26:5 27:34 28:3 29:157 30:34
level 250: +390 new (total 5338981) 177s  bylen: 24:1 25:2 26:15 27:3 28:72 29:14 30:283
level 251: +248 new (total 5339229) 177s  bylen: 25:7 26:4 27:34 28:4 29:152 30:47
level 252: +435 new (total 5339664) 177s  bylen: 24:1 25:1 26:16 27:10 28:62 29:18 30:327
level 253: +275 new (total 5339939) 177s  bylen: 25:6 26:4 27:43 28:12 29:154 30:56
level 254: +486 new (total 5340425) 177s  bylen: 26:19 27:9 28:61 29:21 30:376
level 255: +255 new (total 5340680) 177s  bylen: 25:5 26:1 27:45 28:12 29:152 30:40
level 256: +443 new (total 5341123) 177s  bylen: 26:14 27:3 28:71 29:10 30:345
level 257: +180 new (total 5341303) 177s  bylen: 25:4 27:30 28:2 29:126 30:18
level 258: +325 new (total 5341628) 177s  bylen: 26:16 28:46 29:2 30:261
level 259: +135 new (total 5341763) 177s  bylen: 25:5 27:24 28:1 29:105
level 260: +293 new (total 5342056) 177s  bylen: 24:1 26:11 28:42 30:239
level 261: +137 new (total 5342193) 177s  bylen: 25:6 27:32 29:99
level 262: +336 new (total 5342529) 177s  bylen: 24:2 26:9 28:67 30:258
level 263: +156 new (total 5342685) 177s  bylen: 25:7 27:31 29:118
level 264: +336 new (total 5343021) 177s  bylen: 24:3 26:15 28:66 30:252
level 265: +204 new (total 5343225) 177s  bylen: 25:8 27:31 29:165
level 266: +388 new (total 5343613) 177s  bylen: 24:2 26:22 28:75 30:289
level 267: +238 new (total 5343851) 177s  bylen: 25:10 27:37 29:191
level 268: +441 new (total 5344292) 177s  bylen: 24:1 26:25 28:75 30:340
level 269: +224 new (total 5344516) 177s  bylen: 25:7 27:43 29:174
level 270: +424 new (total 5344940) 177s  bylen: 24:1 26:28 28:58 30:337
level 271: +205 new (total 5345145) 177s  bylen: 25:6 27:43 29:156
level 272: +382 new (total 5345527) 177s  bylen: 24:2 26:14 28:75 30:291
level 273: +171 new (total 5345698) 177s  bylen: 25:7 27:39 29:125
level 274: +396 new (total 5346094) 177s  bylen: 24:1 26:19 28:70 30:306
level 275: +191 new (total 5346285) 177s  bylen: 25:9 27:42 29:140
level 276: +460 new (total 5346745) 177s  bylen: 26:24 28:71 30:365
level 277: +223 new (total 5346968) 177s  bylen: 25:4 27:54 29:165
level 278: +466 new (total 5347434) 177s  bylen: 26:18 28:87 30:361
level 279: +159 new (total 5347593) 177s  bylen: 25:1 27:39 29:119
level 280: +285 new (total 5347878) 177s  bylen: 26:7 28:54 30:224
level 281: +85 new (total 5347963) 177s  bylen: 25:2 27:17 29:66
level 282: +166 new (total 5348129) 177s  bylen: 26:5 28:25 30:136
level 283: +70 new (total 5348199) 177s  bylen: 25:3 27:17 29:50
level 284: +177 new (total 5348376) 177s  bylen: 26:6 28:27 30:144
level 285: +79 new (total 5348455) 177s  bylen: 25:2 27:18 29:59
level 286: +168 new (total 5348623) 177s  bylen: 26:12 28:25 30:131
level 287: +80 new (total 5348703) 177s  bylen: 25:1 27:16 29:63
level 288: +134 new (total 5348837) 177s  bylen: 26:7 28:25 30:102
level 289: +58 new (total 5348895) 177s  bylen: 25:1 27:14 29:43
level 290: +121 new (total 5349016) 177s  bylen: 26:6 28:16 30:99
level 291: +50 new (total 5349066) 177s  bylen: 25:2 27:13 29:35
level 292: +132 new (total 5349198) 177s  bylen: 26:4 28:22 30:106
level 293: +51 new (total 5349249) 177s  bylen: 25:1 27:17 29:33
level 294: +133 new (total 5349382) 177s  bylen: 26:4 28:28 30:101
level 295: +41 new (total 5349423) 177s  bylen: 27:12 29:29
level 296: +83 new (total 5349506) 177s  bylen: 26:3 28:19 30:61
level 297: +26 new (total 5349532) 177s  bylen: 27:4 29:22
level 298: +36 new (total 5349568) 177s  bylen: 26:2 28:9 30:25
level 299: +13 new (total 5349581) 177s  bylen: 27:3 29:10
level 300: +23 new (total 5349604) 177s  bylen: 26:1 28:3 30:19
level 301: +8 new (total 5349612) 177s  bylen: 27:2 29:6
level 302: +13 new (total 5349625) 177s  bylen: 26:1 28:1 30:11
level 303: +4 new (total 5349629) 177s  bylen: 27:1 29:3
level 304: +6 new (total 5349635) 177s  bylen: 26:1 28:1 30:4
level 305: +4 new (total 5349639) 177s  bylen: 27:2 29:2
level 306: +10 new (total 5349649) 177s  bylen: 28:2 30:8
level 307: +3 new (total 5349652) 177s  bylen: 27:2 29:1
level 308: +9 new (total 5349661) 177s  bylen: 28:2 30:7
level 309: +1 new (total 5349662) 177s  bylen: 29:1
level 310: +1 new (total 5349663) 177s  bylen: 28:1
level 311: +1 new (total 5349664) 177s  bylen: 29:1
level 312: +0 new (total 5349664) 177s  bylen:
RESULT start=XyyxYYY|XXXYxxy cap=30 conj=8 nosym=0 states=5349664 levels=312 complete=1 hit=1 overflow=0 time=177s
states by total length: 14:2 15:4 16:11 17:51 18:79 19:324 20:455 21:1751 22:2687 23:9818 24:15284 25:54494 26:88357 27:307268 28:500003 29:1664052 30:2705024
