start xxxyXXY|xyyXYYY cap=29 conj=8 nosym=0 threads=4 maxstates=150000000
target 0: xyxYXY|xxxxYYY
target 1: xxxyXXY|xyyXYYY
target 2: xxxyXXy|xyyXYYY
target 3: x|y
target 4: xxyXy|xyyyyyxYY
target 5: xxxxyXy|xyyyxYY
target 6: xxyxxYY|xyXYYXy
start equals target 1
level 1: +3978 new (total 3979) 0s  bylen: 17:4 19:12 21:42 23:80 25:312 27:864 29:2664
level 2: +10854 new (total 14833) 0s  bylen: 16:1 18:4 19:2 20:20 21:4 22:110 23:22 24:486 25:76 26:1882 27:274 28:7155 29:818
level 3: +35458 new (total 50291) 0s  bylen: 17:2 19:7 21:46 22:6 23:271 24:17 25:1260 26:51 27:6161 28:172 29:27465
level 4: +18834 new (total 69125) 1s  bylen: 18:3 20:14 21:6 22:81 23:12 24:479 25:80 26:2703 27:285 28:14125 29:1046
level 5: +39274 new (total 108399) 2s  bylen: 17:2 19:3 20:1 21:20 22:2 23:174 24:3 25:993 26:29 27:5771 28:84 29:32192
level 6: +15371 new (total 123770) 3s  bylen: 18:3 19:1 20:10 21:4 22:58 23:18 24:316 25:80 26:2015 27:221 28:11860 29:785
level 7: +32594 new (total 156364) 4s  bylen: 17:2 19:2 20:1 21:25 22:7 23:145 24:11 25:750 26:48 27:4619 28:184 29:26800
level 8: +13610 new (total 169974) 5s  bylen: 18:3 19:1 20:9 21:5 22:57 23:23 24:298 25:96 26:1664 27:377 28:9731 29:1346
level 9: +29164 new (total 199138) 5s  bylen: 17:2 19:3 21:24 22:2 23:143 24:21 25:738 26:57 27:4181 28:181 29:23812
level 10: +13125 new (total 212263) 6s  bylen: 18:5 19:1 20:10 21:5 22:61 23:13 24:307 25:82 26:1682 27:297 28:9551 29:1111
level 11: +30653 new (total 242916) 6s  bylen: 15:1 17:1 18:1 19:9 21:37 22:7 23:163 24:17 25:853 26:39 27:4613 28:186 29:24726
level 12: +18920 new (total 261836) 7s  bylen: 16:2 17:1 18:2 19:4 20:25 21:30 22:99 23:95 24:438 25:274 26:2231 27:944 28:11704 29:3071
level 13: +47590 new (total 309426) 8s  bylen: 17:4 19:15 20:4 21:56 22:15 23:337 24:61 25:1601 26:221 27:7516 28:795 29:36965
level 14: +28828 new (total 338254) 9s  bylen: 16:1 18:2 19:2 20:22 21:25 22:99 23:92 24:522 25:405 26:2884 27:1730 28:15694 29:7350
level 15: +48977 new (total 387231) 10s  bylen: 17:3 18:1 19:10 20:3 21:44 22:7 23:262 24:23 25:1322 26:125 27:7151 28:565 29:39461
level 16: +24701 new (total 411932) 12s  bylen: 16:1 18:4 19:6 20:14 21:27 22:103 23:81 24:469 25:323 26:2420 27:1469 28:13438 29:6346
level 17: +47650 new (total 459582) 13s  bylen: 16:1 17:2 18:3 19:10 20:3 21:50 22:29 23:256 24:154 25:1326 26:620 27:6826 28:2429 29:35941
level 18: +33585 new (total 493167) 15s  bylen: 16:1 18:1 19:13 20:18 21:48 22:84 23:170 24:467 25:651 26:2555 27:2927 28:14155 29:12495
level 19: +50483 new (total 543650) 16s  bylen: 18:1 19:7 20:10 21:41 22:57 23:219 24:301 25:1132 26:1515 27:6166 28:6830 29:34204
level 20: +34081 new (total 577731) 18s  bylen: 18:4 19:5 20:7 21:26 22:56 23:90 24:348 25:558 26:2060 27:3138 28:11682 29:16107
level 21: +39892 new (total 617623) 18s  bylen: 17:1 18:1 19:15 20:10 21:38 22:33 23:194 24:193 25:909 26:982 27:4903 28:5317 29:27296
level 22: +39605 new (total 657228) 20s  bylen: 17:3 18:7 19:14 20:15 21:41 22:97 23:244 24:398 25:984 26:2194 27:4467 28:11245 29:19896
level 23: +80287 new (total 737515) 21s  bylen: 15:1 17:3 18:1 19:20 20:12 21:114 22:59 23:546 24:291 25:2589 26:1232 27:12023 28:6158 29:57238
level 24: +108395 new (total 845910) 23s  bylen: 17:1 18:5 19:13 20:20 21:91 22:125 23:551 24:652 25:2823 26:3460 27:14220 28:17368 29:69066
level 25: +149628 new (total 995538) 26s  bylen: 19:16 21:82 22:10 23:581 24:92 25:3713 26:795 27:21144 28:5333 29:117862
level 26: +112185 new (total 1107723) 30s  bylen: 18:2 19:2 20:8 21:26 22:66 23:252 24:394 25:1780 26:2461 27:12277 28:15583 29:79334
level 27: +100349 new (total 1208072) 33s  bylen: 19:5 21:34 22:2 23:245 24:6 25:1779 26:125 27:12596 28:1172 29:84385
level 28: +52869 new (total 1260941) 36s  bylen: 18:1 20:9 21:2 22:43 23:65 24:274 25:483 26:1645 27:4571 28:10088 29:35688
level 29: +47333 new (total 1308274) 38s  bylen: 19:4 21:17 23:127 24:2 25:817 26:16 27:5748 28:232 29:40370
level 30: +20210 new (total 1328484) 39s  bylen: 18:1 20:9 21:1 22:37 23:5 24:233 25:117 26:1346 27:996 28:8168 29:9297
level 31: +27489 new (total 1355973) 39s  bylen: 17:1 19:2 21:18 23:104 24:1 25:602 26:14 27:3714 28:51 29:22982
level 32: +12041 new (total 1368014) 40s  bylen: 18:2 20:10 21:1 22:45 23:8 24:257 25:40 26:1364 27:272 28:7825 29:2217
level 33: +25494 new (total 1393508) 40s  bylen: 17:1 19:4 21:28 22:1 23:110 24:3 25:684 26:8 27:3699 28:30 29:20926
level 34: +11989 new (total 1405497) 41s  bylen: 16:1 18:1 19:1 20:10 21:7 22:60 23:15 24:315 25:44 26:1592 27:175 28:9034 29:734
level 35: +29767 new (total 1435264) 41s  bylen: 17:2 19:9 20:2 21:29 22:2 23:170 24:25 25:875 26:65 27:4493 28:224 29:23871
level 36: +15690 new (total 1450954) 42s  bylen: 18:2 19:3 20:17 21:6 22:67 23:27 24:406 25:140 26:2059 27:445 28:11022 29:1496
level 37: +34389 new (total 1485343) 42s  bylen: 19:5 20:5 21:29 22:7 23:152 24:40 25:878 26:134 27:5045 28:512 29:27582
level 38: +14850 new (total 1500193) 43s  bylen: 18:1 19:1 20:3 21:6 22:51 23:30 24:261 25:136 26:1681 27:605 28:9960 29:2115
level 39: +26049 new (total 1526242) 43s  bylen: 19:1 21:20 22:10 23:112 24:39 25:627 26:211 27:3480 28:760 29:20789
level 40: +11689 new (total 1537931) 44s  bylen: 19:3 20:4 21:3 22:32 23:27 24:237 25:163 26:1359 27:661 28:7344 29:1856
level 41: +22754 new (total 1560685) 44s  bylen: 19:3 20:1 21:15 22:8 23:105 24:46 25:564 26:232 27:3231 28:941 29:17608
level 42: +13107 new (total 1573792) 45s  bylen: 19:1 20:3 21:4 22:31 23:40 24:215 25:234 26:1178 27:1048 28:6581 29:3772
level 43: +22728 new (total 1596520) 45s  bylen: 19:1 21:12 22:6 23:91 24:32 25:583 26:176 27:3224 28:930 29:17673
level 44: +12127 new (total 1608647) 46s  bylen: 19:1 20:4 21:1 22:31 23:28 24:198 25:120 26:1123 27:734 28:6499 29:3388
level 45: +21395 new (total 1630042) 46s  bylen: 18:1 19:2 21:18 22:3 23:91 24:22 25:552 26:142 27:3050 28:798 29:16716
level 46: +12596 new (total 1642638) 47s  bylen: 18:1 19:3 20:5 21:5 22:37 23:39 24:206 25:192 26:1264 27:802 28:6889 29:3153
level 47: +24694 new (total 1667332) 47s  bylen: 19:3 20:3 21:17 22:18 23:98 24:85 25:603 26:423 27:3525 28:1751 29:18168
level 48: +16198 new (total 1683530) 48s  bylen: 20:7 21:3 22:43 23:26 24:214 25:220 26:1358 27:1149 28:7698 29:5480
level 49: +24392 new (total 1707922) 48s  bylen: 19:1 21:12 22:1 23:99 24:37 25:552 26:250 27:3321 28:1524 29:18595
level 50: +11565 new (total 1719487) 49s  bylen: 20:3 21:1 22:28 23:9 24:204 25:60 26:1233 27:443 28:7024 29:2560
level 51: +20131 new (total 1739618) 49s  bylen: 21:8 22:2 23:72 24:12 25:473 26:77 27:2767 28:460 29:16260
level 52: +8602 new (total 1748220) 50s  bylen: 20:1 21:1 22:22 23:14 24:132 25:49 26:1035 27:271 28:5944 29:1133
level 53: +16702 new (total 1764922) 50s  bylen: 20:1 21:6 22:1 23:58 24:10 25:370 26:57 27:2239 28:309 29:13651
level 54: +7564 new (total 1772486) 50s  bylen: 19:1 20:2 21:2 22:14 23:8 24:121 25:61 26:860 27:280 28:5132 29:1083
level 55: +15304 new (total 1787790) 50s  bylen: 20:2 21:6 22:4 23:54 24:11 25:335 26:101 27:2068 28:402 29:12321
level 56: +7455 new (total 1795245) 51s  bylen: 19:1 20:2 21:3 22:20 23:12 24:108 25:90 26:798 27:417 28:4762 29:1242
level 57: +14858 new (total 1810103) 51s  bylen: 19:1 20:1 21:6 22:4 23:56 24:21 25:371 26:93 27:2090 28:483 29:11732
level 58: +7588 new (total 1817691) 51s  bylen: 20:5 21:3 22:18 23:20 24:118 25:91 26:854 27:427 28:4722 29:1330
level 59: +15510 new (total 1833201) 51s  bylen: 21:9 22:2 23:64 24:17 25:386 26:95 27:2266 28:420 29:12251
level 60: +7411 new (total 1840612) 52s  bylen: 22:23 23:5 24:146 25:55 26:791 27:303 28:4890 29:1198
level 61: +14632 new (total 1855244) 52s  bylen: 21:5 22:1 23:40 24:8 25:336 26:78 27:2130 28:315 29:11719
level 62: +6403 new (total 1861647) 52s  bylen: 20:1 22:9 23:6 24:106 25:37 26:706 27:248 28:4266 29:1024
level 63: +12428 new (total 1874075) 52s  bylen: 21:4 22:2 23:33 24:14 25:269 26:63 27:1774 28:280 29:9989
level 64: +5769 new (total 1879844) 53s  bylen: 20:2 21:2 22:5 23:11 24:85 25:53 26:609 27:238 28:3797 29:967
level 65: +11507 new (total 1891351) 53s  bylen: 20:1 21:6 22:3 23:27 24:18 25:257 26:92 27:1639 28:355 29:9109
level 66: +5828 new (total 1897179) 53s  bylen: 20:1 21:5 22:13 23:12 24:78 25:70 26:631 27:282 28:3615 29:1121
level 67: +11677 new (total 1908856) 53s  bylen: 20:1 21:5 22:2 23:43 24:18 25:266 26:101 27:1680 28:416 29:9145
level 68: +6082 new (total 1914938) 53s  bylen: 20:1 21:3 22:12 23:17 24:100 25:68 26:630 27:310 28:3772 29:1169
level 69: +12081 new (total 1927019) 53s  bylen: 19:1 20:1 21:6 22:7 23:44 24:13 25:256 26:99 27:1757 28:422 29:9475
level 70: +6608 new (total 1933627) 54s  bylen: 20:4 21:4 22:15 23:19 24:97 25:69 26:675 27:364 28:4006 29:1355
level 71: +13046 new (total 1946673) 54s  bylen: 19:1 20:1 21:10 22:5 23:67 24:22 25:284 26:107 27:1855 28:416 29:10278
level 72: +7026 new (total 1953699) 54s  bylen: 20:2 21:3 22:11 23:20 24:119 25:87 26:693 27:411 28:4144 29:1536
level 73: +12739 new (total 1966438) 54s  bylen: 21:4 22:2 23:40 24:21 25:260 26:90 27:1814 28:433 29:10075
level 74: +5690 new (total 1972128) 55s  bylen: 21:1 22:4 23:6 24:74 25:66 26:503 27:360 28:3342 29:1334
level 75: +9916 new (total 1982044) 55s  bylen: 21:2 22:3 23:17 24:11 25:145 26:80 27:1316 28:354 29:7988
level 76: +4347 new (total 1986391) 55s  bylen: 22:5 23:9 24:35 25:59 26:371 27:242 28:2507 29:1119
level 77: +7851 new (total 1994242) 55s  bylen: 21:1 22:1 23:15 24:11 25:134 26:76 27:992 28:329 29:6292
level 78: +3792 new (total 1998034) 55s  bylen: 21:2 22:2 23:2 24:31 25:56 26:340 27:243 28:2119 29:997
level 79: +6954 new (total 2004988) 55s  bylen: 22:1 23:14 24:12 25:126 26:71 27:913 28:352 29:5465
level 80: +3550 new (total 2008538) 55s  bylen: 21:3 22:3 23:4 24:37 25:45 26:308 27:253 28:2010 29:887
level 81: +6886 new (total 2015424) 55s  bylen: 21:1 22:3 23:19 24:11 25:125 26:77 27:878 28:345 29:5427
level 82: +3684 new (total 2019108) 55s  bylen: 21:2 22:7 23:11 24:48 25:50 26:313 27:239 28:2090 29:924
level 83: +7342 new (total 2026450) 56s  bylen: 21:2 22:1 23:21 24:17 25:171 26:90 27:912 28:370 29:5758
level 84: +4119 new (total 2030569) 56s  bylen: 21:1 22:6 23:11 24:42 25:59 26:372 27:268 28:2363 29:997
level 85: +7476 new (total 2038045) 56s  bylen: 21:1 22:2 23:18 24:16 25:142 26:98 27:985 28:368 29:5846
level 86: +3910 new (total 2041955) 56s  bylen: 21:5 22:3 23:5 24:36 25:50 26:309 27:278 28:2170 29:1054
level 87: +6807 new (total 2048762) 56s  bylen: 19:1 21:2 22:5 23:17 24:11 25:120 26:111 27:843 28:398 29:5299
level 88: +4025 new (total 2052787) 56s  bylen: 19:3 20:2 21:4 22:4 23:21 24:35 25:72 26:255 27:407 28:1771 29:1451
level 89: +7574 new (total 2060361) 56s  bylen: 17:1 19:2 20:3 21:8 22:4 23:33 24:24 25:174 26:139 27:1060 28:528 29:5598
level 90: +5935 new (total 2066296) 56s  bylen: 18:1 19:3 20:2 21:7 22:10 23:36 24:45 25:174 26:330 27:721 28:1880 29:2726
level 91: +8708 new (total 2075004) 56s  bylen: 19:2 21:8 22:5 23:44 24:26 25:199 26:143 27:1267 28:665 29:6349
level 92: +5328 new (total 2080332) 57s  bylen: 19:1 20:2 21:1 22:6 23:21 24:42 25:117 26:301 27:552 28:1883 29:2402
level 93: +6808 new (total 2087140) 57s  bylen: 21:3 22:1 23:21 24:14 25:159 26:99 27:906 28:414 29:5191
level 94: +3725 new (total 2090865) 57s  bylen: 18:1 21:2 22:3 23:9 24:43 25:57 26:240 27:334 28:1608 29:1428
level 95: +5833 new (total 2096698) 57s  bylen: 19:2 20:2 21:3 22:5 23:12 24:15 25:111 26:77 27:806 28:367 29:4433
level 96: +3744 new (total 2100442) 57s  bylen: 20:1 21:3 22:5 23:18 24:38 25:80 26:265 27:364 28:1716 29:1254
level 97: +5915 new (total 2106357) 57s  bylen: 21:2 22:4 23:9 24:29 25:111 26:145 27:727 28:644 29:4244
level 98: +3366 new (total 2109723) 57s  bylen: 22:2 23:7 24:18 25:52 26:215 27:318 28:1426 29:1328
level 99: +4373 new (total 2114096) 57s  bylen: 21:1 22:1 23:9 24:13 25:51 26:87 27:499 28:448 29:3264
level 100: +2403 new (total 2116499) 57s  bylen: 22:2 23:7 24:14 25:39 26:160 27:207 28:1071 29:903
level 101: +3686 new (total 2120185) 57s  bylen: 22:1 23:11 24:11 25:59 26:55 27:444 28:290 29:2815
level 102: +2178 new (total 2122363) 58s  bylen: 21:1 22:2 23:4 24:13 25:39 26:151 27:200 28:1067 29:701
level 103: +3703 new (total 2126066) 58s  bylen: 22:1 23:9 24:7 25:69 26:67 27:464 28:243 29:2843
level 104: +2270 new (total 2128336) 58s  bylen: 22:2 23:8 24:21 25:37 26:171 27:191 28:1118 29:722
level 105: +4020 new (total 2132356) 58s  bylen: 21:1 22:2 23:11 24:4 25:85 26:55 27:542 28:233 29:3087
level 106: +2442 new (total 2134798) 58s  bylen: 21:2 22:3 23:9 24:33 25:27 26:208 27:206 28:1299 29:655
level 107: +4625 new (total 2139423) 58s  bylen: 20:1 21:3 22:2 23:8 24:13 25:103 26:56 27:603 28:247 29:3589
level 108: +2699 new (total 2142122) 58s  bylen: 21:1 22:4 23:11 24:31 25:61 26:215 27:243 28:1328 29:805
level 109: +4432 new (total 2146554) 58s  bylen: 21:2 22:1 23:6 24:13 25:94 26:64 27:604 28:282 29:3366
level 110: +2391 new (total 2148945) 58s  bylen: 22:3 23:12 24:16 25:37 26:174 27:235 28:1152 29:762
level 111: +3529 new (total 2152474) 58s  bylen: 21:1 23:8 24:9 25:65 26:55 27:451 28:237 29:2703
level 112: +1998 new (total 2154472) 58s  bylen: 21:1 22:4 23:2 24:18 25:40 26:133 27:211 28:893 29:696
level 113: +2931 new (total 2157403) 58s  bylen: 23:11 24:9 25:51 26:35 27:349 28:244 29:2232
level 114: +1678 new (total 2159081) 58s  bylen: 20:1 21:1 22:2 23:1 24:15 25:29 26:98 27:186 28:700 29:645
level 115: +2554 new (total 2161635) 58s  bylen: 21:1 23:14 24:8 25:46 26:38 27:360 28:194 29:1893
level 116: +1679 new (total 2163314) 58s  bylen: 20:2 23:4 24:13 25:21 26:127 27:156 28:762 29:594
level 117: +2702 new (total 2166016) 58s  bylen: 21:2 23:10 24:5 25:75 26:42 27:409 28:157 29:2002
level 118: +1753 new (total 2167769) 58s  bylen: 20:1 22:2 23:3 24:19 25:29 26:153 27:129 28:904 29:513
level 119: +2951 new (total 2170720) 58s  bylen: 21:3 23:10 24:8 25:68 26:36 27:468 28:177 29:2181
level 120: +1763 new (total 2172483) 58s  bylen: 22:2 23:6 24:25 25:27 26:162 27:125 28:939 29:477
level 121: +2930 new (total 2175413) 59s  bylen: 19:1 22:1 23:10 24:10 25:51 26:45 27:470 28:183 29:2159
level 122: +1845 new (total 2177258) 59s  bylen: 20:1 21:2 22:1 23:4 24:23 25:31 26:139 27:161 28:824 29:659
level 123: +2760 new (total 2180018) 59s  bylen: 21:3 22:1 23:9 24:11 25:61 26:55 27:410 28:236 29:1974
level 124: +1749 new (total 2181767) 59s  bylen: 22:1 23:6 24:13 25:32 26:92 27:170 28:705 29:730
level 125: +2171 new (total 2183938) 59s  bylen: 22:1 23:7 24:9 25:47 26:35 27:292 28:187 29:1593
level 126: +1385 new (total 2185323) 59s  bylen: 22:2 23:3 24:12 25:22 26:71 27:154 28:544 29:577
level 127: +1918 new (total 2187241) 59s  bylen: 23:6 24:6 25:37 26:36 27:266 28:180 29:1387
level 128: +1191 new (total 2188432) 59s  bylen: 22:2 23:2 24:11 25:23 26:77 27:114 28:549 29:413
level 129: +1830 new (total 2190262) 59s  bylen: 23:7 24:7 25:46 26:30 27:252 28:151 29:1337
level 130: +1164 new (total 2191426) 59s  bylen: 22:1 23:3 24:12 25:18 26:91 27:105 28:554 29:380
level 131: +1898 new (total 2193324) 59s  bylen: 21:1 23:7 24:8 25:46 26:31 27:286 28:148 29:1371
level 132: +1234 new (total 2194558) 59s  bylen: 23:5 24:14 25:20 26:93 27:116 28:542 29:444
level 133: +1904 new (total 2196462) 59s  bylen: 21:2 23:4 24:7 25:43 26:35 27:258 28:163 29:1392
level 134: +1186 new (total 2197648) 59s  bylen: 22:1 23:7 24:13 25:20 26:84 27:128 28:431 29:502
level 135: +1666 new (total 2199314) 59s  bylen: 21:2 23:3 24:8 25:35 26:35 27:238 28:142 29:1203
level 136: +1113 new (total 2200427) 59s  bylen: 22:2 23:6 24:10 25:30 26:80 27:103 28:385 29:497
level 137: +1461 new (total 2201888) 59s  bylen: 21:1 22:1 23:5 24:7 25:35 26:39 27:210 28:129 29:1034
level 138: +1084 new (total 2202972) 59s  bylen: 21:2 22:2 23:4 24:15 25:22 26:70 27:135 28:355 29:479
level 139: +1446 new (total 2204418) 59s  bylen: 22:2 23:7 24:8 25:45 26:56 27:199 28:181 29:948
level 140: +1204 new (total 2205622) 59s  bylen: 19:1 22:3 23:7 24:10 25:25 26:81 27:193 28:348 29:536
level 141: +1667 new (total 2207289) 59s  bylen: 20:1 21:1 22:2 23:5 24:13 25:54 26:63 27:248 28:305 29:975
level 142: +1548 new (total 2208837) 59s  bylen: 21:3 22:2 23:9 24:9 25:48 26:85 27:240 28:408 29:744
level 143: +1838 new (total 2210675) 59s  bylen: 23:5 24:12 25:48 26:53 27:252 28:284 29:1184
level 144: +1310 new (total 2211985) 59s  bylen: 22:1 23:6 24:9 25:35 26:80 27:161 28:383 29:635
level 145: +1657 new (total 2213642) 59s  bylen: 23:4 24:5 25:47 26:47 27:233 28:167 29:1154
level 146: +1082 new (total 2214724) 59s  bylen: 24:15 25:22 26:62 27:122 28:355 29:506
level 147: +1350 new (total 2216074) 59s  bylen: 23:7 24:3 25:29 26:31 27:209 28:106 29:965
level 148: +861 new (total 2216935) 59s  bylen: 22:1 24:8 25:22 26:67 27:71 28:332 29:360
level 149: +1141 new (total 2218076) 59s  bylen: 23:4 24:3 25:34 26:19 27:177 28:81 29:823
level 150: +782 new (total 2218858) 59s  bylen: 22:1 23:1 24:9 25:17 26:66 27:65 28:306 29:317
level 151: +1078 new (total 2219936) 59s  bylen: 23:5 24:3 25:28 26:23 27:201 28:76 29:742
level 152: +770 new (total 2220706) 59s  bylen: 22:1 23:2 24:10 25:15 26:54 27:75 28:311 29:302
level 153: +986 new (total 2221692) 59s  bylen: 23:3 24:3 25:34 26:20 27:140 28:97 29:689
level 154: +700 new (total 2222392) 59s  bylen: 22:2 24:5 25:18 26:59 27:65 28:254 29:297
level 155: +934 new (total 2223326) 59s  bylen: 23:4 24:3 25:30 26:25 27:151 28:79 29:642
level 156: +678 new (total 2224004) 60s  bylen: 22:1 23:1 24:11 25:11 26:53 27:76 28:236 29:289
level 157: +911 new (total 2224915) 60s  bylen: 21:1 23:5 24:3 25:26 26:19 27:155 28:105 29:597
level 158: +714 new (total 2225629) 60s  bylen: 23:2 24:16 25:13 26:56 27:82 28:267 29:278
level 159: +930 new (total 2226559) 60s  bylen: 21:3 23:1 24:5 25:30 26:21 27:172 28:120 29:578
level 160: +830 new (total 2227389) 60s  bylen: 22:1 23:2 24:11 25:20 26:83 27:88 28:286 29:339
level 161: +1037 new (total 2228426) 60s  bylen: 21:2 23:6 24:5 25:27 26:31 27:180 28:120 29:666
level 162: +922 new (total 2229348) 60s  bylen: 22:1 23:3 24:13 25:18 26:82 27:91 28:342 29:372
level 163: +1100 new (total 2230448) 60s  bylen: 21:1 23:5 24:2 25:39 26:31 27:176 28:107 29:739
level 164: +853 new (total 2231301) 60s  bylen: 21:1 22:1 23:1 24:14 25:13 26:83 27:83 28:332 29:325
level 165: +1094 new (total 2232395) 60s  bylen: 23:6 25:38 26:19 27:169 28:88 29:774
level 166: +712 new (total 2233107) 60s  bylen: 21:1 22:2 23:2 24:9 25:11 26:69 27:66 28:318 29:234
level 167: +1036 new (total 2234143) 60s  bylen: 21:1 23:4 25:31 26:10 27:182 28:48 29:760
level 168: +671 new (total 2234814) 60s  bylen: 22:3 23:3 24:7 25:15 26:76 27:51 28:315 29:201
level 169: +1042 new (total 2235856) 60s  bylen: 21:1 23:3 25:41 26:9 27:207 28:21 29:760
level 170: +690 new (total 2236546) 60s  bylen: 22:4 23:2 24:5 25:12 26:83 27:52 28:335 29:197
level 171: +1104 new (total 2237650) 60s  bylen: 23:7 25:33 26:7 27:216 28:17 29:824
level 172: +690 new (total 2238340) 60s  bylen: 22:2 23:1 24:9 25:16 26:73 27:39 28:361 29:189
level 173: +1089 new (total 2239429) 60s  bylen: 23:5 24:1 25:30 26:6 27:222 28:25 29:800
level 174: +641 new (total 2240070) 60s  bylen: 23:1 24:9 25:8 26:58 27:59 28:306 29:200
level 175: +876 new (total 2240946) 60s  bylen: 23:4 24:1 25:30 26:12 27:149 28:24 29:656
level 176: +521 new (total 2241467) 60s  bylen: 22:1 24:4 25:10 26:39 27:45 28:208 29:214
level 177: +634 new (total 2242101) 60s  bylen: 23:2 24:1 25:25 26:10 27:111 28:33 29:452
level 178: +450 new (total 2242551) 60s  bylen: 22:2 23:1 24:3 25:10 26:38 27:46 28:165 29:185
level 179: +613 new (total 2243164) 60s  bylen: 23:1 24:2 25:23 26:8 27:133 28:40 29:406
level 180: +455 new (total 2243619) 60s  bylen: 22:2 24:6 25:14 26:42 27:29 28:177 29:185
level 181: +702 new (total 2244321) 60s  bylen: 23:3 24:1 25:21 26:17 27:140 28:46 29:474
level 182: +496 new (total 2244817) 60s  bylen: 22:1 24:5 25:11 26:55 27:37 28:189 29:198
level 183: +697 new (total 2245514) 60s  bylen: 21:1 23:2 24:1 25:24 26:17 27:152 28:40 29:460
level 184: +506 new (total 2246020) 60s  bylen: 24:7 25:7 26:52 27:52 28:195 29:193
level 185: +685 new (total 2246705) 60s  bylen: 21:1 23:5 24:2 25:19 26:12 27:150 28:36 29:460
level 186: +509 new (total 2247214) 60s  bylen: 22:1 24:3 25:7 26:50 27:45 28:176 29:227
level 187: +659 new (total 2247873) 60s  bylen: 23:6 24:2 25:18 26:15 27:147 28:35 29:436
level 188: +512 new (total 2248385) 60s  bylen: 22:1 24:4 25:13 26:40 27:36 28:192 29:226
level 189: +641 new (total 2249026) 60s  bylen: 23:4 24:2 25:21 26:12 27:122 28:38 29:442
level 190: +485 new (total 2249511) 60s  bylen: 23:1 24:9 25:9 26:34 27:33 28:209 29:190
level 191: +617 new (total 2250128) 60s  bylen: 23:4 24:2 25:20 26:12 27:120 28:40 29:419
level 192: +447 new (total 2250575) 60s  bylen: 23:2 24:7 25:11 26:42 27:39 28:186 29:160
level 193: +591 new (total 2251166) 60s  bylen: 23:2 24:2 25:18 26:14 27:117 28:49 29:389
level 194: +434 new (total 2251600) 60s  bylen: 23:4 24:6 25:14 26:34 27:45 28:147 29:184
level 195: +563 new (total 2252163) 60s  bylen: 23:2 24:5 25:12 26:17 27:106 28:55 29:366
level 196: +474 new (total 2252637) 60s  bylen: 23:2 24:3 25:17 26:34 27:54 28:130 29:234
level 197: +551 new (total 2253188) 60s  bylen: 23:2 24:5 25:15 26:21 27:87 28:63 29:358
level 198: +488 new (total 2253676) 60s  bylen: 24:5 25:15 26:30 27:54 28:140 29:244
level 199: +510 new (total 2254186) 60s  bylen: 23:2 24:1 25:14 26:23 27:83 28:55 29:332
level 200: +420 new (total 2254606) 60s  bylen: 24:5 25:11 26:30 27:37 28:150 29:187
level 201: +451 new (total 2255057) 60s  bylen: 23:1 25:14 26:15 27:82 28:31 29:308
level 202: +323 new (total 2255380) 60s  bylen: 23:1 24:5 25:4 26:36 27:17 28:165 29:95
level 203: +444 new (total 2255824) 60s  bylen: 25:16 26:5 27:82 28:17 29:324
level 204: +248 new (total 2256072) 60s  bylen: 23:2 24:5 25:4 26:32 27:8 28:157 29:40
level 205: +416 new (total 2256488) 60s  bylen: 23:1 25:11 26:3 27:85 28:5 29:311
level 206: +228 new (total 2256716) 60s  bylen: 24:5 25:13 26:28 27:6 28:142 29:34
level 207: +400 new (total 2257116) 60s  bylen: 23:2 25:8 26:4 27:80 29:306
level 208: +215 new (total 2257331) 60s  bylen: 24:8 25:4 26:28 27:6 28:124 29:45
level 209: +382 new (total 2257713) 60s  bylen: 23:2 25:11 26:4 27:73 28:1 29:291
level 210: +216 new (total 2257929) 60s  bylen: 22:1 24:5 25:2 26:38 27:7 28:133 29:30
level 211: +415 new (total 2258344) 60s  bylen: 23:3 25:14 26:3 27:88 28:1 29:306
level 212: +251 new (total 2258595) 60s  bylen: 22:1 24:3 25:3 26:49 27:7 28:155 29:33
level 213: +456 new (total 2259051) 60s  bylen: 23:5 25:11 26:2 27:105 28:3 29:330
level 214: +269 new (total 2259320) 60s  bylen: 22:1 24:4 25:4 26:41 27:9 28:175 29:35
level 215: +463 new (total 2259783) 60s  bylen: 23:3 25:17 26:3 27:98 28:3 29:339
level 216: +279 new (total 2260062) 60s  bylen: 24:8 25:3 26:33 27:11 28:168 29:56
level 217: +440 new (total 2260502) 60s  bylen: 23:3 25:20 26:3 27:86 28:4 29:324
level 218: +263 new (total 2260765) 60s  bylen: 24:6 25:2 26:39 27:14 28:136 29:66
level 219: +388 new (total 2261153) 60s  bylen: 23:2 24:1 25:16 26:2 27:73 28:4 29:290
level 220: +247 new (total 2261400) 60s  bylen: 24:8 25:3 26:31 27:12 28:138 29:55
level 221: +396 new (total 2261796) 60s  bylen: 23:2 24:1 25:13 26:2 27:71 28:10 29:297
level 222: +243 new (total 2262039) 60s  bylen: 24:7 25:4 26:28 27:7 28:151 29:46
level 223: +396 new (total 2262435) 60s  bylen: 23:1 25:17 26:2 27:59 28:15 29:302
level 224: +206 new (total 2262641) 60s  bylen: 24:6 25:1 26:30 27:5 28:140 29:24
level 225: +345 new (total 2262986) 60s  bylen: 25:15 26:2 27:57 28:3 29:268
level 226: +135 new (total 2263121) 60s  bylen: 24:4 26:22 27:1 28:102 29:6
level 227: +244 new (total 2263365) 60s  bylen: 25:11 26:1 27:41 28:1 29:190
level 228: +91 new (total 2263456) 60s  bylen: 24:2 26:18 27:1 28:66 29:4
level 229: +163 new (total 2263619) 61s  bylen: 23:1 25:7 27:27 28:1 29:127
level 230: +81 new (total 2263700) 61s  bylen: 24:3 26:17 27:1 28:57 29:3
level 231: +181 new (total 2263881) 61s  bylen: 23:1 25:5 27:36 29:139
level 232: +98 new (total 2263979) 61s  bylen: 24:5 26:16 28:73 29:4
level 233: +224 new (total 2264203) 61s  bylen: 23:1 25:7 27:38 29:178
level 234: +115 new (total 2264318) 61s  bylen: 24:3 26:23 28:88 29:1
level 235: +230 new (total 2264548) 61s  bylen: 25:9 27:42 29:179
level 236: +103 new (total 2264651) 61s  bylen: 24:3 26:21 27:1 28:78
level 237: +203 new (total 2264854) 61s  bylen: 25:6 27:39 29:158
level 238: +78 new (total 2264932) 61s  bylen: 24:2 26:10 28:64 29:2
level 239: +151 new (total 2265083) 61s  bylen: 25:7 27:24 29:120
level 240: +65 new (total 2265148) 61s  bylen: 24:2 26:15 28:48
level 241: +162 new (total 2265310) 61s  bylen: 25:7 27:27 29:128
level 242: +74 new (total 2265384) 61s  bylen: 24:1 26:19 28:54
level 243: +163 new (total 2265547) 61s  bylen: 25:7 27:35 29:121
level 244: +67 new (total 2265614) 61s  bylen: 26:16 28:51
level 245: +117 new (total 2265731) 61s  bylen: 25:6 27:21 29:90
level 246: +48 new (total 2265779) 61s  bylen: 26:10 28:38
level 247: +74 new (total 2265853) 61s  bylen: 25:2 27:15 29:57
level 248: +26 new (total 2265879) 61s  bylen: 24:1 26:5 28:20
level 249: +51 new (total 2265930) 61s  bylen: 25:1 27:7 29:43
level 250: +20 new (total 2265950) 61s  bylen: 24:1 26:4 28:15
level 251: +46 new (total 2265996) 61s  bylen: 25:4 27:2 29:40
level 252: +22 new (total 2266018) 61s  bylen: 24:1 26:2 28:19
level 253: +38 new (total 2266056) 61s  bylen: 25:4 27:10 29:24
level 254: +28 new (total 2266084) 61s  bylen: 26:3 28:25
level 255: +39 new (total 2266123) 61s  bylen: 25:5 27:3 29:31
level 256: +30 new (total 2266153) 61s  bylen: 26:5 28:25
level 257: +49 new (total 2266202) 61s  bylen: 25:4 27:3 29:42
level 258: +35 new (total 2266237) 61s  bylen: 26:10 28:25
level 259: +75 new (total 2266312) 61s  bylen: 27:10 29:65
level 260: +21 new (total 2266333) 61s  bylen: 24:1 26:13 28:7
level 261: +92 new (total 2266425) 61s  bylen: 27:12 29:80
level 262: +22 new (total 2266447) 61s  bylen: 24:1 26:6 28:15
level 263: +65 new (total 2266512) 61s  bylen: 25:6 27:7 29:52
level 264: +38 new (total 2266550) 61s  bylen: 24:1 26:5 28:32
level 265: +59 new (total 2266609) 61s  bylen: 25:8 27:10 29:41
level 266: +46 new (total 2266655) 61s  bylen: 26:9 28:37
level 267: +64 new (total 2266719) 61s  bylen: 25:9 27:7 29:48
level 268: +43 new (total 2266762) 61s  bylen: 24:2 26:9 28:32
level 269: +87 new (total 2266849) 61s  bylen: 25:5 27:14 29:68
level 270: +49 new (total 2266898) 61s  bylen: 24:3 26:10 28:36
level 271: +130 new (total 2267028) 61s  bylen: 25:7 27:17 29:106
level 272: +62 new (total 2267090) 61s  bylen: 24:3 26:13 28:46
level 273: +146 new (total 2267236) 61s  bylen: 25:5 27:27 29:114
level 274: +57 new (total 2267293) 61s  bylen: 26:19 28:38
level 275: +108 new (total 2267401) 61s  bylen: 25:5 27:21 29:82
level 276: +31 new (total 2267432) 61s  bylen: 26:10 28:21
level 277: +53 new (total 2267485) 61s  bylen: 25:3 27:8 29:42
level 278: +18 new (total 2267503) 61s  bylen: 24:1 26:8 28:9
level 279: +52 new (total 2267555) 61s  bylen: 25:2 27:6 29:44
level 280: +16 new (total 2267571) 61s  bylen: 24:1 26:7 28:8
level 281: +53 new (total 2267624) 61s  bylen: 25:2 27:8 29:43
level 282: +17 new (total 2267641) 61s  bylen: 26:3 28:14
level 283: +26 new (total 2267667) 61s  bylen: 25:2 27:6 29:18
level 284: +8 new (total 2267675) 61s  bylen: 26:1 28:7
level 285: +6 new (total 2267681) 61s  bylen: 29:6
level 286: +2 new (total 2267683) 61s  bylen: 26:2
level 287: +8 new (total 2267691) 61s  bylen: 29:8
level 288: +1 new (total 2267692) 61s  bylen: 28:1
level 289: +1 new (total 2267693) 61s  bylen: 25:1
level 290: +2 new (total 2267695) 61s  bylen: 28:2
level 291: +1 new (total 2267696) 61s  bylen: 29:1
level 292: +1 new (total 2267697) 61s  bylen: 26:1
level 293: +5 new (total 2267702) 61s  bylen: 27:1 29:4
level 294: +1 new (total 2267703) 61s  bylen: 26:1
level 295: +3 new (total 2267706) 61s  bylen: 27:1 29:2
level 296: +0 new (total 2267706) 61s  bylen:
RESULT start=XyyxYYY|XXXYxxy cap=29 conj=8 nosym=0 states=2267706 levels=296 complete=1 hit=0 overflow=0 time=61s
states by total length: 14:1 15:2 16:8 17:36 18:65 19:267 20:379 21:1461 22:2276 23:8480 24:13201 25:47562 26:76333 27:265569 28:418431 29:1433635
