start xxxyXXy|xyyXYYY cap=30 conj=8 nosym=0 threads=4 maxstates=150000000
target 0: xyxYXY|xxxxYYY
target 1: xxxyXXY|xyyXYYY
target 2: xxxyXXy|xyyXYYY
target 3: x|y
target 4: xxyXy|xyyyyyxYY
target 5: xxxxyXy|xyyyxYY
target 6: xxyxxYY|xyXYYXy
start equals target 2
level 1: +7956 new (total 7957) 0s  bylen: 17:8 19:24 21:84 23:160 25:624 27:1728 29:5328
level 2: +74977 new (total 82934) 0s  bylen: 16:1 18:10 19:2 20:40 21:10 22:218 23:48 24:973 25:148 26:3764 27:546 28:14310 29:1636 30:53271
level 3: +70683 new (total 153617) 2s  bylen: 17:3 19:14 21:84 22:7 23:504 24:24 25:2453 26:67 27:12104 28:238 29:54297 30:888
level 4: +177174 new (total 330791) 4s  bylen: 18:5 20:28 21:7 22:150 23:25 24:919 25:123 26:5162 27:466 28:27328 29:1577 30:141384
level 5: +75904 new (total 406695) 9s  bylen: 17:3 19:4 20:1 21:34 22:3 23:321 24:9 25:1868 26:38 27:11019 28:120 29:61949 30:535
level 6: +155249 new (total 561944) 11s  bylen: 18:3 19:1 20:10 21:7 22:81 23:21 24:489 25:120 26:3472 27:339 28:21707 29:1121 30:127878
level 7: +51144 new (total 613088) 15s  bylen: 17:2 19:1 20:1 21:27 22:7 23:148 24:14 25:931 26:67 27:6688 28:223 29:42306 30:729
level 8: +93869 new (total 706957) 17s  bylen: 18:3 19:1 20:6 21:7 22:60 23:20 24:290 25:129 26:1700 27:452 28:11553 29:1759 30:77889
level 9: +31653 new (total 738610) 19s  bylen: 17:2 18:1 19:5 20:1 21:19 22:5 23:143 24:20 25:731 26:68 27:4186 28:181 29:25626 30:665
level 10: +70653 new (total 809263) 20s  bylen: 18:5 19:5 20:17 21:11 22:64 23:48 24:326 25:179 26:1713 27:624 28:9623 29:2276 30:55762
level 11: +45351 new (total 854614) 21s  bylen: 15:1 17:1 18:2 19:10 20:8 21:48 22:40 23:206 24:159 25:1033 26:580 27:5227 28:2276 29:27447 30:8313
level 12: +108987 new (total 963601) 23s  bylen: 16:2 17:2 18:2 19:7 20:24 21:48 22:117 23:200 24:556 25:757 26:2814 27:3238 28:14232 29:13202 30:73786
level 13: +105439 new (total 1069040) 26s  bylen: 17:3 18:1 19:14 20:16 21:63 22:64 23:386 24:359 25:1848 26:1746 27:8940 28:8438 29:44877 30:38684
level 14: +161246 new (total 1230286) 29s  bylen: 16:1 18:1 19:3 20:22 21:38 22:101 23:197 24:568 25:1104 26:3326 27:5905 28:18735 29:30072 30:101173
level 15: +127236 new (total 1357522) 33s  bylen: 17:3 18:1 19:8 20:4 21:47 22:29 23:270 24:253 25:1411 26:1654 27:8006 28:10451 29:45582 30:59517
level 16: +144340 new (total 1501862) 36s  bylen: 16:1 18:4 19:7 20:14 21:34 22:104 23:144 24:543 25:786 26:2795 27:4659 28:15869 29:27959 30:91421
level 17: +131332 new (total 1633194) 41s  bylen: 16:1 17:2 18:1 19:11 20:12 21:49 22:65 23:288 24:346 25:1565 26:2007 27:8379 28:11398 29:44616 30:62592
level 18: +178348 new (total 1811542) 45s  bylen: 16:1 18:1 19:11 20:16 21:51 22:88 23:257 24:586 25:1284 26:3354 27:7253 28:19373 29:39522 30:106551
level 19: +190798 new (total 2002340) 52s  bylen: 18:2 19:8 20:8 21:40 22:77 23:217 24:484 25:1392 26:3160 27:8567 28:19063 29:51206 30:106574
level 20: +190324 new (total 2192664) 58s  bylen: 18:5 19:4 20:7 21:21 22:61 23:128 24:380 25:1008 26:2641 27:7233 28:17579 29:49628 30:111629
level 21: +165791 new (total 2358455) 64s  bylen: 17:3 18:2 19:5 20:4 21:43 22:44 23:188 24:245 25:948 26:1879 27:6087 28:14388 29:40740 30:101215
level 22: +145284 new (total 2503739) 68s  bylen: 17:1 18:8 19:4 20:23 21:17 22:97 23:113 24:467 25:623 26:2574 27:4286 28:14842 29:32194 30:90035
level 23: +123026 new (total 2626765) 71s  bylen: 15:1 17:1 19:12 20:13 21:52 22:33 23:320 24:229 25:1481 26:1271 27:7514 28:9055 29:41571 30:61473
level 24: +153339 new (total 2780104) 74s  bylen: 18:6 19:13 20:19 21:30 22:123 23:181 24:614 25:733 26:3488 27:3910 28:18576 29:23141 30:102505
level 25: +110383 new (total 2890487) 78s  bylen: 17:4 19:15 20:1 21:74 22:6 23:424 24:80 25:2207 26:656 27:10921 28:4934 29:56822 30:34239
level 26: +163289 new (total 3053776) 80s  bylen: 17:2 18:2 19:16 20:10 21:77 22:77 23:369 24:437 25:1784 26:2584 27:8567 28:15667 29:41946 30:91751
level 27: +132340 new (total 3186116) 84s  bylen: 17:1 19:18 21:92 22:4 23:641 24:15 25:3430 26:171 27:18710 28:1299 29:98380 30:9579
level 28: +185222 new (total 3371338) 87s  bylen: 18:1 19:8 20:9 21:50 22:47 23:377 24:290 25:2564 26:1726 27:15702 28:10248 29:91136 30:63064
level 29: +124521 new (total 3495859) 91s  bylen: 19:6 21:46 23:349 24:5 25:2349 26:29 27:16029 28:305 29:103525 30:1878
level 30: +126105 new (total 3621964) 95s  bylen: 18:2 20:6 21:15 22:40 23:124 24:224 25:1043 26:1334 27:8188 28:8016 29:58740 30:48373
level 31: +63928 new (total 3685892) 99s  bylen: 17:1 19:3 20:1 21:20 22:4 23:161 24:2 25:1101 26:24 27:7839 28:80 29:54368 30:324
level 32: +77459 new (total 3763351) 101s  bylen: 16:1 19:1 20:10 21:5 22:47 23:32 24:252 25:277 26:1384 27:2459 28:7888 29:20232 30:44871
level 33: +37621 new (total 3800972) 103s  bylen: 17:1 19:5 20:1 21:32 22:3 23:150 24:17 25:814 26:70 27:4833 28:271 29:30482 30:942
level 34: +70133 new (total 3871105) 105s  bylen: 16:1 18:1 19:1 20:11 21:7 22:56 23:18 24:336 25:97 26:1693 27:631 28:9648 29:5198 30:52435
level 35: +33308 new (total 3904413) 107s  bylen: 17:2 19:12 20:2 21:24 22:3 23:163 24:22 25:884 26:78 27:4609 28:312 29:26132 30:1065
level 36: +76214 new (total 3980627) 108s  bylen: 18:2 19:9 20:17 21:5 22:68 23:45 24:388 25:169 26:2055 27:583 28:10798 29:2577 30:59498
level 37: +38483 new (total 4019110) 110s  bylen: 17:2 18:1 19:4 20:5 21:33 22:11 23:181 24:53 25:960 26:143 27:5354 28:586 29:29112 30:2038
level 38: +77599 new (total 4096709) 111s  bylen: 16:1 17:2 18:1 19:6 20:9 21:20 22:58 23:74 24:314 25:322 26:1793 27:1302 28:10021 29:5153 30:58523
level 39: +45612 new (total 4142321) 113s  bylen: 15:1 16:1 19:10 20:7 21:46 22:43 23:241 24:139 25:1071 26:546 27:5461 28:2016 29:28514 30:7516
level 40: +94488 new (total 4236809) 114s  bylen: 17:1 18:3 19:8 20:22 21:45 22:88 23:169 24:435 25:765 26:2303 27:3167 28:11622 29:13272 30:62588
level 41: +71315 new (total 4308124) 116s  bylen: 19:6 20:8 21:31 22:22 23:224 24:204 25:1303 26:960 27:6810 28:4637 29:35556 30:21554
level 42: +92722 new (total 4400846) 118s  bylen: 19:2 20:9 21:7 22:42 23:59 24:301 25:418 26:1822 27:2375 28:10899 29:12561 30:64227
level 43: +46379 new (total 4447225) 120s  bylen: 19:2 21:12 22:13 23:100 24:56 25:604 26:422 27:3991 28:2413 29:23768 30:14998
level 44: +58944 new (total 4506169) 122s  bylen: 18:1 20:3 21:4 22:32 23:21 24:203 25:151 26:1108 27:898 28:7233 29:5111 30:44179
level 45: +28330 new (total 4534499) 123s  bylen: 19:3 20:1 21:12 22:7 23:103 24:54 25:526 26:266 27:2984 28:1140 29:16642 30:6592
level 46: +50518 new (total 4585017) 124s  bylen: 18:1 20:7 21:2 22:32 23:27 24:195 25:132 26:1240 27:672 28:6785 29:3167 30:38258
level 47: +27166 new (total 4612183) 125s  bylen: 19:4 21:16 22:4 23:90 24:36 25:584 26:228 27:3242 28:1285 29:17438 30:4239
level 48: +54247 new (total 4666430) 126s  bylen: 18:1 20:5 21:2 22:50 23:27 24:220 25:129 26:1333 27:764 28:7689 29:2988 30:41039
level 49: +29799 new (total 4696229) 128s  bylen: 19:3 21:12 22:5 23:97 24:33 25:651 26:214 27:3410 28:1295 29:19011 30:5068
level 50: +55798 new (total 4752027) 129s  bylen: 20:5 21:1 22:38 23:20 24:210 25:128 26:1344 27:695 28:7576 29:3264 30:42517
level 51: +28596 new (total 4780623) 130s  bylen: 21:12 22:4 23:82 24:28 25:533 26:223 27:3214 28:1293 29:18154 30:5053
level 52: +50406 new (total 4831029) 130s  bylen: 19:1 20:2 21:3 22:26 23:20 24:168 25:78 26:1133 27:658 28:6749 29:2797 30:38771
level 53: +24593 new (total 4855622) 132s  bylen: 21:13 23:79 24:23 25:469 26:141 27:2777 28:1009 29:15769 30:4313
level 54: +44251 new (total 4899873) 132s  bylen: 19:3 20:3 21:6 22:19 23:14 24:146 25:118 26:981 27:680 28:6012 29:3019 30:33250
level 55: +22923 new (total 4922796) 133s  bylen: 19:2 20:2 21:15 22:4 23:73 24:26 25:483 26:125 27:2695 28:750 29:15234 30:3514
level 56: +42380 new (total 4965176) 134s  bylen: 19:4 20:3 21:6 22:24 23:34 24:138 25:169 26:939 27:846 28:5670 29:3436 30:31111
level 57: +22567 new (total 4987743) 135s  bylen: 18:1 19:2 20:4 21:13 22:5 23:78 24:32 25:490 26:147 27:2819 28:715 29:15219 30:3042
level 58: +42581 new (total 5030324) 135s  bylen: 17:2 19:1 20:5 21:10 22:27 23:39 24:139 25:204 26:995 27:887 28:5589 29:3486 30:31197
level 59: +24965 new (total 5055289) 136s  bylen: 19:6 20:5 21:22 22:12 23:116 24:55 25:588 26:220 27:3096 28:888 29:16331 30:3626
level 60: +47381 new (total 5102670) 137s  bylen: 16:1 17:1 19:4 20:3 21:11 22:33 23:52 24:181 25:302 26:961 27:1300 28:6002 29:5562 30:32968
level 61: +29139 new (total 5131809) 138s  bylen: 17:2 18:3 19:5 20:3 21:34 22:25 23:140 24:86 25:732 26:286 27:3789 28:1104 29:18797 30:4133
level 62: +64212 new (total 5196021) 138s  bylen: 14:1 17:3 19:5 20:12 21:17 22:81 23:74 24:323 25:393 26:1729 27:1658 28:9020 29:7158 30:43738
level 63: +57397 new (total 5253418) 140s  bylen: 17:9 18:5 19:26 20:18 21:88 22:54 23:336 24:212 25:1410 26:848 27:6377 28:3624 29:29256 30:15134
level 64: +142438 new (total 5395856) 141s  bylen: 16:2 17:3 18:5 19:11 20:36 21:44 22:213 23:220 24:1023 25:957 26:4582 27:4010 28:20821 29:16212 30:94299
level 65: +119761 new (total 5515617) 145s  bylen: 17:6 18:3 19:22 20:15 21:88 22:66 23:462 24:320 25:2469 26:1632 27:12154 28:7629 29:59366 30:35529
level 66: +178202 new (total 5693819) 149s  bylen: 15:2 17:1 18:3 19:9 20:25 21:45 22:135 23:247 24:749 25:1139 26:4176 27:5244 28:22337 29:24103 30:119987
level 67: +111255 new (total 5805074) 157s  bylen: 15:2 17:15 18:4 19:40 20:12 21:141 22:43 23:569 24:207 25:2601 26:992 27:11932 28:5475 29:59665 30:29557
level 68: +215815 new (total 6020889) 162s  bylen: 15:1 16:2 17:13 18:9 19:59 20:38 21:309 22:152 23:1290 24:610 25:5296 26:3081 27:20702 28:16325 29:80928 30:87000
level 69: +319347 new (total 6340236) 173s  bylen: 15:2 17:10 18:7 19:68 20:24 21:365 22:127 23:1935 24:458 25:9753 26:1913 27:47183 28:7613 29:219346 30:30543
level 70: +473752 new (total 6813988) 187s  bylen: 16:1 17:8 18:7 19:51 20:64 21:280 22:190 23:1639 24:995 25:9298 26:4899 27:50966 28:23617 29:270127 30:111610
level 71: +438975 new (total 7252963) 209s  bylen: 15:1 16:1 17:7 18:14 19:44 20:30 21:248 22:126 23:1526 24:632 25:8941 26:2720 27:52193 28:12736 29:300863 30:58893
level 72: +452068 new (total 7705031) 229s  bylen: 15:1 16:3 17:8 18:13 19:52 20:41 21:227 22:237 23:1157 24:1209 25:6439 26:5811 27:38044 28:28828 29:228972 30:141026
level 73: +411853 new (total 8116884) 253s  bylen: 16:1 17:6 18:13 19:54 20:62 21:233 22:318 23:1276 24:1313 25:6823 26:5976 27:37653 28:26207 29:215022 30:116896
level 74: +455344 new (total 8572228) 274s  bylen: 16:1 17:4 18:3 19:34 20:55 21:215 22:236 23:1104 24:1313 25:6151 26:7191 27:33178 28:36829 29:183250 30:185780
level 75: +417053 new (total 8989281) 297s  bylen: 15:1 17:6 18:9 19:31 20:28 21:143 22:170 23:912 24:1040 25:5204 26:5963 27:29579 28:32409 29:169932 30:171626
level 76: +367251 new (total 9356532) 319s  bylen: 16:1 17:6 18:7 19:28 20:34 21:167 22:161 23:846 24:948 25:4646 26:4996 27:25782 28:27851 29:147879 30:153899
level 77: +312220 new (total 9668752) 333s  bylen: 17:7 18:3 19:23 20:29 21:135 22:112 23:802 24:689 25:4639 26:3664 27:25143 28:20307 29:141097 30:115570
level 78: +277371 new (total 9946123) 346s  bylen: 17:2 18:4 19:25 20:17 21:121 22:112 23:632 24:622 25:3531 26:3640 27:19979 28:20312 29:114657 30:113717
level 79: +212521 new (total 10158644) 356s  bylen: 17:2 18:3 19:15 20:15 21:96 22:85 23:514 24:445 25:2865 26:2345 27:17314 28:12944 29:101607 30:74271
level 80: +169178 new (total 10327822) 364s  bylen: 17:1 18:3 19:13 20:10 21:78 22:50 23:403 24:298 25:2400 26:1784 27:13180 28:10680 29:77167 30:63111
level 81: +129349 new (total 10457171) 370s  bylen: 16:1 17:1 18:6 19:14 20:7 21:55 22:66 23:316 24:325 25:1662 26:1699 27:9845 28:8736 29:58930 30:47686
level 82: +112236 new (total 10569407) 375s  bylen: 17:3 18:4 19:14 20:10 21:99 22:57 23:425 24:302 25:1921 26:1533 27:9712 28:7569 29:51627 30:38960
level 83: +129966 new (total 10699373) 381s  bylen: 18:1 19:12 20:21 21:48 22:102 23:334 24:503 25:1616 26:2615 27:8354 28:12569 29:43721 30:60070
level 84: +109581 new (total 10808954) 386s  bylen: 17:1 19:2 20:11 21:47 22:33 23:251 24:256 25:1576 26:1557 27:8456 28:8250 29:46457 30:42684
level 85: +90800 new (total 10899754) 390s  bylen: 19:5 20:3 21:30 22:16 23:157 24:174 25:1005 26:1084 27:5431 28:7402 29:30472 30:45021
level 86: +59728 new (total 10959482) 394s  bylen: 19:3 20:6 21:21 22:20 23:107 24:120 25:653 26:772 27:3740 28:4971 29:21841 30:27474
level 87: +38997 new (total 10998479) 396s  bylen: 18:1 19:7 20:5 21:23 22:15 23:97 24:70 25:596 26:327 27:3499 28:2036 29:18804 30:13517
level 88: +41814 new (total 11040293) 397s  bylen: 17:1 18:4 19:6 20:6 21:19 22:27 23:113 24:181 25:473 26:772 27:2388 28:4315 29:11788 30:21721
level 89: +40638 new (total 11080931) 398s  bylen: 18:1 19:4 20:14 21:39 22:44 23:131 24:179 25:682 26:759 27:3549 28:3340 29:17041 30:14855
level 90: +52534 new (total 11133465) 400s  bylen: 18:1 19:2 20:6 21:28 22:32 23:103 24:166 25:558 26:1024 27:2781 28:5727 29:13139 30:28967
level 91: +39576 new (total 11173041) 401s  bylen: 19:6 20:3 21:17 22:16 23:90 24:103 25:433 26:607 27:2778 28:3339 29:14482 30:17702
level 92: +37244 new (total 11210285) 403s  bylen: 19:1 20:5 21:9 22:29 23:53 24:112 25:268 26:706 27:1429 28:4284 29:7352 30:22996
level 93: +20084 new (total 11230369) 404s  bylen: 20:2 21:12 22:8 23:63 24:39 25:327 26:184 27:1981 28:999 29:10467 30:6002
level 94: +23735 new (total 11254104) 405s  bylen: 20:1 21:7 22:18 23:24 24:78 25:132 26:543 27:658 28:3026 29:2938 30:16310
level 95: +12166 new (total 11266270) 405s  bylen: 18:1 19:4 20:1 21:7 22:4 23:39 24:28 25:254 26:111 27:1456 28:477 29:7781 30:2003
level 96: +23277 new (total 11289547) 406s  bylen: 19:2 20:6 21:16 22:29 23:57 24:107 25:195 26:585 27:710 28:3200 29:2657 30:15713
level 97: +22076 new (total 11311623) 406s  bylen: 20:2 21:14 22:16 23:86 24:112 25:420 26:383 27:2184 28:1677 29:10615 30:6567
level 98: +36850 new (total 11348473) 407s  bylen: 20:1 21:2 22:21 23:23 24:137 25:193 26:859 27:1120 28:4818 29:5284 30:24392
level 99: +23095 new (total 11371568) 408s  bylen: 21:6 22:6 23:51 24:29 25:312 26:222 27:1994 28:1361 29:11239 30:7875
level 100: +30834 new (total 11402402) 409s  bylen: 22:16 23:12 24:81 25:79 26:622 27:422 28:4030 29:2665 30:22907
level 101: +14802 new (total 11417204) 410s  bylen: 21:3 23:29 24:12 25:239 26:69 27:1524 28:564 29:8811 30:3551
level 102: +22645 new (total 11439849) 410s  bylen: 21:1 22:2 23:2 24:60 25:27 26:448 27:163 28:3021 29:1079 30:17842
level 103: +9112 new (total 11448961) 411s  bylen: 21:1 23:21 24:5 25:154 26:17 27:1097 28:105 29:6761 30:951
level 104: +17055 new (total 11466016) 411s  bylen: 22:3 23:7 24:40 25:19 26:341 27:97 28:2275 29:434 30:13839
level 105: +6998 new (total 11473014) 411s  bylen: 21:2 23:15 24:1 25:130 26:13 27:891 28:53 29:5650 30:243
level 106: +14559 new (total 11487573) 412s  bylen: 21:1 22:2 23:4 24:48 25:15 26:309 27:90 28:2020 29:328 30:11742
level 107: +6299 new (total 11493872) 412s  bylen: 21:4 23:9 24:5 25:142 26:10 27:802 28:28 29:5167 30:132
level 108: +13527 new (total 11507399) 412s  bylen: 21:1 22:3 23:4 24:49 25:30 26:275 27:98 28:1935 29:309 30:10823
level 109: +5787 new (total 11513186) 412s  bylen: 21:1 22:1 23:13 24:1 25:116 26:12 27:791 28:37 29:4703 30:112
level 110: +11891 new (total 11525077) 413s  bylen: 22:4 23:8 24:21 25:18 26:212 27:103 28:1687 29:343 30:9495
level 111: +4605 new (total 11529682) 413s  bylen: 22:1 23:10 24:2 25:88 26:5 27:597 28:17 29:3826 30:59
level 112: +9371 new (total 11539053) 413s  bylen: 22:4 24:19 25:29 26:168 27:90 28:1340 29:304 30:7417
level 113: +3736 new (total 11542789) 413s  bylen: 20:1 23:12 24:3 25:62 26:3 27:533 28:19 29:3066 30:37
level 114: +7918 new (total 11550707) 413s  bylen: 21:2 22:3 23:6 24:25 25:20 26:151 27:86 28:1144 29:324 30:6157
level 115: +3869 new (total 11554576) 413s  bylen: 21:2 22:2 23:13 24:6 25:60 26:30 27:545 28:101 29:2804 30:306
level 116: +7941 new (total 11562517) 413s  bylen: 19:1 20:1 21:3 22:5 23:4 24:28 25:21 26:165 27:90 28:1185 29:393 30:6045
level 117: +4547 new (total 11567064) 414s  bylen: 20:1 21:2 22:3 23:23 24:11 25:105 26:37 27:646 28:111 29:3236 30:372
level 118: +9239 new (total 11576303) 414s  bylen: 22:3 23:12 24:26 25:48 26:233 27:197 28:1328 29:645 30:6747
level 119: +4422 new (total 11580725) 414s  bylen: 21:2 23:11 24:1 25:66 26:12 27:632 28:69 29:3353 30:276
level 120: +8721 new (total 11589446) 414s  bylen: 22:3 23:6 24:23 25:21 26:204 27:63 28:1290 29:306 30:6805
level 121: +3931 new (total 11593377) 414s  bylen: 19:1 22:1 23:14 24:3 25:74 26:4 27:610 28:16 29:3155 30:53
level 122: +8619 new (total 11601996) 414s  bylen: 20:1 21:2 22:6 23:3 24:28 25:26 26:178 27:103 28:1286 29:407 30:6579
level 123: +4083 new (total 11606079) 414s  bylen: 21:3 22:1 23:19 24:2 25:91 26:14 27:629 28:53 29:3076 30:195
level 124: +8157 new (total 11614236) 415s  bylen: 20:1 22:4 23:5 24:22 25:23 26:175 27:103 28:1204 29:447 30:6173
level 125: +3638 new (total 11617874) 415s  bylen: 21:1 23:18 24:1 25:78 26:3 27:586 28:18 29:2858 30:75
level 126: +7276 new (total 11625150) 415s  bylen: 20:2 23:1 24:25 25:16 26:170 27:94 28:1170 29:332 30:5466
level 127: +3503 new (total 11628653) 415s  bylen: 21:2 23:11 24:1 25:81 26:2 27:604 28:15 29:2753 30:34
level 128: +7207 new (total 11635860) 415s  bylen: 20:1 22:3 24:24 25:13 26:184 27:67 28:1189 29:259 30:5467
level 129: +3448 new (total 11639308) 415s  bylen: 21:1 23:12 24:2 25:82 27:584 28:4 29:2745 30:18
level 130: +7379 new (total 11646687) 415s  bylen: 22:2 23:2 24:31 25:13 26:179 27:47 28:1208 29:182 30:5715
level 131: +3415 new (total 11650102) 415s  bylen: 23:10 25:73 26:1 27:546 28:8 29:2757 30:20
level 132: +7208 new (total 11657310) 416s  bylen: 22:2 23:3 24:23 25:7 26:163 27:39 28:1131 29:169 30:5671
level 133: +3055 new (total 11660365) 416s  bylen: 23:7 25:60 27:456 28:3 29:2519 30:10
level 134: +6172 new (total 11666537) 416s  bylen: 22:3 23:4 24:15 25:12 26:147 27:28 28:928 29:119 30:4916
level 135: +2692 new (total 11669229) 416s  bylen: 23:9 25:53 27:423 28:4 29:2196 30:7
level 136: +5709 new (total 11674938) 416s  bylen: 22:4 23:1 24:15 25:23 26:142 27:31 28:859 29:152 30:4482
level 137: +2673 new (total 11677611) 416s  bylen: 23:8 25:57 27:437 28:2 29:2157 30:12
level 138: +5361 new (total 11682972) 416s  bylen: 21:2 22:2 24:21 25:10 26:133 27:42 28:932 29:164 30:4055
level 139: +2728 new (total 11685700) 416s  bylen: 23:13 24:3 25:55 26:4 27:434 28:11 29:2157 30:51
level 140: +5611 new (total 11691311) 416s  bylen: 19:1 22:2 23:5 24:22 25:12 26:145 27:75 28:886 29:189 30:4274
level 141: +3159 new (total 11694470) 416s  bylen: 20:1 21:1 22:1 23:10 24:2 25:66 26:25 27:475 28:63 29:2310 30:205
level 142: +6096 new (total 11700566) 416s  bylen: 21:3 22:1 23:8 24:26 25:31 26:152 27:144 28:971 29:380 30:4380
level 143: +3324 new (total 11703890) 417s  bylen: 21:1 23:10 24:4 25:60 26:13 27:496 28:69 29:2391 30:280
level 144: +5963 new (total 11709853) 417s  bylen: 22:3 23:3 24:16 25:23 26:154 27:94 28:945 29:363 30:4362
level 145: +2874 new (total 11712727) 417s  bylen: 21:2 23:6 25:63 27:492 28:4 29:2276 30:31
level 146: +5792 new (total 11718519) 417s  bylen: 22:3 24:16 25:11 26:155 27:76 28:962 29:256 30:4313
level 147: +2746 new (total 11721265) 417s  bylen: 21:1 23:10 25:47 26:1 27:448 29:2230 30:9
level 148: +5452 new (total 11726717) 417s  bylen: 22:1 24:20 25:5 26:137 27:34 28:920 29:153 30:4182
level 149: +2403 new (total 11729120) 417s  bylen: 23:7 25:55 27:332 29:2005 30:4
level 150: +4709 new (total 11733829) 417s  bylen: 24:16 25:1 26:123 27:20 28:780 29:91 30:3678
level 151: +1945 new (total 11735774) 417s  bylen: 23:6 25:43 27:304 29:1591 30:1
level 152: +4036 new (total 11739810) 417s  bylen: 24:10 25:2 26:105 27:18 28:657 29:80 30:3164
level 153: +1685 new (total 11741495) 417s  bylen: 23:7 25:36 27:280 29:1362
level 154: +3582 new (total 11745077) 417s  bylen: 24:12 25:2 26:97 27:28 28:616 29:94 30:2733
level 155: +1696 new (total 11746773) 418s  bylen: 23:6 25:41 27:295 29:1353 30:1
level 156: +3765 new (total 11750538) 418s  bylen: 24:13 25:4 26:94 27:29 28:654 29:113 30:2858
level 157: +1775 new (total 11752313) 418s  bylen: 23:6 25:43 27:298 28:1 29:1423 30:4
level 158: +3822 new (total 11756135) 418s  bylen: 22:1 24:11 25:8 26:98 27:27 28:654 29:109 30:2914
level 159: +1739 new (total 11757874) 418s  bylen: 21:1 23:6 25:46 26:2 27:289 28:1 29:1390 30:4
level 160: +3606 new (total 11761480) 418s  bylen: 22:1 23:1 24:10 25:9 26:96 27:42 28:622 29:158 30:2667
level 161: +1678 new (total 11763158) 418s  bylen: 23:9 25:46 27:315 28:1 29:1291 30:16
level 162: +3292 new (total 11766450) 418s  bylen: 22:1 23:2 24:11 25:6 26:87 27:49 28:600 29:199 30:2337
level 163: +1670 new (total 11768120) 418s  bylen: 23:6 25:44 27:285 28:2 29:1319 30:14
level 164: +3176 new (total 11771296) 418s  bylen: 22:2 24:8 25:10 26:95 27:39 28:576 29:169 30:2277
level 165: +1659 new (total 11772955) 418s  bylen: 23:5 25:37 27:268 28:2 29:1347
level 166: +3072 new (total 11776027) 418s  bylen: 22:1 24:15 25:1 26:92 27:33 28:535 29:139 30:2256
level 167: +1533 new (total 11777560) 418s  bylen: 23:5 25:38 27:263 28:1 29:1226
level 168: +2939 new (total 11780499) 418s  bylen: 22:1 24:11 25:2 26:101 27:12 28:496 29:117 30:2199
level 169: +1434 new (total 11781933) 418s  bylen: 23:2 25:44 27:255 29:1132 30:1
level 170: +2724 new (total 11784657) 418s  bylen: 22:2 24:6 25:1 26:98 27:18 28:459 29:89 30:2051
level 171: +1330 new (total 11785987) 418s  bylen: 23:4 25:30 27:252 28:1 29:1042 30:1
level 172: +2633 new (total 11788620) 418s  bylen: 22:2 24:11 25:4 26:75 27:22 28:493 29:50 30:1976
level 173: +1385 new (total 11790005) 418s  bylen: 23:4 25:39 27:254 29:1087 30:1
level 174: +2777 new (total 11792782) 419s  bylen: 22:2 23:2 24:11 25:3 26:94 27:17 28:462 29:72 30:2114
level 175: +1444 new (total 11794226) 419s  bylen: 23:5 25:48 27:258 28:5 29:1117 30:11
level 176: +2820 new (total 11797046) 419s  bylen: 22:2 24:10 25:6 26:104 27:43 28:499 29:100 30:2056
level 177: +1493 new (total 11798539) 419s  bylen: 21:1 23:7 25:37 27:289 29:1151 30:8
level 178: +2932 new (total 11801471) 419s  bylen: 22:3 23:1 24:11 25:5 26:95 27:35 28:553 29:131 30:2098
level 179: +1542 new (total 11803013) 419s  bylen: 21:1 23:3 25:42 27:305 28:2 29:1184 30:5
level 180: +2988 new (total 11806001) 419s  bylen: 22:4 24:7 25:10 26:109 27:22 28:561 29:119 30:2156
level 181: +1572 new (total 11807573) 419s  bylen: 23:6 25:33 27:297 28:1 29:1233 30:2
level 182: +2915 new (total 11810488) 419s  bylen: 22:2 24:13 25:6 26:90 27:20 28:585 29:72 30:2127
level 183: +1516 new (total 11812004) 419s  bylen: 23:4 25:32 27:273 28:1 29:1205 30:1
level 184: +2772 new (total 11814776) 419s  bylen: 23:1 24:12 25:1 26:83 27:8 28:545 29:39 30:2083
level 185: +1300 new (total 11816076) 419s  bylen: 23:2 25:37 27:232 29:1029
level 186: +2430 new (total 11818506) 419s  bylen: 23:2 24:9 25:4 26:84 27:8 28:433 29:21 30:1869
level 187: +1122 new (total 11819628) 419s  bylen: 23:3 25:25 27:211 29:882 30:1
level 188: +2148 new (total 11821776) 419s  bylen: 24:9 25:9 26:70 27:9 28:430 29:32 30:1589
level 189: +1077 new (total 11822853) 419s  bylen: 23:4 25:22 27:210 29:841
level 190: +2084 new (total 11824937) 419s  bylen: 23:1 24:10 25:2 26:65 27:8 28:443 29:45 30:1510
level 191: +1066 new (total 11826003) 419s  bylen: 23:3 25:31 27:180 28:2 29:848 30:2
level 192: +2051 new (total 11828054) 419s  bylen: 23:1 24:8 25:6 26:78 27:15 28:406 29:32 30:1505
level 193: +1048 new (total 11829102) 419s  bylen: 23:3 25:30 27:192 28:1 29:816 30:6
level 194: +2024 new (total 11831126) 419s  bylen: 23:1 24:8 25:8 26:72 27:15 28:398 29:62 30:1460
level 195: +1044 new (total 11832170) 419s  bylen: 23:4 25:21 27:209 28:1 29:805 30:4
level 196: +2015 new (total 11834185) 419s  bylen: 22:1 23:2 24:6 25:8 26:68 27:16 28:387 29:77 30:1450
level 197: +1049 new (total 11835234) 419s  bylen: 23:4 25:24 27:210 28:2 29:801 30:8
level 198: +1946 new (total 11837180) 419s  bylen: 22:1 23:2 24:10 25:4 26:55 27:25 28:402 29:84 30:1363
level 199: +1103 new (total 11838283) 420s  bylen: 23:4 25:27 27:198 28:2 29:864 30:8
level 200: +2017 new (total 11840300) 420s  bylen: 24:10 25:3 26:68 27:20 28:391 29:88 30:1437
level 201: +1035 new (total 11841335) 420s  bylen: 23:2 25:34 27:165 29:834
level 202: +1967 new (total 11843302) 420s  bylen: 24:5 26:64 27:4 28:384 29:59 30:1451
level 203: +912 new (total 11844214) 420s  bylen: 25:24 27:152 29:736
level 204: +1641 new (total 11845855) 420s  bylen: 24:3 26:55 27:1 28:321 29:16 30:1245
level 205: +680 new (total 11846535) 420s  bylen: 25:18 27:115 29:547
level 206: +1278 new (total 11847813) 420s  bylen: 24:4 26:36 27:2 28:251 30:985
level 207: +602 new (total 11848415) 420s  bylen: 25:17 27:105 29:480
level 208: +1204 new (total 11849619) 420s  bylen: 24:5 26:40 27:1 28:217 29:3 30:938
level 209: +633 new (total 11850252) 420s  bylen: 25:16 27:106 29:511
level 210: +1208 new (total 11851460) 420s  bylen: 24:5 26:43 28:234 29:3 30:923
level 211: +613 new (total 11852073) 420s  bylen: 25:17 27:111 29:485
level 212: +1177 new (total 11853250) 420s  bylen: 24:4 26:44 28:221 29:2 30:906
level 213: +586 new (total 11853836) 420s  bylen: 25:19 27:109 29:458
level 214: +1172 new (total 11855008) 420s  bylen: 24:4 26:39 27:2 28:226 29:3 30:898
level 215: +595 new (total 11855603) 420s  bylen: 23:1 25:14 27:102 29:478
level 216: +1195 new (total 11856798) 420s  bylen: 24:4 25:1 26:41 27:1 28:237 29:5 30:906
level 217: +591 new (total 11857389) 420s  bylen: 23:1 25:17 27:104 29:469
level 218: +1234 new (total 11858623) 420s  bylen: 24:6 25:1 26:40 27:3 28:225 29:13 30:946
level 219: +615 new (total 11859238) 420s  bylen: 25:21 27:110 29:484
level 220: +1220 new (total 11860458) 420s  bylen: 24:5 26:44 27:5 28:233 29:30 30:903
level 221: +571 new (total 11861029) 420s  bylen: 23:1 25:15 27:110 29:445
level 222: +1074 new (total 11862103) 420s  bylen: 24:4 26:40 27:5 28:199 29:34 30:792
level 223: +513 new (total 11862616) 420s  bylen: 23:1 25:12 27:99 29:401
level 224: +950 new (total 11863566) 420s  bylen: 24:7 26:25 27:3 28:189 29:24 30:702
level 225: +475 new (total 11864041) 420s  bylen: 23:1 25:14 27:79 29:381
level 226: +914 new (total 11864955) 420s  bylen: 24:6 26:30 27:1 28:167 29:9 30:701
level 227: +460 new (total 11865415) 420s  bylen: 23:1 25:17 27:84 29:358
level 228: +952 new (total 11866367) 420s  bylen: 24:6 26:43 28:170 29:5 30:728
level 229: +479 new (total 11866846) 420s  bylen: 23:2 25:14 27:104 29:359
level 230: +1045 new (total 11867891) 420s  bylen: 24:7 26:37 28:217 29:3 30:781
level 231: +552 new (total 11868443) 420s  bylen: 23:2 25:16 27:112 29:422
level 232: +1170 new (total 11869613) 420s  bylen: 24:7 26:40 28:243 29:3 30:877
level 233: +598 new (total 11870211) 420s  bylen: 23:1 25:19 27:106 29:472
level 234: +1228 new (total 11871439) 420s  bylen: 24:6 26:42 28:228 29:1 30:951
level 235: +586 new (total 11872025) 420s  bylen: 25:15 27:107 29:464
level 236: +1121 new (total 11873146) 420s  bylen: 24:3 26:34 28:218 30:866
level 237: +419 new (total 11873565) 420s  bylen: 25:12 27:84 29:323
level 238: +797 new (total 11874362) 420s  bylen: 24:1 26:33 28:113 30:650
level 239: +314 new (total 11874676) 420s  bylen: 25:9 27:62 29:243
level 240: +633 new (total 11875309) 420s  bylen: 24:2 26:31 28:92 30:508
level 241: +296 new (total 11875605) 420s  bylen: 25:11 27:63 29:222
level 242: +659 new (total 11876264) 420s  bylen: 24:2 26:27 28:111 30:519
level 243: +321 new (total 11876585) 420s  bylen: 25:12 27:64 29:245
level 244: +700 new (total 11877285) 420s  bylen: 24:1 26:39 28:108 30:552
level 245: +343 new (total 11877628) 420s  bylen: 25:12 27:70 29:261
level 246: +733 new (total 11878361) 420s  bylen: 24:1 26:31 28:129 30:572
level 247: +335 new (total 11878696) 420s  bylen: 25:9 27:82 29:244
level 248: +713 new (total 11879409) 420s  bylen: 24:2 26:26 28:139 30:546
level 249: +311 new (total 11879720) 421s  bylen: 25:8 27:65 29:238
level 250: +634 new (total 11880354) 421s  bylen: 24:2 26:25 28:115 30:492
level 251: +294 new (total 11880648) 421s  bylen: 25:7 27:64 29:223
level 252: +598 new (total 11881246) 421s  bylen: 24:1 26:25 28:104 30:468
level 253: +264 new (total 11881510) 421s  bylen: 25:7 27:58 29:199
level 254: +538 new (total 11882048) 421s  bylen: 26:19 28:94 30:425
level 255: +222 new (total 11882270) 421s  bylen: 25:4 27:50 29:168
level 256: +439 new (total 11882709) 421s  bylen: 26:21 28:64 30:354
level 257: +175 new (total 11882884) 421s  bylen: 27:37 29:138
level 258: +281 new (total 11883165) 421s  bylen: 26:14 28:42 30:225
level 259: +96 new (total 11883261) 421s  bylen: 25:1 27:25 29:70
level 260: +184 new (total 11883445) 421s  bylen: 26:5 28:26 30:153
level 261: +66 new (total 11883511) 421s  bylen: 25:3 27:16 29:47
level 262: +172 new (total 11883683) 421s  bylen: 26:12 28:20 30:140
level 263: +79 new (total 11883762) 421s  bylen: 25:3 27:21 29:55
level 264: +194 new (total 11883956) 421s  bylen: 26:13 28:24 30:157
level 265: +97 new (total 11884053) 421s  bylen: 25:3 27:22 29:72
level 266: +219 new (total 11884272) 421s  bylen: 26:9 28:41 30:169
level 267: +93 new (total 11884365) 421s  bylen: 25:3 27:26 29:64
level 268: +245 new (total 11884610) 421s  bylen: 26:17 28:30 30:198
level 269: +118 new (total 11884728) 421s  bylen: 25:1 27:27 29:90
level 270: +219 new (total 11884947) 421s  bylen: 26:12 28:36 30:171
level 271: +97 new (total 11885044) 421s  bylen: 25:2 27:30 29:65
level 272: +243 new (total 11885287) 421s  bylen: 26:8 28:33 30:202
level 273: +79 new (total 11885366) 421s  bylen: 25:3 27:24 29:52
level 274: +215 new (total 11885581) 421s  bylen: 26:14 28:26 30:175
level 275: +98 new (total 11885679) 421s  bylen: 25:2 27:30 29:66
level 276: +234 new (total 11885913) 421s  bylen: 26:9 28:42 30:183
level 277: +90 new (total 11886003) 421s  bylen: 25:3 27:29 29:58
level 278: +228 new (total 11886231) 421s  bylen: 26:13 28:36 30:179
level 279: +91 new (total 11886322) 421s  bylen: 25:3 27:22 29:66
level 280: +207 new (total 11886529) 421s  bylen: 24:1 26:12 28:28 30:166
level 281: +111 new (total 11886640) 421s  bylen: 25:3 27:28 29:80
level 282: +243 new (total 11886883) 421s  bylen: 24:2 26:11 28:42 30:188
level 283: +123 new (total 11887006) 421s  bylen: 25:7 27:30 29:86
level 284: +313 new (total 11887319) 421s  bylen: 24:1 26:17 28:46 30:249
level 285: +172 new (total 11887491) 421s  bylen: 25:10 27:38 29:124
level 286: +448 new (total 11887939) 421s  bylen: 26:21 28:70 30:357
level 287: +211 new (total 11888150) 421s  bylen: 25:4 27:59 29:148
level 288: +453 new (total 11888603) 421s  bylen: 26:19 28:80 30:354
level 289: +155 new (total 11888758) 421s  bylen: 27:37 29:118
level 290: +256 new (total 11889014) 421s  bylen: 26:6 28:50 30:200
level 291: +63 new (total 11889077) 421s  bylen: 27:15 29:48
level 292: +93 new (total 11889170) 421s  bylen: 26:3 28:15 30:75
level 293: +20 new (total 11889190) 421s  bylen: 27:6 29:14
level 294: +32 new (total 11889222) 421s  bylen: 26:2 28:4 30:26
level 295: +11 new (total 11889233) 421s  bylen: 27:9 29:2
level 296: +31 new (total 11889264) 421s  bylen: 26:3 28:5 30:23
level 297: +7 new (total 11889271) 421s  bylen: 27:5 29:2
level 298: +21 new (total 11889292) 421s  bylen: 26:4 28:1 30:16
level 299: +10 new (total 11889302) 421s  bylen: 27:5 29:5
level 300: +20 new (total 11889322) 421s  bylen: 26:1 28:4 30:15
level 301: +10 new (total 11889332) 421s  bylen: 27:6 29:4
level 302: +27 new (total 11889359) 421s  bylen: 26:3 28:5 30:19
level 303: +12 new (total 11889371) 421s  bylen: 27:3 29:9
level 304: +23 new (total 11889394) 421s  bylen: 26:5 28:2 30:16
level 305: +16 new (total 11889410) 421s  bylen: 25:2 27:4 29:10
level 306: +64 new (total 11889474) 421s  bylen: 26:2 28:4 30:58
level 307: +33 new (total 11889507) 421s  bylen: 25:2 27:10 29:21
level 308: +112 new (total 11889619) 421s  bylen: 26:4 28:19 30:89
level 309: +52 new (total 11889671) 421s  bylen: 27:10 29:42
level 310: +84 new (total 11889755) 421s  bylen: 26:2 28:22 30:60
level 311: +23 new (total 11889778) 421s  bylen: 27:4 29:19
level 312: +30 new (total 11889808) 421s  bylen: 28:5 30:25
level 313: +7 new (total 11889815) 421s  bylen: 27:2 29:5
level 314: +10 new (total 11889825) 421s  bylen: 28:3 30:7
level 315: +4 new (total 11889829) 421s  bylen: 29:4
level 316: +2 new (total 11889831) 421s  bylen: 28:1 30:1
level 317: +1 new (total 11889832) 421s  bylen: 29:1
level 318: +0 new (total 11889832) 421s  bylen:
RESULT start=XyyxYYY|XXXYxxY cap=30 conj=8 nosym=0 states=11889832 levels=318 complete=1 hit=0 overflow=0 time=421s
states by total length: 14:2 15:13 16:25 17:178 18:217 19:1039 20:1157 21:5292 22:5964 23:28577 24:31987 25:154336 26:174471 27:843005 28:950556 29:4605106 30:5087907
