LEAN start xxxyXXy|xyyXYYY cap=32 conj=9 nosym=0 threads=3 maxstates=300000000
target 0: xyxYXY|xxxxYYY
target 1: xxxyXXY|xyyXYYY
target 2: xxxyXXy|xyyXYYY
target 3: x|y
target 4: xxyXy|xyyyyyxYY
target 5: xxxxyXy|xyyyxYY
target 6: xxyxxYY|xyXYYXy
level 1: +23796 new (total 23797) 0s  bylen: 17:8 19:24 21:84 23:160 25:624 27:1728 29:5328 31:15840
level 2: +272337 new (total 296134) 6s  bylen: 16:1 18:10 19:2 20:40 21:10 22:218 23:48 24:973 25:148 26:3764 27:546 28:14310 29:1636 30:53271 31:5490 32:191870
level 3: +309974 new (total 606108) 31s  bylen: 17:3 19:14 21:84 22:7 23:504 24:24 25:2453 26:67 27:12104 28:238 29:54299 30:888 31:236629 32:2660
level 4: +879714 new (total 1485822) 69s  bylen: 18:5 20:28 21:7 22:150 23:25 24:919 25:123 26:5162 27:466 28:27328 29:1578 30:141384 31:6175 32:696364
level 5: +414286 new (total 1900108) 148s  bylen: 17:3 19:4 20:1 21:34 22:3 23:321 24:9 25:1868 26:38 27:11019 28:120 29:61949 30:539 31:336267 32:2111
level 6: +901098 new (total 2801206) 197s  bylen: 18:3 19:1 20:10 21:7 22:81 23:21 24:489 25:120 26:3473 27:341 28:21708 29:1125 30:127876 31:4096 32:741747
level 7: +317679 new (total 3118885) 243s  bylen: 17:2 19:1 20:1 21:27 22:7 23:148 24:14 25:931 26:66 27:6689 28:223 29:42308 30:737 31:263848 32:2677
level 8: +607562 new (total 3726447) 265s  bylen: 18:3 19:1 20:6 21:7 22:60 23:20 24:290 25:130 26:1700 27:456 28:11554 29:1773 30:78012 31:7088 32:506462
level 9: +197257 new (total 3923704) 291s  bylen: 17:2 18:1 19:5 20:1 21:19 22:5 23:143 24:20 25:730 26:68 27:4203 28:181 29:25700 30:672 31:162799 32:2708
level 10: +424853 new (total 4348557) 304s  bylen: 18:5 19:5 20:17 21:11 22:64 23:48 24:328 25:181 26:1713 27:636 28:9623 29:2341 30:55929 31:8721 32:345231
level 11: +223704 new (total 4572261) 327s  bylen: 15:1 17:1 18:2 19:10 20:8 21:48 22:40 23:206 24:157 25:1034 26:581 27:5235 28:2278 29:27515 30:8342 31:147791 32:30455
level 12: +556606 new (total 5128867) 349s  bylen: 16:2 17:2 18:2 19:7 20:24 21:48 22:117 23:201 24:556 25:754 26:2813 27:3242 28:14236 29:13252 30:73948 31:53431 32:393971
level 13: +511598 new (total 5640465) 395s  bylen: 17:3 18:1 19:14 20:16 21:63 22:64 23:386 24:360 25:1852 26:1749 27:8940 28:8453 29:44932 30:39172 31:227988 32:177605
level 14: +856561 new (total 6497026) 442s  bylen: 16:1 18:1 19:3 20:23 21:38 22:101 23:196 24:574 25:1103 26:3346 27:5912 28:18756 29:30119 30:101318 31:148868 32:546202
level 15: +721974 new (total 7219000) 490s  bylen: 17:3 18:1 19:8 20:3 21:51 22:29 23:280 24:246 25:1455 26:1634 27:8196 28:10424 29:46223 30:61201 31:258740 32:333480
level 16: +862309 new (total 8081309) 522s  bylen: 16:1 18:4 19:7 20:17 21:30 22:116 23:134 24:602 25:741 26:3071 27:4473 28:17036 29:27382 30:96697 31:164062 32:547936
level 17: +766020 new (total 8847329) 692s  bylen: 16:1 17:2 18:1 19:11 20:9 21:54 22:53 23:338 24:287 25:1814 26:1730 27:9726 28:10230 29:51061 30:60743 31:275836 32:354124
level 18: +1125672 new (total 9973001) 764s  bylen: 16:1 18:1 19:11 20:18 21:46 22:103 23:209 24:711 25:1039 26:4246 27:5917 28:24552 29:33171 30:136126 31:190949 32:728572
level 19: +1071753 new (total 11044754) 885s  bylen: 18:2 19:8 20:6 21:40 22:62 23:254 24:359 25:1705 26:2267 27:11077 28:13887 29:67857 30:84341 31:396909 32:492979
level 20: +1431766 new (total 12476520) 992s  bylen: 18:5 19:4 20:7 21:21 22:72 23:94 24:450 25:717 26:3397 27:4839 28:23789 29:33349 30:162054 31:218759 32:984209
level 21: +979135 new (total 13455655) 1091s  bylen: 17:3 18:2 19:5 20:4 21:43 22:33 23:190 24:175 25:1122 26:1123 27:7731 28:8189 29:55707 30:62572 31:392407 32:449829
level 22: +1164450 new (total 14620105) 1183s  bylen: 17:1 18:8 19:4 20:23 21:17 22:98 23:115 24:503 25:488 26:2889 27:2883 28:18539 29:18414 30:127403 31:134197 32:858868
level 23: +678467 new (total 15298572) 2237s  bylen: 15:1 17:1 19:12 20:13 21:52 22:32 23:321 24:195 25:1508 26:960 27:8218 28:5419 29:49344 30:35590 31:323680 32:253121
level 24: +1001273 new (total 16299845) 2390s  bylen: 18:6 19:13 20:19 21:30 22:123 23:182 24:625 25:733 26:3608 27:3451 28:19955 29:17091 30:120738 31:95995 32:738704
level 25: +598682 new (total 16898527) 2833s  bylen: 17:4 19:15 20:1 21:74 22:6 23:427 24:72 25:2213 26:544 27:11122 28:3627 29:59935 30:23735 31:337290 32:159617
level 26: +965588 new (total 17864115) 3056s  bylen: 17:2 18:2 19:16 20:10 21:80 22:79 23:373 24:441 25:1793 26:2629 27:8529 28:16180 29:40108 30:99091 31:188358 32:607897
level 27: +713009 new (total 18577124) 3338s  bylen: 17:1 19:18 21:97 22:4 23:653 24:17 25:3458 26:147 27:18807 28:868 29:99569 30:6590 31:530319 32:52461
level 28: +1100322 new (total 19677446) 3363s  bylen: 18:1 19:8 20:9 21:51 22:47 23:389 24:293 25:2616 26:1743 27:15905 28:10440 29:91455 30:65646 31:500810 32:410909
level 29: +786199 new (total 20463645) 3399s  bylen: 19:6 21:46 22:1 23:355 24:5 25:2374 26:32 27:16200 28:214 29:104468 30:1286 31:650378 32:10834
level 30: +832125 new (total 21295770) 3428s  bylen: 18:3 19:3 20:7 21:15 22:40 23:125 24:225 25:1049 26:1338 27:8251 28:8063 29:59166 30:49217 31:408512 32:296111
level 31: +456686 new (total 21752456) 3459s  bylen: 15:1 17:2 18:1 19:4 20:4 21:29 22:8 23:201 24:19 25:1228 26:103 27:8213 28:273 29:55641 30:914 31:386187 32:3858
level 32: +562654 new (total 22315110) 3480s  bylen: 16:2 18:3 19:9 20:26 21:30 22:103 23:120 24:442 25:572 26:2059 27:3586 28:10302 29:24104 30:53590 31:175843 32:291863
level 33: +370299 new (total 22685409) 3499s  bylen: 17:2 19:14 20:3 21:61 22:25 23:358 24:88 25:1756 26:463 27:8838 28:2018 29:47046 30:8451 31:266741 32:34435
level 34: +665323 new (total 23350732) 3515s  bylen: 16:1 18:1 19:2 20:22 21:9 22:105 23:69 24:614 25:352 26:3142 27:1971 28:17100 29:12330 30:88785 31:80984 32:459836
level 35: +352546 new (total 23703278) 3538s  bylen: 17:2 19:12 20:4 21:32 22:10 23:227 24:64 25:1338 26:395 27:7311 28:1926 29:41685 30:10016 31:237779 32:51745
level 36: +616941 new (total 24320219) 3556s  bylen: 18:2 19:9 20:17 21:5 22:74 23:67 24:457 25:269 26:2583 27:1160 28:14517 29:6297 30:83362 31:36205 32:471917
level 37: +288252 new (total 24608471) 3580s  bylen: 17:2 18:1 19:4 20:5 21:33 22:13 23:188 24:64 25:1023 26:287 27:6026 28:1582 29:34049 30:8188 31:192705 32:44082
level 38: +502776 new (total 25111247) 3594s  bylen: 16:1 17:2 18:1 19:6 20:9 21:20 22:58 23:75 24:320 25:355 26:1866 27:1496 28:10758 29:6700 30:64769 31:31756 32:384584
level 39: +256332 new (total 25367579) 3616s  bylen: 15:1 16:1 19:11 20:8 21:47 22:43 23:241 24:140 25:1082 26:575 27:5532 28:2301 29:29396 30:9829 31:163402 32:43723
level 40: +510181 new (total 25877760) 3630s  bylen: 17:1 18:4 19:9 20:25 21:46 22:95 23:175 24:464 25:793 26:2381 27:3274 28:11950 29:14128 30:64317 31:59239 32:353280
level 41: +383673 new (total 26261433) 3657s  bylen: 19:9 20:10 21:40 22:25 23:272 24:237 25:1455 26:1064 27:7436 28:5111 29:38044 30:23741 31:197248 32:108981
level 42: +599030 new (total 26860463) 3684s  bylen: 19:2 20:16 21:10 22:61 23:66 24:427 25:498 26:2376 27:2729 28:13342 29:14694 30:74937 31:75165 32:414707
level 43: +345400 new (total 27205863) 3713s  bylen: 19:3 21:21 22:15 23:143 24:73 25:892 26:546 27:5445 28:3076 29:31208 30:18733 31:178535 32:106710
level 44: +479938 new (total 27685801) 3731s  bylen: 18:1 20:5 21:5 22:47 23:22 24:290 25:175 26:1648 27:1078 28:10287 29:6567 30:61469 31:38738 32:359606
level 45: +226585 new (total 27912386) 3752s  bylen: 19:3 20:1 21:14 22:11 23:127 24:52 25:685 26:291 27:4003 28:1326 29:23126 30:8803 31:136383 32:51760
level 46: +378536 new (total 28290922) 3769s  bylen: 18:1 20:7 21:2 22:38 23:33 24:222 25:143 26:1474 27:767 28:8547 29:3765 30:50030 31:20022 32:293485
level 47: +180074 new (total 28470996) 3794s  bylen: 19:4 21:16 22:5 23:99 24:46 25:638 26:247 27:3643 28:1448 29:20741 30:6997 31:118470 32:27720
level 48: +347249 new (total 28818245) 3807s  bylen: 18:1 20:6 21:5 22:51 23:34 24:235 25:155 26:1415 27:885 28:8461 29:4540 30:47400 31:18201 32:265860
level 49: +187374 new (total 29005619) 3824s  bylen: 19:3 20:2 21:13 22:9 23:104 24:49 25:688 26:284 27:3648 28:1658 29:21327 30:8788 31:116353 32:34448
level 50: +352753 new (total 29358372) 3837s  bylen: 19:1 20:5 21:5 22:39 23:34 24:227 25:188 26:1429 27:979 28:8205 29:5361 30:47678 31:24091 32:264511
level 51: +194515 new (total 29552887) 3857s  bylen: 19:2 21:16 22:12 23:91 24:47 25:589 26:372 27:3489 28:2113 29:20632 30:11228 31:112931 32:42993
level 52: +339466 new (total 29892353) 3870s  bylen: 18:1 19:4 20:4 21:10 22:27 23:45 24:193 25:238 26:1238 27:1270 28:7449 29:6731 30:44692 31:27800 32:249764
level 53: +197471 new (total 30089824) 3888s  bylen: 17:1 19:5 20:1 21:23 22:10 23:107 24:59 25:622 26:297 27:3507 28:2248 29:20280 30:12219 31:111366 32:46726
level 54: +331092 new (total 30420916) 3901s  bylen: 18:1 19:5 20:8 21:24 22:29 23:73 24:182 25:409 26:1182 27:1912 28:7254 29:9760 30:41580 31:39539 32:229134
level 55: +213525 new (total 30634441) 3924s  bylen: 15:1 18:3 19:8 20:2 21:21 22:14 23:143 24:67 25:779 26:346 27:4075 28:2093 29:23054 30:11587 31:120691 32:50641
level 56: +366849 new (total 31001290) 3938s  bylen: 15:1 16:2 17:2 18:2 19:13 20:21 21:41 22:79 23:173 24:316 25:676 26:1619 27:2909 28:8450 29:13819 30:44774 31:59892 32:234060
level 57: +375414 new (total 31376704) 3958s  bylen: 17:4 18:9 19:18 20:30 21:87 22:89 23:381 24:382 25:1750 26:1599 27:7750 28:6878 29:36687 30:28904 31:174000 32:116846
level 58: +685074 new (total 32061778) 3978s  bylen: 16:1 17:6 18:3 19:20 20:20 21:82 22:101 23:419 24:549 25:2021 26:2844 27:8382 28:14907 29:37518 30:76230 31:160925 32:381046
level 59: +700316 new (total 32762094) 4011s  bylen: 17:5 18:3 19:24 20:23 21:88 22:95 23:433 24:458 25:2156 26:2403 27:10534 28:12659 29:52770 30:62578 31:258108 32:297979
level 60: +800288 new (total 33562382) 4044s  bylen: 14:1 17:4 18:1 19:15 20:15 21:56 22:117 23:357 24:559 25:2065 26:2635 27:9933 28:14385 29:49445 30:76843 31:239087 32:404770
level 61: +681688 new (total 34244070) 4086s  bylen: 16:1 17:10 18:3 19:33 20:25 21:112 22:79 23:466 24:337 25:2317 26:1711 27:11683 28:8605 29:59269 30:46690 31:302857 32:247490
level 62: +922944 new (total 35167014) 4128s  bylen: 15:1 16:1 17:5 18:8 19:24 20:37 21:95 22:211 23:445 24:995 25:2009 26:4577 27:9496 28:21754 29:46303 30:103793 31:229613 32:503577
level 63: +903594 new (total 36070608) 4177s  bylen: 15:2 16:1 17:4 18:8 19:29 20:32 21:136 22:144 23:691 24:687 25:3414 26:3177 27:16385 28:14439 29:81585 30:67481 31:403284 32:312095
level 64: +1263952 new (total 37334560) 4234s  bylen: 15:1 17:16 18:3 19:56 20:29 21:208 22:152 23:965 24:691 25:4294 26:3910 27:18944 28:21001 29:87856 30:114796 31:401605 32:609425
level 65: +1515200 new (total 38849760) 4313s  bylen: 15:1 16:1 17:12 18:4 19:53 20:27 21:353 22:155 23:1645 24:750 25:7576 26:3837 27:33850 28:19045 29:155862 30:95717 31:722562 32:473750
level 66: +2206342 new (total 41056102) 4400s  bylen: 15:1 17:7 18:5 19:54 20:18 21:352 22:110 23:1956 24:569 25:10654 26:2983 27:54553 28:16160 29:268811 30:87670 31:1283262 32:479177
level 67: +2735677 new (total 43791779) 4543s  bylen: 17:7 18:5 19:42 20:26 21:264 22:99 23:1662 24:546 25:10128 26:2880 27:59163 28:15532 29:330979 30:83919 31:1784990 32:445435
level 68: +2747433 new (total 46539212) 4815s  bylen: 16:1 17:4 18:11 19:34 20:24 21:192 22:106 23:1244 24:569 25:8059 26:2855 27:50988 28:14639 29:312904 30:78217 31:1857786 32:419800
level 69: +2386339 new (total 48925551) 5039s  bylen: 15:1 16:3 17:7 18:6 19:38 20:24 21:196 22:147 23:1050 24:663 25:6199 26:3211 27:39372 28:15596 29:253090 30:77494 31:1600721 32:388521
level 70: +2189138 new (total 51114689) 5231s  bylen: 16:1 17:5 18:13 19:37 20:62 21:165 22:305 23:906 24:1331 25:4995 26:5941 27:29700 28:27638 29:185814 30:129148 31:1195136 32:607941
level 71: +1984735 new (total 53099424) 5372s  bylen: 17:3 18:4 19:34 20:35 21:178 22:172 23:985 24:953 25:5351 26:4988 27:30132 28:24966 29:173161 30:121410 31:1032028 32:590335
level 72: +2069455 new (total 55168879) 5522s  bylen: 15:1 17:4 18:9 19:16 20:30 21:84 22:189 23:548 24:1181 25:3129 26:6786 27:18376 28:36976 29:112199 30:196852 31:690047 32:1003028
level 73: +1525997 new (total 56694876) 5639s  bylen: 16:1 17:5 18:7 19:21 20:29 21:129 22:120 23:653 24:616 25:3529 26:3295 27:20002 28:18837 29:116571 30:104859 31:684137 32:573186
level 74: +1516823 new (total 58211699) 5701s  bylen: 17:6 18:3 19:19 20:29 21:114 22:106 23:557 24:719 25:2832 26:4172 27:14108 28:24478 29:76159 30:144865 31:423631 32:825025
level 75: +1125457 new (total 59337156) 5760s  bylen: 17:2 18:4 19:20 20:23 21:98 22:112 23:491 24:576 25:2630 26:2946 27:14211 28:16329 29:79653 30:88934 31:445208 32:474220
level 76: +1050260 new (total 60387416) 6077s  bylen: 17:3 18:5 19:16 20:13 21:89 22:69 23:415 24:452 25:2053 26:2690 27:11104 28:15634 29:58811 30:94345 31:316004 32:548557
level 77: +783142 new (total 61170558) 6257s  bylen: 17:1 18:4 19:10 20:17 21:66 22:81 23:345 24:403 25:1877 26:2079 27:10110 28:10889 29:55921 30:61741 31:305918 32:333680
level 78: +706715 new (total 61877273) 6736s  bylen: 16:1 17:1 18:4 19:10 20:6 21:55 22:58 23:290 24:276 25:1458 26:1805 27:7685 28:10502 29:41305 30:63543 31:217994 32:361722
level 79: +552080 new (total 62429353) 6764s  bylen: 17:3 18:4 19:12 20:10 21:75 22:63 23:316 24:311 25:1379 26:1563 27:7201 28:8347 29:38863 30:45183 31:208434 32:240316
level 80: +597813 new (total 63027166) 6787s  bylen: 18:1 19:14 20:21 21:49 22:86 23:292 24:481 25:1256 26:2418 27:6215 28:12246 29:30301 30:64090 31:154010 32:326333
level 81: +493049 new (total 63520215) 6810s  bylen: 17:1 18:1 19:8 20:12 21:52 22:31 23:233 24:259 25:1432 26:1233 27:7623 28:6701 29:41370 30:35841 31:213319 32:184933
level 82: +524806 new (total 64045021) 6826s  bylen: 18:1 19:10 20:7 21:46 22:37 23:198 24:264 25:1014 26:1414 27:4928 28:8988 29:24722 30:54241 31:122175 32:306761
level 83: +334269 new (total 64379290) 6842s  bylen: 19:3 20:6 21:25 22:33 23:179 24:170 25:1002 26:765 27:5294 28:4095 29:29661 30:22123 31:159421 32:111492
level 84: +349606 new (total 64728896) 6855s  bylen: 19:3 20:3 21:24 22:18 23:112 24:136 25:614 26:933 27:3509 28:5618 29:18117 30:34019 31:88971 32:197529
level 85: +215032 new (total 64943928) 6867s  bylen: 18:2 19:3 20:3 21:14 22:15 23:75 24:104 25:519 26:431 27:3143 28:2520 29:19141 30:13550 31:107685 32:67827
level 86: +237185 new (total 65181113) 6876s  bylen: 19:1 20:5 21:22 22:28 23:64 24:104 25:416 26:625 27:2211 28:4090 29:11306 30:24355 31:53112 32:140846
level 87: +148898 new (total 65330011) 6884s  bylen: 18:1 19:3 20:3 21:23 22:10 23:59 24:58 25:352 26:394 27:2213 28:1940 29:13676 30:9639 31:75409 32:45118
level 88: +191658 new (total 65521669) 6890s  bylen: 19:5 20:11 21:20 22:37 23:58 24:124 25:302 26:713 27:1549 28:3927 29:7799 30:22336 31:34329 32:120448
level 89: +156145 new (total 65677814) 6898s  bylen: 19:1 20:3 21:19 22:31 23:117 24:139 25:520 26:610 27:2722 28:2821 29:14288 30:12369 31:72541 32:49964
level 90: +248367 new (total 65926181) 6905s  bylen: 20:2 21:9 22:33 23:57 24:169 25:313 26:1040 27:1750 28:5556 29:9338 30:31166 31:42894 32:156040
level 91: +181710 new (total 66107891) 6915s  bylen: 19:2 20:1 21:11 22:13 23:81 24:66 25:405 26:418 27:2628 28:2440 29:15046 30:13545 31:80583 32:66471
level 92: +243090 new (total 66350981) 6924s  bylen: 21:8 22:21 23:53 24:113 25:240 26:775 27:1211 28:4933 29:6622 30:30158 31:32289 32:166667
level 93: +144641 new (total 66495622) 6936s  bylen: 19:1 21:2 22:7 23:55 24:44 25:312 26:260 27:2115 28:1616 29:12654 30:9095 31:72602 32:45878
level 94: +194865 new (total 66690487) 6942s  bylen: 20:1 21:4 22:5 23:20 24:79 25:132 26:527 27:789 28:3572 29:4703 30:23415 31:22635 32:138983
level 95: +100845 new (total 66791332) 6950s  bylen: 22:6 23:26 24:31 25:198 26:183 27:1353 28:1084 29:9033 30:6232 31:53944 32:28755
level 96: +145356 new (total 66936688) 6957s  bylen: 21:6 22:5 23:22 24:39 25:96 26:328 27:626 28:2531 29:3318 30:17389 31:14835 32:106161
level 97: +83238 new (total 67019926) 6964s  bylen: 20:4 21:4 22:18 23:24 24:47 25:146 26:225 27:964 28:1303 29:6781 30:6377 31:40989 32:26356
level 98: +133924 new (total 67153850) 6969s  bylen: 19:2 21:12 22:8 23:42 24:45 25:244 26:303 27:1142 28:2329 29:5219 30:15060 31:21668 32:87850
level 99: +129506 new (total 67283356) 6974s  bylen: 20:5 21:4 22:19 23:17 24:140 25:135 26:660 27:950 28:3190 29:6652 30:15020 31:39148 32:63566
level 100: +159457 new (total 67442813) 6980s  bylen: 21:8 22:2 23:56 24:37 25:305 26:286 27:1780 28:2121 29:9555 30:14230 31:45108 32:85969
level 101: +169564 new (total 67612377) 6988s  bylen: 21:1 22:11 23:15 24:108 25:100 26:592 27:794 28:3666 29:5585 30:20724 31:34600 32:103368
level 102: +142564 new (total 67754941) 6997s  bylen: 23:25 24:27 25:202 26:202 27:1261 28:1757 29:7995 30:11831 31:44661 32:74603
level 103: +133789 new (total 67888730) 7006s  bylen: 22:2 23:7 24:36 25:89 26:307 27:602 28:2302 29:4619 30:14528 31:29936 32:81361
level 104: +109242 new (total 67997972) 7014s  bylen: 21:2 23:9 24:19 25:105 26:153 27:716 28:1359 29:4806 30:10045 31:28004 32:64024
level 105: +87003 new (total 68084975) 7020s  bylen: 22:5 23:11 24:26 25:77 26:167 27:532 28:1354 29:4031 30:8613 31:25322 32:46865
level 106: +89875 new (total 68174850) 7027s  bylen: 21:1 23:15 24:29 25:83 26:157 27:552 28:1209 29:3341 30:8818 31:18388 32:57282
level 107: +66391 new (total 68241241) 7032s  bylen: 21:1 22:3 23:11 24:15 25:82 26:145 27:533 28:1027 29:3899 30:6508 31:24184 32:29983
level 108: +82592 new (total 68323833) 7036s  bylen: 22:2 23:12 24:27 25:60 26:140 27:464 28:1191 29:2942 30:8338 31:14049 32:55367
level 109: +56547 new (total 68380380) 7039s  bylen: 22:3 23:8 24:24 25:81 26:122 27:442 28:921 29:3499 30:5418 31:22644 32:23385
level 110: +73581 new (total 68453961) 7041s  bylen: 20:1 22:2 23:15 24:9 25:64 26:93 27:461 28:967 29:2681 30:7409 31:12503 32:49376
level 111: +50306 new (total 68504267) 7044s  bylen: 21:6 22:3 23:12 24:28 25:36 26:145 27:326 28:1003 29:2787 30:5558 31:18339 32:22063
level 112: +63109 new (total 68567376) 7046s  bylen: 19:1 20:1 21:3 22:6 23:17 24:14 25:69 26:98 27:489 28:786 29:3020 30:5748 31:13297 32:39560
level 113: +50348 new (total 68617724) 7049s  bylen: 19:1 20:2 21:2 22:6 23:19 24:33 25:73 26:188 27:404 28:1034 29:2643 30:5999 31:16266 32:23678
level 114: +59351 new (total 68677075) 7051s  bylen: 20:1 21:4 22:2 23:20 24:19 25:110 26:88 27:656 28:724 29:3562 30:5005 31:15596 32:33564
level 115: +50603 new (total 68727678) 7054s  bylen: 19:1 20:3 21:3 22:1 23:10 24:24 25:58 26:168 27:389 28:1153 29:2428 30:6297 31:14764 32:25304
level 116: +55177 new (total 68782855) 7056s  bylen: 18:1 19:1 20:3 21:6 22:2 23:20 24:11 25:111 26:81 27:630 28:642 29:3563 30:4413 31:15827 32:29866
level 117: +54725 new (total 68837580) 7058s  bylen: 19:2 20:2 21:8 22:6 23:25 24:33 25:115 26:221 27:576 28:1329 29:2970 30:6739 31:15808 32:26891
level 118: +64863 new (total 68902443) 7060s  bylen: 20:1 21:3 22:8 23:28 24:31 25:144 26:185 27:744 28:1008 29:4032 30:5852 31:17944 32:34883
level 119: +58134 new (total 68960577) 7063s  bylen: 21:1 22:5 23:8 24:35 25:61 26:195 27:488 28:1341 29:2946 30:7203 31:17081 32:28770
level 120: +60018 new (total 69020595) 7066s  bylen: 21:1 22:1 23:13 24:8 25:88 26:109 27:564 28:692 29:3610 30:5073 31:16233 32:33626
level 121: +52551 new (total 69073146) 7068s  bylen: 22:5 23:3 24:25 25:25 26:158 27:270 28:1206 29:2063 30:6917 31:13736 32:28143
level 122: +53006 new (total 69126152) 7071s  bylen: 23:9 24:1 25:72 26:44 27:502 28:472 29:3224 30:3978 31:15029 32:29675
level 123: +46774 new (total 69172926) 7073s  bylen: 22:3 23:1 24:19 25:14 26:152 27:180 28:1086 29:1434 30:6339 31:10982 32:26564
level 124: +44552 new (total 69217478) 7075s  bylen: 21:1 23:12 24:1 25:57 26:18 27:469 28:354 29:3008 30:3025 31:13342 32:24265
level 125: +41925 new (total 69259403) 7077s  bylen: 22:2 23:4 24:21 25:10 26:141 27:149 28:990 29:1212 30:5924 31:9047 32:24425
level 126: +38676 new (total 69298079) 7078s  bylen: 23:11 24:1 25:56 26:15 27:443 28:266 29:2957 30:2410 31:12744 32:19773
level 127: +38855 new (total 69336934) 7080s  bylen: 22:1 23:4 24:25 25:13 26:119 27:137 28:1021 29:1141 30:5712 31:7781 32:22901
level 128: +36666 new (total 69373600) 7081s  bylen: 23:11 24:2 25:63 26:16 27:406 28:261 29:2843 30:2360 31:12499 32:18205
level 129: +38177 new (total 69411777) 7082s  bylen: 22:2 23:2 24:16 25:23 26:133 27:157 28:953 29:1184 30:5666 31:7755 32:22286
level 130: +36761 new (total 69448538) 7084s  bylen: 21:2 23:10 24:2 25:57 26:28 27:417 28:290 29:2791 30:2463 31:12440 32:18261
level 131: +38508 new (total 69487046) 7085s  bylen: 22:1 23:6 24:24 25:24 26:129 27:160 28:950 29:1237 30:5628 31:8183 32:22166
level 132: +37179 new (total 69524225) 7086s  bylen: 19:1 21:1 22:1 23:12 24:1 25:52 26:37 27:448 28:308 29:2819 30:2417 31:12315 32:18767
level 133: +38809 new (total 69563034) 7088s  bylen: 20:1 21:1 22:2 23:5 24:21 25:22 26:146 27:176 28:1001 29:1339 30:5601 31:8587 32:21907
level 134: +36689 new (total 69599723) 7090s  bylen: 21:5 23:12 24:2 25:76 26:31 27:480 28:232 29:3044 30:2244 31:12758 32:17805
level 135: +37749 new (total 69637472) 7091s  bylen: 22:2 23:2 24:16 25:21 26:148 27:154 28:972 29:1186 30:5544 31:7768 32:21936
level 136: +32263 new (total 69669735) 7093s  bylen: 21:1 23:11 25:56 26:7 27:419 28:122 29:2915 30:1726 31:12327 32:14679
level 137: +33801 new (total 69703536) 7094s  bylen: 22:1 24:14 25:11 26:127 27:85 28:873 29:853 30:5122 31:6378 32:20337
level 138: +28320 new (total 69731856) 7095s  bylen: 23:6 25:53 26:4 27:362 28:108 29:2550 30:1366 31:11693 32:12178
level 139: +31352 new (total 69763208) 7096s  bylen: 24:14 25:5 26:112 27:84 28:806 29:762 30:4809 31:5434 32:19326
level 140: +27048 new (total 69790256) 7097s  bylen: 23:6 25:40 26:11 27:327 28:158 29:2183 30:1594 31:10661 32:12068
level 141: +30369 new (total 69820625) 7098s  bylen: 24:10 25:8 26:96 27:99 28:816 29:780 30:4399 31:5706 32:18455
level 142: +28316 new (total 69848941) 7100s  bylen: 23:6 25:34 26:20 27:310 28:226 29:2056 30:1928 31:9836 32:13900
level 143: +30265 new (total 69879206) 7101s  bylen: 24:13 25:13 26:86 27:128 28:778 29:894 30:4327 31:6328 32:17698
level 144: +30107 new (total 69909313) 7103s  bylen: 23:6 24:2 25:36 26:25 27:312 28:265 29:1989 30:2147 31:9434 32:15891
level 145: +29758 new (total 69939071) 7104s  bylen: 24:13 25:17 26:88 27:135 28:723 29:879 30:4340 31:6678 32:16885
level 146: +29425 new (total 69968496) 7106s  bylen: 23:5 24:3 25:44 26:18 27:313 28:214 29:2023 30:2020 31:9301 32:15484
level 147: +28617 new (total 69997113) 7107s  bylen: 22:1 24:11 25:9 26:94 27:116 28:707 29:793 30:4218 31:5816 32:16852
level 148: +26051 new (total 70023164) 7108s  bylen: 23:5 25:43 26:7 27:304 28:124 29:2092 30:1540 31:9266 32:12670
level 149: +26655 new (total 70049819) 7109s  bylen: 22:1 23:2 24:11 25:4 26:94 27:54 28:716 29:542 30:4202 31:4443 32:16586
level 150: +21327 new (total 70071146) 7110s  bylen: 23:5 25:41 26:1 27:316 28:53 29:2019 30:901 31:9258 32:8733
level 151: +25332 new (total 70096478) 7111s  bylen: 21:1 22:1 23:1 24:13 25:8 26:92 27:55 28:714 29:427 30:4150 31:3286 32:16584
level 152: +19445 new (total 70115923) 7112s  bylen: 23:5 24:1 25:42 26:1 27:295 28:50 29:2087 30:776 31:9220 32:6968
level 153: +24757 new (total 70140680) 7112s  bylen: 22:2 23:4 24:7 25:15 26:100 27:50 28:673 29:487 30:4188 31:3073 32:16158
level 154: +19163 new (total 70159843) 7113s  bylen: 23:3 25:37 27:323 28:59 29:2089 30:833 31:9221 32:6598
level 155: +25071 new (total 70184914) 7114s  bylen: 22:1 23:3 24:12 25:11 26:88 27:64 28:666 29:535 30:4137 31:3512 32:16042
level 156: +20144 new (total 70205058) 7115s  bylen: 23:3 25:35 26:2 27:308 28:102 29:2027 30:982 31:9053 32:7632
level 157: +25081 new (total 70230139) 7116s  bylen: 22:1 23:1 24:10 25:10 26:92 27:71 28:618 29:583 30:3998 31:3790 32:15907
level 158: +20251 new (total 70250390) 7117s  bylen: 23:2 25:37 26:6 27:274 28:101 29:1980 30:960 31:8707 32:8184
level 159: +24382 new (total 70274772) 7118s  bylen: 22:2 23:2 24:6 25:3 26:109 27:66 28:606 29:495 30:3818 31:3532 32:15743
level 160: +19228 new (total 70294000) 7119s  bylen: 23:3 25:28 26:3 27:292 28:70 29:1938 30:838 31:8433 32:7623
level 161: +23535 new (total 70317535) 7119s  bylen: 22:2 24:11 25:9 26:85 27:34 28:685 29:355 30:3799 31:3005 32:15550
level 162: +17021 new (total 70334556) 7120s  bylen: 23:3 25:37 26:2 27:287 28:32 29:1982 30:609 31:8338 32:5731
level 163: +23310 new (total 70357866) 7121s  bylen: 22:2 23:1 24:10 25:6 26:98 27:32 28:697 29:329 30:3987 31:2399 32:15749
level 164: +16581 new (total 70374447) 7122s  bylen: 23:5 25:43 26:2 27:266 28:35 29:2042 30:521 31:8721 32:4946
level 165: +23776 new (total 70398223) 7122s  bylen: 22:2 23:1 24:8 25:12 26:113 27:45 28:671 29:329 30:4113 31:2187 32:16295
level 166: +16847 new (total 70415070) 7123s  bylen: 21:1 23:4 25:38 26:1 27:312 28:41 29:2037 30:540 31:8915 32:4958
level 167: +24622 new (total 70439692) 7124s  bylen: 22:3 23:3 24:12 25:10 26:88 27:53 28:743 29:343 30:4228 31:2539 32:16600
level 168: +17650 new (total 70457342) 7125s  bylen: 21:1 23:3 25:38 26:1 27:352 28:50 29:2138 30:619 31:9165 32:5283
level 169: +25218 new (total 70482560) 7125s  bylen: 22:4 23:2 24:9 25:8 26:99 27:56 28:779 29:395 30:4407 31:2671 32:16788
level 170: +18001 new (total 70500561) 7126s  bylen: 23:8 25:37 26:1 27:324 28:60 29:2234 30:603 31:9404 32:5330
level 171: +24939 new (total 70525500) 7127s  bylen: 22:2 24:13 25:6 26:99 27:48 28:753 29:375 30:4361 31:2422 32:16860
level 172: +16905 new (total 70542405) 7128s  bylen: 23:6 25:36 27:327 28:38 29:2121 30:455 31:9164 32:4758
level 173: +23783 new (total 70566188) 7129s  bylen: 24:14 25:1 26:85 27:31 28:753 29:254 30:4226 31:2056 32:16363
level 174: +15098 new (total 70581286) 7130s  bylen: 23:3 25:39 27:283 28:14 29:1981 30:346 31:8630 32:3802
level 175: +22360 new (total 70603646) 7130s  bylen: 24:12 25:1 26:85 27:21 28:667 29:181 30:3980 31:1798 32:15615
level 176: +13699 new (total 70617345) 7131s  bylen: 23:3 25:31 27:256 28:11 29:1837 30:320 31:8023 32:3218
level 177: +20905 new (total 70638250) 7131s  bylen: 24:9 25:1 26:82 27:19 28:598 29:229 30:3718 31:1712 32:14537
level 178: +13311 new (total 70651561) 7132s  bylen: 23:4 25:33 27:241 28:31 29:1704 30:383 31:7401 32:3514
level 179: +19899 new (total 70671460) 7133s  bylen: 24:8 25:3 26:71 27:21 28:601 29:283 30:3405 31:1956 32:13551
level 180: +13888 new (total 70685348) 7133s  bylen: 23:3 25:34 26:2 27:219 28:54 29:1663 30:477 31:7193 32:4243
level 181: +19401 new (total 70704749) 7134s  bylen: 24:6 25:3 26:81 27:47 28:565 29:280 30:3373 31:2020 32:13026
level 182: +13919 new (total 70718668) 7134s  bylen: 23:4 25:24 26:6 27:223 28:50 29:1565 30:597 31:7134 32:4316
level 183: +19382 new (total 70738050) 7135s  bylen: 23:1 24:10 25:4 26:64 27:43 28:550 29:301 30:3313 31:2117 32:12979
level 184: +14015 new (total 70752065) 7135s  bylen: 23:3 25:30 27:229 28:41 29:1550 30:583 31:7040 32:4539
level 185: +18718 new (total 70770783) 7136s  bylen: 22:1 23:1 24:7 25:4 26:62 27:42 28:532 29:254 30:3268 31:2019 32:12528
level 186: +12923 new (total 70783706) 7136s  bylen: 23:6 25:32 26:1 27:199 28:34 29:1540 30:469 31:6913 32:3729
level 187: +17848 new (total 70801554) 7137s  bylen: 22:1 24:4 25:4 26:60 27:55 28:544 29:254 30:3071 31:1756 32:12099
level 188: +11644 new (total 70813198) 7137s  bylen: 23:6 25:25 26:1 27:213 28:16 29:1521 30:261 31:6764 32:2837
level 189: +16840 new (total 70830038) 7138s  bylen: 24:7 25:7 26:60 27:38 28:506 29:212 30:2949 31:1529 32:11532
level 190: +10338 new (total 70840376) 7138s  bylen: 23:2 25:26 26:1 27:190 28:15 29:1456 30:201 31:6296 32:2151
level 191: +15694 new (total 70856070) 7139s  bylen: 24:7 25:3 26:48 27:32 28:492 29:184 30:2731 31:1364 32:10833
level 192: +9625 new (total 70865695) 7139s  bylen: 25:21 26:1 27:170 28:20 29:1329 30:223 31:5778 32:2083
level 193: +14655 new (total 70880350) 7139s  bylen: 24:4 26:50 27:20 28:436 29:199 30:2580 31:1258 32:10108
level 194: +9479 new (total 70889829) 7140s  bylen: 25:21 27:140 28:25 29:1236 30:282 31:5264 32:2511
level 195: +13950 new (total 70903779) 7140s  bylen: 24:3 25:4 26:44 27:23 28:396 29:146 30:2468 31:1191 32:9675
level 196: +9170 new (total 70912949) 7141s  bylen: 25:16 27:148 28:16 29:1097 30:278 31:5061 32:2554
level 197: +13222 new (total 70926171) 7141s  bylen: 24:3 25:4 26:47 27:21 28:388 29:126 30:2362 31:1011 32:9260
level 198: +8461 new (total 70934632) 7141s  bylen: 25:15 27:147 28:10 29:1066 30:169 31:4833 32:2221
level 199: +12635 new (total 70947267) 7141s  bylen: 24:5 25:1 26:43 27:23 28:371 29:99 30:2295 31:790 32:9008
level 200: +7681 new (total 70954948) 7142s  bylen: 25:15 27:142 29:1093 30:114 31:4737 32:1580
level 201: +12356 new (total 70967304) 7142s  bylen: 24:5 25:3 26:43 27:13 28:379 29:61 30:2286 31:620 32:8946
level 202: +7200 new (total 70974504) 7142s  bylen: 25:21 27:136 29:1072 30:104 31:4687 32:1180
level 203: +12178 new (total 70986682) 7142s  bylen: 24:3 25:1 26:48 27:16 28:376 29:85 30:2241 31:581 32:8827
level 204: +7038 new (total 70993720) 7143s  bylen: 23:1 25:20 27:128 29:1073 30:82 31:4670 32:1064
level 205: +12091 new (total 71005811) 7143s  bylen: 24:3 25:2 26:49 27:22 28:378 29:75 30:2201 31:567 32:8794
level 206: +7175 new (total 71012986) 7143s  bylen: 23:1 25:11 27:144 28:3 29:1092 30:100 31:4730 32:1094
level 207: +12215 new (total 71025201) 7143s  bylen: 24:6 25:5 26:38 27:17 28:362 29:104 30:2212 31:709 32:8762
level 208: +7519 new (total 71032720) 7144s  bylen: 25:16 27:137 28:9 29:1050 30:140 31:4752 32:1415
level 209: +11889 new (total 71044609) 7144s  bylen: 24:5 25:1 26:39 27:28 28:340 29:114 30:2126 31:823 32:8413
level 210: +7256 new (total 71051865) 7144s  bylen: 23:1 25:14 27:142 28:4 29:1008 30:141 31:4480 32:1466
level 211: +11420 new (total 71063285) 7144s  bylen: 24:4 26:48 27:12 28:335 29:112 30:2028 31:769 32:8112
level 212: +6757 new (total 71070042) 7145s  bylen: 23:1 25:14 27:142 28:4 29:1008 30:85 31:4398 32:1105
level 213: +11200 new (total 71081242) 7145s  bylen: 24:7 26:37 27:10 28:374 29:79 30:2034 31:540 32:8119
level 214: +6242 new (total 71087484) 7145s  bylen: 23:1 25:14 27:151 29:994 30:32 31:4448 32:602
level 215: +11062 new (total 71098546) 7145s  bylen: 24:6 26:41 27:12 28:382 29:59 30:2138 31:329 32:8095
level 216: +6041 new (total 71104587) 7145s  bylen: 23:1 25:16 27:142 29:1063 30:14 31:4545 32:260
level 217: +11425 new (total 71116012) 7146s  bylen: 24:6 26:47 27:8 28:379 29:58 30:2152 31:310 32:8465
level 218: +6055 new (total 71122067) 7146s  bylen: 23:2 25:19 27:149 29:1078 30:8 31:4610 32:189
level 219: +11846 new (total 71133913) 7146s  bylen: 24:7 25:2 26:36 27:7 28:409 29:72 30:2158 31:337 32:8818
level 220: +6074 new (total 71139987) 7146s  bylen: 23:2 25:20 27:155 29:1134 30:16 31:4625 32:122
level 221: +12156 new (total 71152143) 7147s  bylen: 24:7 26:44 27:21 28:384 29:77 30:2275 31:399 32:8949
level 222: +6370 new (total 71158513) 7147s  bylen: 23:1 25:20 27:135 29:1164 30:19 31:4836 32:195
level 223: +12101 new (total 71170614) 7147s  bylen: 24:7 25:2 26:42 27:3 28:366 29:82 30:2352 31:420 32:8827
level 224: +6182 new (total 71176796) 7147s  bylen: 25:19 27:152 29:1062 30:26 31:4745 32:178
level 225: +11605 new (total 71188401) 7148s  bylen: 24:4 26:36 27:14 28:354 29:62 30:2176 31:386 32:8573
level 226: +5799 new (total 71194200) 7148s  bylen: 25:18 27:133 29:991 30:17 31:4451 32:189
level 227: +10934 new (total 71205134) 7148s  bylen: 24:1 26:37 27:7 28:333 29:65 30:1969 31:358 32:8164
level 228: +5352 new (total 71210486) 7148s  bylen: 25:12 27:118 29:922 30:20 31:4105 32:175
level 229: +9903 new (total 71220389) 7148s  bylen: 24:1 26:41 27:2 28:300 29:49 30:1827 31:263 32:7420
level 230: +4891 new (total 71225280) 7149s  bylen: 25:11 27:108 29:789 30:25 31:3673 32:285
level 231: +8923 new (total 71234203) 7149s  bylen: 24:1 26:33 27:2 28:301 29:19 30:1648 31:223 32:6696
level 232: +4508 new (total 71238711) 7149s  bylen: 25:9 27:110 29:767 30:18 31:3347 32:257
level 233: +8525 new (total 71247236) 7149s  bylen: 24:1 26:33 27:2 28:287 29:22 30:1560 31:152 32:6468
level 234: +4241 new (total 71251477) 7149s  bylen: 25:8 27:101 29:746 30:10 31:3218 32:158
level 235: +8240 new (total 71259717) 7149s  bylen: 24:1 26:27 27:1 28:280 29:17 30:1528 31:97 32:6289
level 236: +3912 new (total 71263629) 7150s  bylen: 25:7 27:106 29:681 31:3057 32:61
level 237: +7835 new (total 71271464) 7150s  bylen: 24:2 26:26 27:1 28:257 29:10 30:1473 31:66 32:6000
level 238: +3741 new (total 71275205) 7150s  bylen: 25:7 27:80 29:710 30:1 31:2902 32:41
level 239: +7431 new (total 71282636) 7150s  bylen: 24:2 25:1 26:28 27:3 28:240 29:12 30:1379 31:61 32:5705
level 240: +3563 new (total 71286199) 7150s  bylen: 25:7 27:84 29:679 30:3 31:2746 32:44
level 241: +7055 new (total 71293254) 7150s  bylen: 24:1 25:3 26:26 27:6 28:212 29:20 30:1328 31:87 32:5372
level 242: +3426 new (total 71296680) 7150s  bylen: 25:9 27:85 29:623 30:1 31:2661 32:47
level 243: +6761 new (total 71303441) 7150s  bylen: 26:20 27:18 28:210 29:48 30:1265 31:150 32:5050
level 244: +3336 new (total 71306777) 7151s  bylen: 25:6 27:74 29:581 30:2 31:2606 32:67
level 245: +6253 new (total 71313030) 7151s  bylen: 25:2 26:21 27:9 28:179 29:54 30:1101 31:235 32:4652
level 246: +3091 new (total 71316121) 7151s  bylen: 25:1 27:71 29:502 30:2 31:2421 32:94
level 247: +5488 new (total 71321609) 7151s  bylen: 25:1 26:15 27:11 28:176 29:52 30:942 31:220 32:4071
level 248: +2770 new (total 71324379) 7151s  bylen: 25:1 27:68 29:446 30:3 31:2126 32:126
level 249: +5011 new (total 71329390) 7151s  bylen: 26:13 27:5 28:168 29:43 30:818 31:200 32:3764
level 250: +2489 new (total 71331879) 7151s  bylen: 25:2 27:55 29:461 30:3 31:1841 32:127
level 251: +4719 new (total 71336598) 7151s  bylen: 25:1 26:13 27:4 28:160 29:17 30:808 31:112 32:3604
level 252: +2293 new (total 71338891) 7151s  bylen: 25:3 27:53 29:436 30:2 31:1712 32:87
level 253: +4535 new (total 71343426) 7151s  bylen: 26:16 27:4 28:164 29:20 30:824 31:60 32:3447
level 254: +2222 new (total 71345648) 7151s  bylen: 25:2 27:54 29:385 30:2 31:1745 32:34
level 255: +4395 new (total 71350043) 7151s  bylen: 26:17 28:175 29:6 30:799 31:39 32:3359
level 256: +2206 new (total 71352249) 7152s  bylen: 25:2 27:52 29:450 30:1 31:1697 32:4
level 257: +4608 new (total 71356857) 7152s  bylen: 26:14 28:167 29:2 30:852 31:17 32:3556
level 258: +2199 new (total 71359056) 7152s  bylen: 25:2 27:57 29:417 31:1723
level 259: +4571 new (total 71363627) 7152s  bylen: 26:12 28:155 29:1 30:886 31:4 32:3513
level 260: +2085 new (total 71365712) 7152s  bylen: 25:2 27:55 29:390 31:1638
level 261: +4337 new (total 71370049) 7152s  bylen: 26:15 28:152 30:757 32:3413
level 262: +2019 new (total 71372068) 7153s  bylen: 25:2 27:47 29:372 31:1598
level 263: +4083 new (total 71376151) 7153s  bylen: 26:15 28:136 30:748 32:3184
level 264: +1823 new (total 71377974) 7153s  bylen: 25:3 27:55 29:344 31:1421
level 265: +3854 new (total 71381828) 7153s  bylen: 26:14 28:140 30:658 32:3042
level 266: +1777 new (total 71383605) 7153s  bylen: 25:3 27:54 29:347 31:1373
level 267: +3844 new (total 71387449) 7153s  bylen: 26:16 28:157 30:646 32:3025
level 268: +1837 new (total 71389286) 7153s  bylen: 25:3 27:54 29:374 31:1406
level 269: +3954 new (total 71393240) 7153s  bylen: 24:1 26:15 28:142 30:725 32:3071
level 270: +1846 new (total 71395086) 7153s  bylen: 25:3 27:55 29:393 31:1395
level 271: +4033 new (total 71399119) 7153s  bylen: 24:2 26:13 28:162 30:713 32:3143
level 272: +1899 new (total 71401018) 7153s  bylen: 25:7 27:51 29:405 31:1436
level 273: +4170 new (total 71405188) 7153s  bylen: 24:1 26:16 28:158 30:786 32:3209
level 274: +2075 new (total 71407263) 7153s  bylen: 25:9 27:47 29:448 31:1571
level 275: +4458 new (total 71411721) 7153s  bylen: 26:20 28:147 30:915 32:3376
level 276: +2072 new (total 71413793) 7154s  bylen: 25:4 27:59 29:389 31:1620
level 277: +4282 new (total 71418075) 7154s  bylen: 26:18 28:142 30:817 32:3305
level 278: +1962 new (total 71420037) 7154s  bylen: 27:55 29:344 31:1563
level 279: +3860 new (total 71423897) 7154s  bylen: 26:9 28:145 30:691 32:3015
level 280: +1680 new (total 71425577) 7154s  bylen: 27:54 29:324 31:1302
level 281: +3559 new (total 71429136) 7154s  bylen: 26:4 28:126 30:587 32:2842
level 282: +1499 new (total 71430635) 7154s  bylen: 27:38 29:321 31:1140
level 283: +3183 new (total 71433818) 7154s  bylen: 26:6 28:137 30:481 32:2559
level 284: +1362 new (total 71435180) 7154s  bylen: 27:30 29:286 31:1046
level 285: +2715 new (total 71437895) 7154s  bylen: 26:7 28:104 30:463 32:2141
level 286: +1152 new (total 71439047) 7154s  bylen: 27:36 29:267 31:849
level 287: +2603 new (total 71441650) 7154s  bylen: 26:6 28:100 30:415 32:2082
level 288: +1174 new (total 71442824) 7154s  bylen: 25:1 27:33 29:272 31:868
level 289: +2652 new (total 71445476) 7154s  bylen: 26:5 28:98 30:451 32:2098
level 290: +1182 new (total 71446658) 7154s  bylen: 25:2 27:29 29:283 31:868
level 291: +2707 new (total 71449365) 7154s  bylen: 26:11 28:81 30:515 32:2100
level 292: +1223 new (total 71450588) 7154s  bylen: 25:1 27:31 29:243 31:948
level 293: +2554 new (total 71453142) 7154s  bylen: 26:11 28:94 30:500 32:1949
level 294: +1279 new (total 71454421) 7154s  bylen: 27:35 29:256 31:988
level 295: +2674 new (total 71457095) 7154s  bylen: 26:4 28:107 30:472 32:2091
level 296: +1248 new (total 71458343) 7154s  bylen: 27:24 29:251 31:973
level 297: +2475 new (total 71460818) 7154s  bylen: 28:79 30:463 32:1933
level 298: +987 new (total 71461805) 7155s  bylen: 27:11 29:182 31:794
level 299: +1758 new (total 71463563) 7155s  bylen: 28:62 30:293 32:1403
level 300: +648 new (total 71464211) 7155s  bylen: 27:6 29:122 31:520
level 301: +1146 new (total 71465357) 7155s  bylen: 28:44 30:164 32:938
level 302: +397 new (total 71465754) 7155s  bylen: 27:8 29:100 31:289
level 303: +876 new (total 71466630) 7155s  bylen: 26:1 28:35 30:135 32:705
level 304: +372 new (total 71467002) 7155s  bylen: 27:10 29:97 31:265
level 305: +879 new (total 71467881) 7155s  bylen: 26:1 28:36 30:153 32:689
level 306: +378 new (total 71468259) 7155s  bylen: 27:14 29:103 31:261
level 307: +1000 new (total 71469259) 7155s  bylen: 26:1 28:51 30:179 32:769
level 308: +477 new (total 71469736) 7155s  bylen: 27:9 29:114 31:354
level 309: +1042 new (total 71470778) 7155s  bylen: 26:4 28:41 30:184 32:813
level 310: +488 new (total 71471266) 7155s  bylen: 27:11 29:107 31:370
level 311: +1072 new (total 71472338) 7155s  bylen: 26:3 28:37 30:183 32:849
level 312: +476 new (total 71472814) 7155s  bylen: 27:19 29:112 31:345
level 313: +1222 new (total 71474036) 7155s  bylen: 26:1 28:51 30:195 32:975
level 314: +568 new (total 71474604) 7155s  bylen: 27:13 29:144 31:411
level 315: +1322 new (total 71475926) 7155s  bylen: 26:2 28:50 30:212 32:1058
level 316: +551 new (total 71476477) 7155s  bylen: 27:10 29:117 31:424
level 317: +1161 new (total 71477638) 7155s  bylen: 26:2 28:39 30:197 32:923
level 318: +430 new (total 71478068) 7155s  bylen: 27:14 29:95 31:321
level 319: +980 new (total 71479048) 7155s  bylen: 26:2 28:37 30:150 32:791
level 320: +423 new (total 71479471) 7155s  bylen: 27:13 29:105 31:305
level 321: +992 new (total 71480463) 7155s  bylen: 26:2 28:42 30:163 32:785
level 322: +414 new (total 71480877) 7155s  bylen: 25:1 27:11 29:108 31:294
level 323: +998 new (total 71481875) 7155s  bylen: 26:3 28:38 30:179 32:778
level 324: +448 new (total 71482323) 7155s  bylen: 25:1 27:12 29:97 31:338
level 325: +1022 new (total 71483345) 7155s  bylen: 26:8 28:40 30:172 32:802
level 326: +546 new (total 71483891) 7155s  bylen: 27:20 29:121 31:405
level 327: +1233 new (total 71485124) 7155s  bylen: 26:6 28:57 30:221 32:949
level 328: +640 new (total 71485764) 7155s  bylen: 25:2 27:19 29:157 31:462
level 329: +1496 new (total 71487260) 7155s  bylen: 26:2 28:63 30:261 32:1170
level 330: +676 new (total 71487936) 7155s  bylen: 25:2 27:13 29:161 31:500
level 331: +1481 new (total 71489417) 7155s  bylen: 26:6 28:56 30:248 32:1171
level 332: +636 new (total 71490053) 7155s  bylen: 27:13 29:127 31:496
level 333: +1207 new (total 71491260) 7155s  bylen: 26:4 28:44 30:221 32:938
level 334: +490 new (total 71491750) 7155s  bylen: 27:8 29:112 31:370
level 335: +918 new (total 71492668) 7155s  bylen: 28:26 30:174 32:718
level 336: +328 new (total 71492996) 7155s  bylen: 27:2 29:88 31:238
level 337: +587 new (total 71493583) 7155s  bylen: 28:16 30:105 32:466
level 338: +170 new (total 71493753) 7155s  bylen: 27:2 29:45 31:123
level 339: +322 new (total 71494075) 7155s  bylen: 28:11 30:51 32:260
level 340: +94 new (total 71494169) 7155s  bylen: 27:2 29:29 31:63
level 341: +216 new (total 71494385) 7155s  bylen: 26:1 28:12 30:34 32:169
level 342: +101 new (total 71494486) 7155s  bylen: 27:2 29:25 31:74
level 343: +214 new (total 71494700) 7156s  bylen: 26:1 28:11 30:39 32:163
level 344: +113 new (total 71494813) 7156s  bylen: 27:7 29:31 31:75
level 345: +324 new (total 71495137) 7156s  bylen: 28:14 30:54 32:256
level 346: +154 new (total 71495291) 7156s  bylen: 27:7 29:40 31:107
level 347: +425 new (total 71495716) 7156s  bylen: 26:2 28:21 30:60 32:342
level 348: +227 new (total 71495943) 7156s  bylen: 27:3 29:41 31:183
level 349: +425 new (total 71496368) 7156s  bylen: 26:2 28:21 30:82 32:320
level 350: +213 new (total 71496581) 7156s  bylen: 27:6 29:59 31:148
level 351: +478 new (total 71497059) 7156s  bylen: 28:12 30:91 32:375
level 352: +195 new (total 71497254) 7156s  bylen: 27:4 29:57 31:134
level 353: +438 new (total 71497692) 7156s  bylen: 28:10 30:83 32:345
level 354: +161 new (total 71497853) 7156s  bylen: 29:18 31:143
level 355: +225 new (total 71498078) 7156s  bylen: 28:7 30:52 32:166
level 356: +68 new (total 71498146) 7156s  bylen: 29:12 31:56
level 357: +77 new (total 71498223) 7156s  bylen: 28:4 30:9 32:64
level 358: +21 new (total 71498244) 7156s  bylen: 29:13 31:8
level 359: +41 new (total 71498285) 7156s  bylen: 28:1 30:7 32:33
level 360: +11 new (total 71498296) 7156s  bylen: 29:5 31:6
level 361: +22 new (total 71498318) 7156s  bylen: 28:3 30:3 32:16
level 362: +14 new (total 71498332) 7156s  bylen: 29:3 31:11
level 363: +23 new (total 71498355) 7156s  bylen: 28:3 30:5 32:15
level 364: +13 new (total 71498368) 7156s  bylen: 29:8 31:5
level 365: +36 new (total 71498404) 7156s  bylen: 28:2 30:3 32:31
level 366: +12 new (total 71498416) 7156s  bylen: 29:5 31:7
level 367: +33 new (total 71498449) 7156s  bylen: 28:1 30:6 32:26
level 368: +11 new (total 71498460) 7156s  bylen: 27:1 29:4 31:6
level 369: +46 new (total 71498506) 7156s  bylen: 28:2 30:8 32:36
level 370: +17 new (total 71498523) 7156s  bylen: 27:1 29:4 31:12
level 371: +48 new (total 71498571) 7156s  bylen: 28:5 30:6 32:37
level 372: +29 new (total 71498600) 7156s  bylen: 29:8 31:21
level 373: +48 new (total 71498648) 7156s  bylen: 28:4 30:6 32:38
level 374: +16 new (total 71498664) 7156s  bylen: 27:1 29:8 31:7
level 375: +53 new (total 71498717) 7156s  bylen: 28:3 30:3 32:47
level 376: +19 new (total 71498736) 7156s  bylen: 27:1 29:6 31:12
level 377: +51 new (total 71498787) 7156s  bylen: 28:4 30:6 32:41
level 378: +20 new (total 71498807) 7156s  bylen: 27:1 29:6 31:13
level 379: +49 new (total 71498856) 7156s  bylen: 28:3 30:8 32:38
level 380: +15 new (total 71498871) 7156s  bylen: 27:1 29:5 31:9
level 381: +44 new (total 71498915) 7156s  bylen: 28:5 30:3 32:36
level 382: +19 new (total 71498934) 7156s  bylen: 27:2 29:3 31:14
level 383: +59 new (total 71498993) 7156s  bylen: 28:4 30:4 32:51
level 384: +29 new (total 71499022) 7156s  bylen: 27:1 29:10 31:18
level 385: +74 new (total 71499096) 7156s  bylen: 28:4 30:12 32:58
level 386: +30 new (total 71499126) 7156s  bylen: 29:9 31:21
level 387: +53 new (total 71499179) 7156s  bylen: 28:1 30:12 32:40
level 388: +13 new (total 71499192) 7156s  bylen: 29:3 31:10
level 389: +20 new (total 71499212) 7156s  bylen: 30:2 32:18
level 390: +2 new (total 71499214) 7156s  bylen: 31:2
level 391: +1 new (total 71499215) 7156s  bylen: 30:1
level 392: +0 new (total 71499215) 7156s  bylen:
RESULT start=XyyxYYY|XXXYxxY cap=32 conj=9 nosym=0 states=71499215 levels=392 complete=1 hit=0 overflow=0 time=7156s
states by total length: 14:2 15:14 16:26 17:180 18:225 19:1080 20:1218 21:5504 22:6278 23:29779 24:33654 25:160398 26:183844 27:881606 28:1028569 29:4928773 30:5746312 31:27294618 32:31197135
