start xxxyXXY|xyyXYYY cap=31 conj=8 nosym=0 threads=4 maxstates=150000000
target 0: xyxYXY|xxxxYYY
target 1: xxxyXXY|xyyXYYY
target 2: xxxyXXy|xyyXYYY
target 3: x|y
target 4: xxyXy|xyyyyyxYY
target 5: xxxxyXy|xyyyxYY
target 6: xxyxxYY|xyXYYXy
start equals target 1
level 1: +11898 new (total 11899) 0s  bylen: 17:4 19:12 21:42 23:80 25:312 27:864 29:2664 31:7920
level 2: +40233 new (total 52132) 0s  bylen: 16:1 18:4 19:2 20:20 21:4 22:110 23:22 24:486 25:76 26:1882 27:274 28:7155 29:818 30:26635 31:2744
level 3: +155390 new (total 207522) 2s  bylen: 17:2 19:7 21:46 22:6 23:271 24:17 25:1260 26:51 27:6161 28:172 29:27467 30:592 31:119338
level 4: +95402 new (total 302924) 7s  bylen: 18:3 20:14 21:6 22:81 23:12 24:479 25:80 26:2703 27:285 28:14125 29:1048 30:72582 31:3984
level 5: +213489 new (total 516413) 11s  bylen: 17:2 19:3 20:1 21:20 22:2 23:174 24:3 25:993 26:29 27:5773 28:84 29:32191 30:380 31:173834
level 6: +86333 new (total 602746) 18s  bylen: 18:3 19:1 20:10 21:4 22:58 23:18 24:316 25:80 26:2016 27:222 28:11861 29:787 30:68161 31:2796
level 7: +187599 new (total 790345) 22s  bylen: 17:2 19:2 20:1 21:25 22:7 23:145 24:11 25:750 26:47 27:4618 28:184 29:26859 30:551 31:154397
level 8: +76701 new (total 867046) 28s  bylen: 18:3 19:1 20:9 21:5 22:57 23:23 24:298 25:97 26:1664 27:378 28:9733 29:1356 30:57812 31:5265
level 9: +167351 new (total 1034397) 31s  bylen: 17:2 19:3 21:24 22:2 23:143 24:21 25:737 26:57 27:4183 28:183 29:23868 30:621 31:137507
level 10: +72147 new (total 1106544) 37s  bylen: 18:5 19:1 20:10 21:5 22:61 23:13 24:308 25:85 26:1682 27:298 28:9551 29:1144 30:54282 31:4702
level 11: +168430 new (total 1274974) 40s  bylen: 15:1 17:1 18:1 19:9 21:37 22:7 23:165 24:16 25:853 26:42 27:4616 28:193 29:24831 30:555 31:137103
level 12: +91937 new (total 1366911) 47s  bylen: 16:2 17:1 18:2 19:4 20:25 21:30 22:99 23:94 24:439 25:272 26:2234 27:953 28:11718 29:3105 30:62682 31:10277
level 13: +239217 new (total 1606128) 50s  bylen: 17:4 19:15 20:4 21:56 22:15 23:337 24:60 25:1603 26:220 27:7518 28:783 29:37085 30:2811 31:188706
level 14: +142278 new (total 1748406) 58s  bylen: 16:1 18:2 19:2 20:22 21:25 22:99 23:92 24:522 25:405 26:2884 27:1727 28:15698 29:7357 30:82013 31:31429
level 15: +266140 new (total 2014546) 64s  bylen: 17:3 18:1 19:10 20:3 21:44 22:7 23:262 24:23 25:1323 26:127 27:7153 28:561 29:39554 30:2326 31:214743
level 16: +128745 new (total 2143291) 72s  bylen: 16:1 18:4 19:6 20:14 21:28 22:103 23:82 24:471 25:322 26:2418 27:1474 28:13436 29:6369 30:75342 31:28675
level 17: +253752 new (total 2397043) 78s  bylen: 16:1 17:2 18:3 19:10 20:3 21:49 22:30 23:255 24:158 25:1325 26:640 27:6837 28:2497 29:36028 30:9330 31:196584
level 18: +166499 new (total 2563542) 86s  bylen: 16:1 18:1 19:13 20:18 21:49 22:83 23:170 24:462 25:662 26:2536 27:2976 28:14104 29:12756 30:76953 31:55715
level 19: +270897 new (total 2834439) 92s  bylen: 18:1 19:7 20:10 21:41 22:58 23:219 24:307 25:1121 26:1540 27:6122 28:6972 29:34080 30:31741 31:188678
level 20: +187739 new (total 3022178) 101s  bylen: 18:4 19:5 20:8 21:26 22:56 23:93 24:352 25:569 26:2054 27:3186 28:11613 29:16511 30:67583 31:85679
level 21: +224834 new (total 3247012) 108s  bylen: 17:1 18:1 19:16 20:9 21:40 22:34 23:205 24:186 25:951 26:989 27:5071 28:5389 29:27662 30:29314 31:154966
level 22: +201411 new (total 3448423) 115s  bylen: 17:3 18:7 19:14 20:18 21:42 22:99 23:248 24:418 25:1022 26:2284 27:4644 28:11618 29:20868 30:62719 31:97407
level 23: +402661 new (total 3851084) 123s  bylen: 15:1 17:3 18:1 19:20 20:13 21:121 22:56 23:575 24:277 25:2698 26:1164 27:12654 28:5924 29:60590 30:29754 31:288810
level 24: +546261 new (total 4397345) 138s  bylen: 17:1 18:5 19:13 20:19 21:88 22:129 23:545 24:670 25:2877 26:3569 27:14435 28:17941 29:70718 30:92840 31:342411
level 25: +822828 new (total 5220173) 163s  bylen: 19:16 21:81 22:9 23:574 24:96 25:3645 26:735 27:21151 28:5013 29:119169 30:30318 31:642021
level 26: +677731 new (total 5897904) 190s  bylen: 18:2 19:2 20:8 21:27 22:65 23:241 24:392 25:1728 26:2469 27:11878 28:15580 29:77045 30:91694 31:476600
level 27: +647935 new (total 6545839) 215s  bylen: 19:5 21:37 22:2 23:251 24:7 25:1741 26:112 27:12349 28:1102 29:82613 30:8978 31:540738
level 28: +372952 new (total 6918791) 238s  bylen: 18:1 20:9 21:3 22:43 23:75 24:272 25:522 26:1633 27:4563 28:10023 29:34934 30:62189 31:258685
level 29: +331272 new (total 7250063) 253s  bylen: 19:4 21:17 23:130 24:5 25:841 26:25 27:5893 28:267 29:40497 30:2049 31:281544
level 30: +154270 new (total 7404333) 267s  bylen: 18:1 20:9 21:1 22:37 23:7 24:232 25:135 26:1344 27:1096 28:8122 29:9935 30:48663 31:84688
level 31: +180421 new (total 7584754) 276s  bylen: 17:1 19:2 21:18 23:104 24:2 25:605 26:28 27:3731 28:111 29:23213 30:728 31:151878
level 32: +78971 new (total 7663725) 285s  bylen: 18:2 20:10 21:1 22:45 23:8 24:256 25:44 26:1356 27:317 28:7788 29:2461 30:45280 31:21403
level 33: +147060 new (total 7810785) 289s  bylen: 17:1 19:4 21:28 22:1 23:110 24:5 25:684 26:15 27:3686 28:83 29:20941 30:449 31:121053
level 34: +68439 new (total 7879224) 294s  bylen: 16:1 18:1 19:1 20:10 21:7 22:60 23:15 24:314 25:53 26:1590 27:194 28:9006 29:898 30:50383 31:5906
level 35: +162487 new (total 8041711) 297s  bylen: 17:2 19:9 20:2 21:29 22:3 23:171 24:25 25:873 26:79 27:4490 28:282 29:23898 30:1057 31:131567
level 36: +82836 new (total 8124547) 302s  bylen: 18:2 19:3 20:17 21:6 22:67 23:27 24:405 25:143 26:2060 27:500 28:11036 29:1750 30:60031 31:6789
level 37: +187638 new (total 8312185) 304s  bylen: 19:5 20:5 21:29 22:6 23:152 24:45 25:878 26:151 27:5066 28:631 29:27763 30:2419 31:150488
level 38: +83280 new (total 8395465) 310s  bylen: 18:1 19:1 20:3 21:7 22:51 23:32 24:262 25:142 26:1682 27:635 28:10057 29:2619 30:58651 31:9137
level 39: +157903 new (total 8553368) 313s  bylen: 19:2 21:21 22:12 23:111 24:40 25:634 26:227 27:3522 28:936 29:21503 30:3996 31:126899
level 40: +69797 new (total 8623165) 317s  bylen: 19:5 20:7 21:5 22:33 23:33 24:244 25:174 26:1387 27:788 28:7770 29:3352 30:45687 31:10312
level 41: +139473 new (total 8762638) 320s  bylen: 17:1 19:8 20:1 21:20 22:11 23:125 24:54 25:637 26:279 27:3561 28:1476 29:19668 30:5880 31:107752
level 42: +86554 new (total 8849192) 324s  bylen: 17:1 19:2 20:6 21:14 22:35 23:80 24:235 25:397 26:1271 27:1724 28:7362 29:7604 30:41470 31:26353
level 43: +155439 new (total 9004631) 326s  bylen: 19:3 20:2 21:21 22:12 23:134 24:55 25:753 26:288 27:4134 28:1794 29:22489 30:7597 31:118157
level 44: +95088 new (total 9099719) 331s  bylen: 19:3 20:5 21:6 22:35 23:41 24:206 25:269 26:1151 27:1579 28:7173 29:8245 30:40471 31:35904
level 45: +146035 new (total 9245754) 334s  bylen: 17:1 18:1 19:4 20:1 21:25 22:5 23:111 24:27 25:671 26:172 27:3696 28:1411 29:20998 30:6823 31:112089
level 46: +93628 new (total 9339382) 338s  bylen: 15:1 16:1 18:2 19:7 20:7 21:14 22:42 23:76 24:227 25:345 26:1347 27:1625 28:7722 29:7750 30:42160 31:32302
level 47: +183933 new (total 9523315) 342s  bylen: 16:1 17:3 18:3 19:11 20:19 21:57 22:64 23:238 24:214 25:1091 26:850 27:5374 28:3368 29:26712 30:13120 31:132808
level 48: +197534 new (total 9720849) 347s  bylen: 17:1 18:4 19:8 20:17 21:50 22:103 23:233 24:482 25:1176 26:2476 27:5040 28:12536 29:22284 30:62168 31:90956
HIT target 6 (xxyxxYY|xyXYYXy) at level 49, path 50 states, peak total 31
level 49: +295540 new (total 10016389) 353s  bylen: 14:1 15:1 17:2 18:2 19:6 20:4 21:39 22:56 23:244 24:378 25:1345 26:1846 27:7122 28:9556 29:37925 30:45502 31:191511
level 50: +264067 new (total 10280456) 362s  bylen: 16:1 17:6 18:2 19:12 20:18 21:54 22:112 23:228 24:545 25:1087 26:2958 27:5224 28:15895 29:26079 30:83599 31:128247
level 51: +359810 new (total 10640266) 370s  bylen: 18:2 19:3 20:13 21:47 22:84 23:273 24:473 25:1520 26:2427 27:8354 28:12310 29:44219 30:60566 31:229519
level 52: +299883 new (total 10940149) 381s  bylen: 19:1 20:2 21:13 22:46 23:132 24:327 25:823 26:2485 27:5177 28:15090 29:29546 30:87503 31:158738
level 53: +278854 new (total 11219003) 390s  bylen: 20:1 21:8 22:12 23:89 24:113 25:653 26:920 27:4677 28:6877 29:31391 30:44223 31:189890
level 54: +159388 new (total 11378391) 398s  bylen: 19:1 20:2 21:3 22:15 23:17 24:166 25:199 26:1200 27:1588 28:8668 29:12030 30:55972 31:79527
level 55: +161855 new (total 11540246) 404s  bylen: 20:2 21:6 22:5 23:57 24:22 25:401 26:263 27:2730 28:2163 29:18926 30:16634 31:120646
level 56: +82283 new (total 11622529) 409s  bylen: 19:1 20:2 21:3 22:21 23:14 24:112 25:101 26:896 27:693 28:5966 29:4719 30:37892 31:31863
level 57: +114152 new (total 11736681) 411s  bylen: 19:1 20:1 21:6 22:4 23:58 24:22 25:383 26:121 27:2325 28:972 29:14367 30:6698 31:89194
level 58: +57120 new (total 11793801) 414s  bylen: 20:5 21:3 22:19 23:21 24:118 25:96 26:883 27:498 28:5305 29:2936 30:32246 31:14990
level 59: +101844 new (total 11895645) 416s  bylen: 21:9 22:3 23:64 24:18 25:391 26:109 27:2378 28:662 29:13975 30:3800 31:80435
level 60: +50916 new (total 11946561) 419s  bylen: 22:24 23:5 24:147 25:65 26:797 27:369 28:5271 29:2266 30:31932 31:10040
level 61: +95192 new (total 12041753) 421s  bylen: 21:5 22:1 23:40 24:9 25:341 26:94 27:2212 28:542 29:13121 30:2678 31:76149
level 62: +43769 new (total 12085522) 424s  bylen: 20:1 22:10 23:7 24:108 25:41 26:717 27:336 28:4605 29:1771 30:28442 31:7731
level 63: +82542 new (total 12168064) 425s  bylen: 21:4 22:3 23:34 24:14 25:275 26:69 27:1881 28:510 29:11270 30:2361 31:66121
level 64: +38698 new (total 12206762) 428s  bylen: 20:2 21:2 22:6 23:14 24:87 25:58 26:627 27:316 28:4138 29:1723 30:24896 31:6829
level 65: +74700 new (total 12281462) 429s  bylen: 20:1 21:8 22:4 23:29 24:19 25:272 26:102 27:1729 28:610 29:10349 30:2602 31:58975
level 66: +38109 new (total 12319571) 431s  bylen: 20:1 21:8 22:16 23:17 24:83 25:82 26:645 27:385 28:3948 29:1926 30:23237 31:7761
level 67: +75207 new (total 12394778) 433s  bylen: 20:1 21:6 22:2 23:52 24:22 25:293 26:123 27:1842 28:669 29:10606 30:2897 31:58694
level 68: +39911 new (total 12434689) 435s  bylen: 20:1 21:3 22:13 23:22 24:104 25:90 26:649 27:417 28:4130 29:2092 30:24067 31:8323
level 69: +77959 new (total 12512648) 436s  bylen: 19:1 20:1 21:6 22:7 23:50 24:15 25:268 26:107 27:1916 28:664 29:11003 30:2869 31:61052
level 70: +41866 new (total 12554514) 438s  bylen: 20:4 21:4 22:15 23:21 24:99 25:79 26:695 27:471 28:4352 29:2335 30:25136 31:8655
level 71: +82572 new (total 12637086) 440s  bylen: 19:1 20:1 21:10 22:6 23:68 24:23 25:293 26:111 27:1970 28:629 29:11701 30:3109 31:64650
level 72: +43832 new (total 12680918) 442s  bylen: 20:2 21:3 22:11 23:20 24:120 25:93 26:706 27:501 28:4446 29:2440 30:26086 31:9404
level 73: +81078 new (total 12761996) 444s  bylen: 20:1 21:4 22:2 23:41 24:21 25:265 26:98 27:1913 28:621 29:11244 30:2795 31:64073
level 74: +38480 new (total 12800476) 446s  bylen: 21:3 22:4 23:11 24:77 25:77 26:515 27:428 28:3600 29:2220 30:22585 31:8960
level 75: +66848 new (total 12867324) 448s  bylen: 21:2 22:4 23:18 24:17 25:154 26:109 27:1403 28:638 29:9162 30:2672 31:52669
level 76: +31236 new (total 12898560) 450s  bylen: 22:5 23:8 24:35 25:62 26:376 27:327 28:2774 29:1997 30:17946 31:7706
level 77: +53804 new (total 12952364) 451s  bylen: 21:1 22:1 23:16 24:11 25:135 26:86 27:1039 28:561 29:7253 30:2378 31:42323
level 78: +26928 new (total 12979292) 452s  bylen: 21:2 22:2 23:2 24:32 25:57 26:342 27:307 28:2368 29:1663 30:15435 31:6718
level 79: +48144 new (total 13027436) 453s  bylen: 22:1 23:14 24:12 25:127 26:83 27:944 28:564 29:6459 30:2381 31:37559
level 80: +25424 new (total 13052860) 455s  bylen: 21:3 22:3 23:4 24:38 25:46 26:311 27:320 28:2260 29:1581 30:14472 31:6386
level 81: +47286 new (total 13100146) 456s  bylen: 21:2 22:3 23:20 24:11 25:124 26:90 27:963 28:596 29:6370 30:2381 31:36726
level 82: +26389 new (total 13126535) 457s  bylen: 21:2 22:7 23:14 24:50 25:58 26:324 27:335 28:2349 29:1766 30:14995 31:6489
level 83: +50134 new (total 13176669) 458s  bylen: 21:2 22:1 23:22 24:18 25:178 26:93 27:1000 28:627 29:6768 30:2565 31:38860
level 84: +27824 new (total 13204493) 460s  bylen: 21:1 22:6 23:11 24:43 25:60 26:388 27:339 28:2598 29:1854 30:15629 31:6895
level 85: +51279 new (total 13255772) 461s  bylen: 21:1 22:2 23:19 24:17 25:143 26:96 27:1037 28:634 29:6815 30:2683 31:39832
level 86: +27437 new (total 13283209) 462s  bylen: 21:5 22:3 23:5 24:37 25:57 26:314 27:344 28:2428 29:1825 30:15157 31:7262
level 87: +48738 new (total 13331947) 463s  bylen: 19:1 21:2 22:5 23:17 24:12 25:126 26:114 27:889 28:648 29:6416 30:2788 31:37720
level 88: +27526 new (total 13359473) 464s  bylen: 19:3 20:2 21:4 22:4 23:22 24:35 25:76 26:262 27:493 28:2032 29:2370 30:13519 31:8704
level 89: +49717 new (total 13409190) 465s  bylen: 17:1 19:2 20:3 21:8 22:4 23:36 24:24 25:175 26:143 27:1136 28:804 29:6629 30:3182 31:37570
level 90: +34822 new (total 13444012) 467s  bylen: 18:1 19:3 20:2 21:8 22:10 23:36 24:47 25:178 26:341 27:790 28:2124 29:3703 30:13406 31:14173
level 91: +54371 new (total 13498383) 468s  bylen: 19:2 21:8 22:5 23:43 24:26 25:212 26:159 27:1361 28:958 29:7414 30:3715 31:40468
level 92: +33110 new (total 13531493) 470s  bylen: 19:1 20:2 21:2 22:6 23:20 24:40 25:116 26:311 27:620 28:2113 29:3368 30:12851 31:13660
level 93: +46394 new (total 13577887) 471s  bylen: 21:3 22:1 23:24 24:17 25:158 26:104 27:980 28:679 29:6118 30:2979 31:35331
level 94: +26162 new (total 13604049) 472s  bylen: 18:1 20:1 21:3 22:4 23:11 24:44 25:63 26:242 27:410 28:1814 29:2261 30:11639 31:9669
level 95: +41396 new (total 13645445) 473s  bylen: 19:2 20:2 21:5 22:6 23:14 24:17 25:129 26:96 27:898 28:633 29:5458 30:2703 31:31433
level 96: +25870 new (total 13671315) 474s  bylen: 21:1 22:5 23:20 24:45 25:83 26:300 27:492 28:2020 29:2266 30:12234 31:8404
level 97: +41031 new (total 13712346) 475s  bylen: 21:2 22:2 23:6 24:25 25:102 26:141 27:764 28:896 29:5125 30:3608 31:30360
level 98: +23229 new (total 13735575) 476s  bylen: 22:3 23:5 24:16 25:48 26:199 27:346 28:1630 29:1929 30:10776 31:8277
level 99: +33243 new (total 13768818) 477s  bylen: 21:1 22:1 23:9 24:11 25:53 26:66 27:548 28:575 29:4173 30:2846 31:24960
level 100: +17942 new (total 13786760) 478s  bylen: 20:1 22:2 23:8 24:14 25:40 26:165 27:246 28:1338 29:1486 30:8672 31:5970
level 101: +29444 new (total 13816204) 478s  bylen: 21:1 22:1 23:13 24:14 25:69 26:55 27:535 28:436 29:3868 30:2140 31:22312
level 102: +17150 new (total 13833354) 479s  bylen: 21:1 22:3 23:5 24:17 25:42 26:173 27:268 28:1400 29:1444 30:8481 31:5316
level 103: +29588 new (total 13862942) 480s  bylen: 22:2 23:10 24:7 25:72 26:65 27:550 28:422 29:3887 30:2044 31:22529
level 104: +17213 new (total 13880155) 481s  bylen: 22:2 23:8 24:21 25:37 26:182 27:246 28:1394 29:1407 30:8779 31:5137
level 105: +30567 new (total 13910722) 481s  bylen: 21:1 22:2 23:11 24:4 25:84 26:56 27:616 28:411 29:3998 30:1852 31:23532
level 106: +17761 new (total 13928483) 482s  bylen: 21:2 22:3 23:9 24:33 25:28 26:206 27:266 28:1543 29:1282 30:9311 31:5078
level 107: +32857 new (total 13961340) 483s  bylen: 20:1 21:3 22:2 23:8 24:13 25:102 26:59 27:649 28:415 29:4509 30:1923 31:25173
level 108: +18820 new (total 13980160) 484s  bylen: 21:1 22:4 23:11 24:31 25:64 26:220 27:294 28:1566 29:1490 30:9645 31:5494
level 109: +32627 new (total 14012787) 484s  bylen: 21:2 22:1 23:6 24:13 25:95 26:68 27:660 28:425 29:4278 30:1993 31:25086
level 110: +17490 new (total 14030277) 485s  bylen: 22:3 23:12 24:16 25:37 26:174 27:265 28:1407 29:1433 30:8764 31:5379
level 111: +27376 new (total 14057653) 486s  bylen: 21:1 23:8 24:9 25:68 26:61 27:508 28:361 29:3536 30:1871 31:20953
level 112: +14897 new (total 14072550) 486s  bylen: 21:1 22:4 23:2 24:18 25:39 26:134 27:233 28:1138 29:1385 30:6929 31:5014
level 113: +23546 new (total 14096096) 487s  bylen: 23:11 24:9 25:52 26:45 27:422 28:359 29:3188 30:1599 31:17861
level 114: +13325 new (total 14109421) 487s  bylen: 20:1 21:1 22:2 23:1 24:15 25:30 26:108 27:217 28:1006 29:1212 30:6185 31:4547
level 115: +21343 new (total 14130764) 488s  bylen: 21:1 23:14 24:8 25:45 26:42 27:457 28:337 29:2870 30:1580 31:15989
level 116: +13056 new (total 14143820) 488s  bylen: 20:2 23:4 24:13 25:26 26:129 27:217 28:1072 29:1139 30:6068 31:4386
level 117: +21472 new (total 14165292) 489s  bylen: 21:2 23:10 24:5 25:76 26:52 27:488 28:331 29:3089 30:1547 31:15872
level 118: +13697 new (total 14178989) 489s  bylen: 20:1 22:2 23:3 24:19 25:32 26:159 27:188 28:1202 29:1112 30:6609 31:4370
level 119: +22761 new (total 14201750) 490s  bylen: 21:3 23:11 24:8 25:72 26:49 27:548 28:356 29:3313 30:1478 31:16923
level 120: +14169 new (total 14215919) 490s  bylen: 22:2 23:6 24:25 25:29 26:164 27:193 28:1223 29:1081 30:7048 31:4398
level 121: +22912 new (total 14238831) 491s  bylen: 19:1 22:1 23:10 24:10 25:58 26:49 27:550 28:363 29:3331 30:1456 31:17083
level 122: +14288 new (total 14253119) 491s  bylen: 20:1 21:2 22:1 23:4 24:23 25:32 26:143 27:239 28:1108 29:1235 30:6809 31:4691
level 123: +22178 new (total 14275297) 492s  bylen: 21:3 22:1 23:9 24:11 25:64 26:53 27:492 28:401 29:3131 30:1655 31:16358
level 124: +13374 new (total 14288671) 492s  bylen: 22:1 23:6 24:13 25:33 26:103 27:227 28:963 29:1296 30:5686 31:5046
level 125: +18927 new (total 14307598) 493s  bylen: 22:1 23:8 24:9 25:47 26:35 27:359 28:344 29:2583 30:1586 31:13955
level 126: +11695 new (total 14319293) 493s  bylen: 22:2 23:3 24:12 25:24 26:76 27:212 28:771 29:1076 30:4656 31:4863
level 127: +16685 new (total 14335978) 494s  bylen: 23:6 24:6 25:45 26:44 27:349 28:344 29:2227 30:1420 31:12244
level 128: +10786 new (total 14346764) 494s  bylen: 22:2 23:2 24:11 25:26 26:82 27:170 28:796 29:1023 30:4535 31:4139
level 129: +16226 new (total 14362990) 495s  bylen: 23:7 24:7 25:49 26:48 27:336 28:327 29:2310 30:1418 31:11724
level 130: +10667 new (total 14373657) 495s  bylen: 22:1 23:3 24:12 25:23 26:103 27:161 28:808 29:942 30:4790 31:3824
level 131: +16519 new (total 14390176) 495s  bylen: 21:1 23:6 24:8 25:44 26:44 27:353 28:363 29:2264 30:1414 31:12022
level 132: +10789 new (total 14400965) 496s  bylen: 23:5 24:14 25:23 26:97 27:180 28:780 29:965 30:4775 31:3950
level 133: +16090 new (total 14417055) 496s  bylen: 21:2 23:4 24:7 25:39 26:53 27:309 28:372 29:2239 30:1490 31:11575
level 134: +10411 new (total 14427466) 497s  bylen: 22:1 23:7 24:13 25:26 26:89 27:184 28:654 29:1072 30:4246 31:4119
level 135: +14866 new (total 14442332) 497s  bylen: 21:2 23:3 24:8 25:36 26:52 27:297 28:378 29:1961 30:1565 31:10564
level 136: +10178 new (total 14452510) 497s  bylen: 22:2 23:6 24:10 25:32 26:91 27:189 28:617 29:1110 30:3696 31:4425
level 137: +13828 new (total 14466338) 498s  bylen: 21:1 22:1 23:5 24:7 25:37 26:50 27:284 28:375 29:1803 30:1635 31:9630
level 138: +9986 new (total 14476324) 498s  bylen: 21:2 22:2 23:4 24:15 25:27 26:86 27:204 28:626 29:1106 30:3470 31:4444
level 139: +13643 new (total 14489967) 498s  bylen: 22:2 23:7 24:8 25:46 26:61 27:264 28:409 29:1936 30:1587 31:9323
level 140: +10381 new (total 14500348) 499s  bylen: 19:1 22:3 23:8 24:10 25:29 26:92 27:237 28:668 29:1237 30:3732 31:4364
level 141: +15517 new (total 14515865) 499s  bylen: 20:1 21:1 22:2 23:5 24:13 25:60 26:66 27:342 28:488 29:2135 30:1892 31:10512
level 142: +12168 new (total 14528033) 499s  bylen: 21:3 22:2 23:9 24:9 25:46 26:101 27:294 28:754 29:1542 30:4164 31:5244
level 143: +16835 new (total 14544868) 500s  bylen: 23:7 24:12 25:48 26:56 27:381 28:451 29:2318 30:1952 31:11610
level 144: +11702 new (total 14556570) 500s  bylen: 22:1 23:5 24:9 25:34 26:99 27:217 28:687 29:1404 30:4301 31:4945
level 145: +15901 new (total 14572471) 500s  bylen: 23:4 24:5 25:46 26:47 27:326 28:339 29:2211 30:1614 31:11309
level 146: +10317 new (total 14582788) 501s  bylen: 24:15 25:21 26:82 27:190 28:641 29:1085 30:4003 31:4280
level 147: +13711 new (total 14596499) 501s  bylen: 23:5 24:3 25:28 26:38 27:290 28:289 29:1929 30:1307 31:9822
level 148: +8663 new (total 14605162) 502s  bylen: 22:1 24:8 25:20 26:77 27:133 28:578 29:797 30:3527 31:3522
level 149: +11366 new (total 14616528) 502s  bylen: 23:4 24:3 25:30 26:30 27:230 28:247 29:1549 30:1123 31:8150
level 150: +7133 new (total 14623661) 502s  bylen: 22:1 23:1 24:9 25:18 26:70 27:117 28:504 29:692 30:2893 31:2828
level 151: +9684 new (total 14633345) 502s  bylen: 23:5 24:3 25:28 26:39 27:237 28:217 29:1324 30:1062 31:6769
level 152: +6826 new (total 14640171) 503s  bylen: 22:1 23:2 24:10 25:18 26:57 27:136 28:521 29:685 30:2692 31:2704
level 153: +9390 new (total 14649561) 503s  bylen: 23:3 24:3 25:36 26:31 27:198 28:232 29:1395 30:1037 31:6455
level 154: +6842 new (total 14656403) 503s  bylen: 22:2 24:5 25:19 26:66 27:130 28:526 29:702 30:2777 31:2615
level 155: +9927 new (total 14666330) 503s  bylen: 23:4 24:3 25:32 26:33 27:221 28:208 29:1442 30:993 31:6991
level 156: +7044 new (total 14673374) 503s  bylen: 22:1 23:1 24:11 25:13 26:66 27:123 28:524 29:686 30:2970 31:2649
level 157: +10136 new (total 14683510) 503s  bylen: 21:1 23:5 24:3 25:28 26:28 27:237 28:221 29:1505 30:932 31:7176
level 158: +7058 new (total 14690568) 504s  bylen: 23:2 24:16 25:13 26:67 27:135 28:563 29:678 30:3023 31:2561
level 159: +10561 new (total 14701129) 504s  bylen: 21:3 23:2 24:5 25:34 26:24 27:256 28:239 29:1537 30:940 31:7521
level 160: +7315 new (total 14708444) 504s  bylen: 22:1 23:2 24:11 25:22 26:99 27:130 28:584 29:727 30:3080 31:2659
level 161: +10620 new (total 14719064) 504s  bylen: 21:2 23:6 24:5 25:35 26:25 27:271 28:223 29:1624 30:954 31:7475
level 162: +7417 new (total 14726481) 504s  bylen: 22:1 23:5 24:13 25:18 26:90 27:132 28:623 29:735 30:2906 31:2894
level 163: +10558 new (total 14737039) 505s  bylen: 21:1 23:5 24:2 25:40 26:33 27:266 28:178 29:1653 30:978 31:7402
level 164: +7237 new (total 14744276) 505s  bylen: 21:1 22:1 23:1 24:14 25:18 26:80 27:134 28:613 29:766 30:2807 31:2802
level 165: +10300 new (total 14754576) 505s  bylen: 23:6 25:39 26:27 27:249 28:177 29:1631 30:868 31:7303
level 166: +6740 new (total 14761316) 505s  bylen: 21:1 22:2 23:2 24:9 25:11 26:74 27:114 28:588 29:676 30:2796 31:2467
level 167: +9954 new (total 14771270) 506s  bylen: 21:1 23:3 25:28 26:28 27:271 28:152 29:1517 30:731 31:7223
level 168: +6413 new (total 14777683) 506s  bylen: 22:3 23:3 24:7 25:11 26:77 27:102 28:573 29:589 30:2763 31:2285
level 169: +9491 new (total 14787174) 506s  bylen: 21:1 23:3 25:34 26:26 27:247 28:148 29:1466 30:688 31:6878
level 170: +6107 new (total 14793281) 506s  bylen: 22:4 24:5 25:13 26:80 27:102 28:584 29:530 30:2684 31:2105
level 171: +9021 new (total 14802302) 506s  bylen: 23:7 24:1 25:28 26:21 27:238 28:156 29:1521 30:667 31:6382
level 172: +5868 new (total 14808170) 506s  bylen: 22:2 23:1 24:9 25:11 26:73 27:101 28:572 29:458 30:2662 31:1979
level 173: +8507 new (total 14816677) 507s  bylen: 23:5 24:1 25:29 26:18 27:250 28:156 29:1445 30:671 31:5932
level 174: +5595 new (total 14822272) 507s  bylen: 23:1 24:9 25:13 26:66 27:99 28:509 29:494 30:2545 31:1859
level 175: +8025 new (total 14830297) 507s  bylen: 23:4 24:1 25:32 26:22 27:193 28:155 29:1297 30:669 31:5652
level 176: +5195 new (total 14835492) 507s  bylen: 22:1 24:4 25:13 26:60 27:109 28:428 29:499 30:2128 31:1953
level 177: +7101 new (total 14842593) 507s  bylen: 23:2 24:2 25:28 26:21 27:190 28:156 29:1102 30:703 31:4897
level 178: +4948 new (total 14847541) 507s  bylen: 22:2 23:1 24:3 25:11 26:53 27:93 28:349 29:532 30:1816 31:2088
level 179: +6402 new (total 14853943) 507s  bylen: 23:1 24:1 25:23 26:24 27:213 28:157 29:976 30:699 31:4308
level 180: +4804 new (total 14858747) 508s  bylen: 22:2 24:6 25:16 26:46 27:72 28:358 29:481 30:1830 31:1993
level 181: +6501 new (total 14865248) 508s  bylen: 23:3 24:1 25:20 26:22 27:194 28:148 29:1056 30:663 31:4394
level 182: +4727 new (total 14869975) 508s  bylen: 22:1 24:5 25:12 26:64 27:76 28:352 29:408 30:2073 31:1736
level 183: +6829 new (total 14876804) 508s  bylen: 21:1 23:2 24:2 25:23 26:19 27:193 28:147 29:1096 30:582 31:4764
level 184: +4637 new (total 14881441) 508s  bylen: 24:7 25:10 26:56 27:84 28:361 29:421 30:2087 31:1611
level 185: +6747 new (total 14888188) 508s  bylen: 21:1 23:5 24:2 25:20 26:20 27:179 28:133 29:1108 30:557 31:4722
level 186: +4722 new (total 14892910) 508s  bylen: 22:1 24:3 25:12 26:46 27:84 28:368 29:469 30:1930 31:1809
level 187: +6605 new (total 14899515) 508s  bylen: 23:6 24:2 25:19 26:23 27:196 28:135 29:1065 30:580 31:4579
level 188: +4694 new (total 14904209) 509s  bylen: 22:1 24:4 25:15 26:43 27:81 28:353 29:477 30:1710 31:2010
level 189: +6187 new (total 14910396) 509s  bylen: 23:4 24:2 25:22 26:24 27:165 28:158 29:1013 30:605 31:4194
level 190: +4625 new (total 14915021) 509s  bylen: 23:2 24:9 25:11 26:34 27:80 28:372 29:500 30:1644 31:1973
level 191: +5914 new (total 14920935) 509s  bylen: 23:4 24:3 25:21 26:27 27:157 28:185 29:924 30:640 31:3953
level 192: +4731 new (total 14925666) 509s  bylen: 23:2 24:7 25:13 26:46 27:96 28:341 29:517 30:1667 31:2042
level 193: +5872 new (total 14931538) 509s  bylen: 23:2 24:6 25:20 26:21 27:161 28:204 29:916 30:760 31:3782
level 194: +4838 new (total 14936376) 509s  bylen: 23:3 24:6 25:18 26:40 27:96 28:344 29:591 30:1540 31:2200
level 195: +5954 new (total 14942330) 509s  bylen: 23:2 24:4 25:12 26:23 27:171 28:199 29:916 30:886 31:3741
level 196: +4854 new (total 14947184) 510s  bylen: 23:2 24:3 25:18 26:45 27:101 28:324 29:625 30:1478 31:2258
level 197: +5808 new (total 14952992) 510s  bylen: 23:2 25:15 26:26 27:140 28:172 29:886 30:848 31:3719
level 198: +4375 new (total 14957367) 510s  bylen: 24:5 25:9 26:37 27:91 28:300 29:539 30:1365 31:2029
level 199: +5134 new (total 14962501) 510s  bylen: 23:2 25:15 26:21 27:130 28:133 29:787 30:583 31:3463
level 200: +3680 new (total 14966181) 510s  bylen: 24:5 25:3 26:35 27:66 28:309 29:345 30:1346 31:1571
level 201: +4536 new (total 14970717) 510s  bylen: 23:1 25:17 26:13 27:127 28:116 29:748 30:399 31:3115
level 202: +3179 new (total 14973896) 510s  bylen: 23:1 24:5 25:8 26:36 27:51 28:302 29:249 30:1325 31:1202
level 203: +4248 new (total 14978144) 510s  bylen: 25:18 26:9 27:124 28:81 29:705 30:341 31:2970
level 204: +2940 new (total 14981084) 510s  bylen: 23:2 24:5 25:7 26:33 27:53 28:301 29:235 30:1323 31:981
level 205: +4353 new (total 14985437) 510s  bylen: 23:1 25:12 26:10 27:124 28:78 29:746 30:277 31:3105
level 206: +2961 new (total 14988398) 511s  bylen: 24:5 25:10 26:34 27:47 28:312 29:255 30:1301 31:997
level 207: +4341 new (total 14992739) 511s  bylen: 23:2 25:9 26:10 27:121 28:80 29:747 30:285 31:3087
level 208: +2824 new (total 14995563) 511s  bylen: 24:8 25:6 26:31 27:52 28:285 29:238 30:1260 31:944
level 209: +4166 new (total 14999729) 511s  bylen: 23:2 24:1 25:13 26:8 27:115 28:73 29:747 30:276 31:2931
level 210: +2832 new (total 15002561) 511s  bylen: 22:1 24:5 25:5 26:38 27:43 28:285 29:262 30:1207 31:986
level 211: +4158 new (total 15006719) 511s  bylen: 23:3 24:1 25:17 26:8 27:128 28:65 29:744 30:296 31:2896
level 212: +2892 new (total 15009611) 511s  bylen: 22:1 24:3 25:7 26:48 27:41 28:306 29:253 30:1291 31:942
level 213: +4213 new (total 15013824) 511s  bylen: 23:5 25:15 26:12 27:151 28:77 29:779 30:346 31:2828
level 214: +3022 new (total 15016846) 511s  bylen: 22:1 24:4 25:6 26:46 27:56 28:344 29:242 30:1357 31:966
level 215: +4302 new (total 15021148) 511s  bylen: 23:3 25:21 26:13 27:149 28:86 29:812 30:371 31:2847
level 216: +3194 new (total 15024342) 511s  bylen: 24:8 25:3 26:40 27:55 28:374 29:261 30:1404 31:1049
level 217: +4438 new (total 15028780) 511s  bylen: 23:3 25:21 26:6 27:127 28:90 29:817 30:316 31:3058
level 218: +3073 new (total 15031853) 512s  bylen: 24:6 25:5 26:45 27:49 28:332 29:209 30:1441 31:986
level 219: +4253 new (total 15036106) 512s  bylen: 23:2 25:17 26:2 27:133 28:54 29:793 30:233 31:3019
level 220: +2639 new (total 15038745) 512s  bylen: 24:8 25:6 26:40 27:31 28:311 29:163 30:1315 31:765
level 221: +3967 new (total 15042712) 512s  bylen: 23:2 25:17 26:3 27:123 28:39 29:738 30:128 31:2917
level 222: +2400 new (total 15045112) 512s  bylen: 24:7 25:2 26:37 27:39 28:315 29:122 30:1298 31:580
level 223: +3899 new (total 15049011) 512s  bylen: 23:1 25:21 26:4 27:109 28:36 29:786 30:103 31:2839
level 224: +2406 new (total 15051417) 512s  bylen: 24:6 25:2 26:31 27:33 28:301 29:115 30:1336 31:582
level 225: +3801 new (total 15055218) 512s  bylen: 25:15 26:3 27:130 28:45 29:711 30:104 31:2793
level 226: +2302 new (total 15057520) 512s  bylen: 24:4 25:2 26:26 27:33 28:259 29:129 30:1260 31:589
level 227: +3501 new (total 15061021) 512s  bylen: 25:12 26:3 27:108 28:41 29:619 30:110 31:2608
level 228: +2081 new (total 15063102) 512s  bylen: 24:2 25:3 26:24 27:33 28:233 29:141 30:1041 31:604
level 229: +3061 new (total 15066163) 512s  bylen: 23:1 25:9 26:4 27:101 28:44 29:529 30:115 31:2258
level 230: +1897 new (total 15068060) 513s  bylen: 24:3 25:2 26:23 27:35 28:199 29:147 30:844 31:644
level 231: +2708 new (total 15070768) 513s  bylen: 23:1 25:6 26:8 27:96 28:47 29:477 30:124 31:1949
level 232: +1903 new (total 15072671) 513s  bylen: 24:5 26:20 27:42 28:201 29:170 30:739 31:726
level 233: +2778 new (total 15075449) 513s  bylen: 23:1 25:6 26:7 27:73 28:57 29:532 30:141 31:1961
level 234: +1960 new (total 15077409) 513s  bylen: 24:3 25:3 26:29 27:43 28:200 29:140 30:819 31:723
level 235: +2831 new (total 15080240) 513s  bylen: 25:13 26:4 27:78 28:57 29:546 30:183 31:1950
level 236: +1865 new (total 15082105) 513s  bylen: 24:3 25:3 26:26 27:37 28:168 29:163 30:793 31:672
level 237: +2662 new (total 15084767) 513s  bylen: 25:12 26:9 27:90 28:58 29:506 30:137 31:1850
level 238: +1903 new (total 15086670) 513s  bylen: 24:2 25:2 26:22 27:32 28:160 29:167 30:753 31:765
level 239: +2533 new (total 15089203) 513s  bylen: 25:15 26:8 27:77 28:53 29:493 30:152 31:1735
level 240: +1821 new (total 15091024) 513s  bylen: 24:2 25:1 26:23 27:35 28:158 29:154 30:720 31:728
level 241: +2447 new (total 15093471) 513s  bylen: 25:11 26:7 27:92 28:60 29:462 30:153 31:1662
level 242: +1830 new (total 15095301) 513s  bylen: 24:1 25:2 26:28 27:34 28:149 29:153 30:771 31:692
level 243: +2484 new (total 15097785) 513s  bylen: 25:10 26:8 27:77 28:55 29:446 30:145 31:1743
level 244: +1765 new (total 15099550) 513s  bylen: 25:2 26:24 27:41 28:162 29:127 30:755 31:654
level 245: +2405 new (total 15101955) 513s  bylen: 25:9 26:12 27:61 28:54 29:409 30:172 31:1688
level 246: +1727 new (total 15103682) 514s  bylen: 25:3 26:19 27:42 28:153 29:140 30:675 31:695
level 247: +2262 new (total 15105944) 514s  bylen: 25:6 26:11 27:67 28:82 29:355 30:213 31:1528
level 248: +1774 new (total 15107718) 514s  bylen: 24:1 25:2 26:15 27:43 28:134 29:190 30:578 31:811
level 249: +2078 new (total 15109796) 514s  bylen: 25:5 26:7 27:63 28:77 29:313 30:232 31:1381
level 250: +1640 new (total 15111436) 514s  bylen: 24:1 26:13 27:44 28:122 29:167 30:512 31:781
level 251: +1871 new (total 15113307) 514s  bylen: 25:7 26:2 27:54 28:63 29:293 30:180 31:1272
level 252: +1382 new (total 15114689) 514s  bylen: 24:1 26:15 27:19 28:115 29:122 30:526 31:584
level 253: +1586 new (total 15116275) 514s  bylen: 25:7 26:3 27:51 28:38 29:269 30:84 31:1134
level 254: +1074 new (total 15117349) 514s  bylen: 26:22 27:11 28:105 29:60 30:499 31:377
level 255: +1463 new (total 15118812) 514s  bylen: 25:5 26:3 27:58 28:21 29:259 30:61 31:1056
level 256: +950 new (total 15119762) 514s  bylen: 26:21 27:18 28:122 29:40 30:501 31:248
level 257: +1512 new (total 15121274) 514s  bylen: 25:4 26:1 27:52 28:23 29:247 30:52 31:1133
level 258: +897 new (total 15122171) 514s  bylen: 26:20 27:8 28:131 29:32 30:541 31:165
level 259: +1517 new (total 15123688) 514s  bylen: 25:5 26:1 27:45 28:20 29:279 30:27 31:1140
level 260: +815 new (total 15124503) 514s  bylen: 24:1 26:17 27:8 28:133 29:17 30:529 31:110
level 261: +1474 new (total 15125977) 514s  bylen: 25:6 26:1 27:49 28:12 29:250 30:27 31:1129
level 262: +759 new (total 15126736) 514s  bylen: 24:2 26:17 27:8 28:141 29:13 30:510 31:68
level 263: +1473 new (total 15128209) 514s  bylen: 25:7 27:45 28:18 29:273 30:30 31:1100
level 264: +741 new (total 15128950) 514s  bylen: 24:3 26:21 27:6 28:136 29:17 30:491 31:67
level 265: +1488 new (total 15130438) 514s  bylen: 25:8 26:1 27:43 28:11 29:299 30:22 31:1104
level 266: +778 new (total 15131216) 514s  bylen: 24:2 26:21 27:5 28:143 29:10 30:526 31:71
level 267: +1508 new (total 15132724) 514s  bylen: 25:10 26:2 27:51 28:12 29:303 30:27 31:1103
level 268: +879 new (total 15133603) 514s  bylen: 24:1 26:23 27:6 28:131 29:19 30:597 31:102
level 269: +1556 new (total 15135159) 514s  bylen: 25:7 26:1 27:57 28:21 29:288 30:45 31:1137
level 270: +899 new (total 15136058) 514s  bylen: 24:1 26:23 27:6 28:126 29:33 30:588 31:122
level 271: +1482 new (total 15137540) 514s  bylen: 25:6 27:61 28:15 29:259 30:49 31:1092
level 272: +785 new (total 15138325) 514s  bylen: 24:2 26:14 27:5 28:143 29:23 30:519 31:79
level 273: +1386 new (total 15139711) 514s  bylen: 25:7 27:57 28:10 29:223 30:28 31:1061
level 274: +703 new (total 15140414) 514s  bylen: 24:1 26:17 27:1 28:134 29:12 30:486 31:52
level 275: +1267 new (total 15141681) 514s  bylen: 25:9 27:43 28:5 29:235 30:17 31:958
level 276: +655 new (total 15142336) 515s  bylen: 26:20 27:2 28:105 29:9 30:488 31:31
level 277: +1188 new (total 15143524) 515s  bylen: 25:4 27:51 28:2 29:219 30:12 31:900
level 278: +572 new (total 15144096) 515s  bylen: 26:17 27:1 28:110 29:4 30:432 31:8
level 279: +1100 new (total 15145196) 515s  bylen: 25:1 27:41 28:2 29:188 30:3 31:865
level 280: +465 new (total 15145661) 515s  bylen: 26:10 28:102 29:1 30:347 31:5
level 281: +914 new (total 15146575) 515s  bylen: 25:2 27:26 28:1 29:165 31:720
level 282: +349 new (total 15146924) 515s  bylen: 26:7 27:1 28:68 30:270 31:3
level 283: +656 new (total 15147580) 515s  bylen: 25:3 27:28 28:1 29:114 30:2 31:508
level 284: +326 new (total 15147906) 515s  bylen: 26:8 28:54 29:1 30:259 31:4
level 285: +594 new (total 15148500) 515s  bylen: 25:2 27:32 28:2 29:108 31:450
level 286: +343 new (total 15148843) 515s  bylen: 26:10 27:1 28:62 29:1 30:262 31:7
level 287: +657 new (total 15149500) 515s  bylen: 25:1 27:28 29:103 30:3 31:522
level 288: +313 new (total 15149813) 515s  bylen: 26:7 27:1 28:66 30:237 31:2
level 289: +638 new (total 15150451) 515s  bylen: 25:1 27:28 28:3 29:96 30:2 31:508
level 290: +287 new (total 15150738) 515s  bylen: 26:6 28:58 29:2 30:205 31:16
level 291: +551 new (total 15151289) 515s  bylen: 25:2 27:16 28:2 29:107 30:2 31:422
level 292: +240 new (total 15151529) 515s  bylen: 26:7 27:1 28:50 29:3 30:171 31:8
level 293: +540 new (total 15152069) 515s  bylen: 25:1 27:23 28:1 29:94 30:2 31:419
level 294: +265 new (total 15152334) 515s  bylen: 26:10 28:53 29:1 30:197 31:4
level 295: +632 new (total 15152966) 515s  bylen: 27:28 28:3 29:111 31:490
level 296: +312 new (total 15153278) 515s  bylen: 26:6 27:1 28:67 29:2 30:228 31:8
level 297: +675 new (total 15153953) 515s  bylen: 27:24 28:1 29:140 30:1 31:509
level 298: +265 new (total 15154218) 515s  bylen: 26:3 27:1 28:55 30:202 31:4
level 299: +503 new (total 15154721) 515s  bylen: 27:16 28:2 29:95 30:2 31:388
level 300: +194 new (total 15154915) 515s  bylen: 26:3 28:28 29:2 30:154 31:7
level 301: +335 new (total 15155250) 515s  bylen: 27:14 28:2 29:58 30:2 31:259
level 302: +152 new (total 15155402) 515s  bylen: 26:3 27:1 28:28 29:3 30:111 31:6
level 303: +296 new (total 15155698) 515s  bylen: 27:15 28:1 29:40 30:4 31:236
level 304: +146 new (total 15155844) 515s  bylen: 26:3 27:2 28:31 30:105 31:5
level 305: +301 new (total 15156145) 515s  bylen: 26:1 27:16 28:1 29:35 30:3 31:245
level 306: +156 new (total 15156301) 515s  bylen: 26:2 28:34 29:1 30:100 31:19
level 307: +297 new (total 15156598) 515s  bylen: 26:1 27:13 28:1 29:41 30:5 31:236
level 308: +150 new (total 15156748) 515s  bylen: 26:1 27:2 28:35 29:3 30:85 31:24
level 309: +276 new (total 15157024) 515s  bylen: 27:8 28:4 29:38 30:9 31:217
level 310: +112 new (total 15157136) 515s  bylen: 26:3 27:1 28:25 29:5 30:60 31:18
level 311: +229 new (total 15157365) 515s  bylen: 27:8 28:1 29:30 30:5 31:185
level 312: +93 new (total 15157458) 515s  bylen: 26:3 28:21 29:1 30:61 31:7
level 313: +215 new (total 15157673) 515s  bylen: 25:1 27:8 29:29 30:1 31:176
level 314: +96 new (total 15157769) 515s  bylen: 26:3 28:24 30:69
level 315: +228 new (total 15157997) 515s  bylen: 25:2 27:9 29:36 31:181
level 316: +135 new (total 15158132) 515s  bylen: 26:7 28:24 30:104
level 317: +320 new (total 15158452) 515s  bylen: 25:2 27:15 29:51 31:252
level 318: +203 new (total 15158655) 515s  bylen: 26:10 28:44 30:149
level 319: +516 new (total 15159171) 515s  bylen: 25:1 27:28 29:71 31:416
level 320: +280 new (total 15159451) 515s  bylen: 26:9 28:60 30:211
level 321: +591 new (total 15160042) 515s  bylen: 27:34 29:91 31:466
level 322: +276 new (total 15160318) 515s  bylen: 26:6 28:69 30:201
level 323: +567 new (total 15160885) 515s  bylen: 25:1 27:22 29:91 31:453
level 324: +217 new (total 15161102) 515s  bylen: 26:3 28:66 30:148
level 325: +482 new (total 15161584) 515s  bylen: 25:1 27:17 29:74 31:390
level 326: +165 new (total 15161749) 515s  bylen: 26:8 28:43 30:114
level 327: +407 new (total 15162156) 515s  bylen: 27:18 29:70 31:319
level 328: +157 new (total 15162313) 515s  bylen: 26:6 28:49 30:102
level 329: +391 new (total 15162704) 515s  bylen: 25:2 27:18 29:57 31:314
level 330: +159 new (total 15162863) 515s  bylen: 26:3 28:43 30:113
level 331: +320 new (total 15163183) 515s  bylen: 25:2 27:13 29:58 31:247
level 332: +132 new (total 15163315) 515s  bylen: 26:8 28:34 30:90
level 333: +336 new (total 15163651) 515s  bylen: 27:13 29:50 31:273
level 334: +148 new (total 15163799) 515s  bylen: 26:6 28:37 30:105
level 335: +360 new (total 15164159) 515s  bylen: 27:8 29:61 31:291
level 336: +129 new (total 15164288) 515s  bylen: 26:2 28:23 30:104
level 337: +248 new (total 15164536) 515s  bylen: 27:4 29:50 31:194
level 338: +74 new (total 15164610) 515s  bylen: 26:1 28:11 30:62
level 339: +123 new (total 15164733) 515s  bylen: 27:5 29:19 31:99
level 340: +37 new (total 15164770) 515s  bylen: 28:7 30:30
level 341: +58 new (total 15164828) 515s  bylen: 27:4 29:10 31:44
level 342: +21 new (total 15164849) 515s  bylen: 26:1 28:5 30:15
level 343: +49 new (total 15164898) 515s  bylen: 27:2 29:7 31:40
level 344: +19 new (total 15164917) 515s  bylen: 26:1 28:8 30:10
level 345: +59 new (total 15164976) 515s  bylen: 27:2 29:12 31:45
level 346: +18 new (total 15164994) 515s  bylen: 28:7 30:11
level 347: +37 new (total 15165031) 515s  bylen: 27:2 29:8 31:27
level 348: +11 new (total 15165042) 515s  bylen: 28:1 30:10
level 349: +10 new (total 15165052) 515s  bylen: 27:1 29:5 31:4
level 350: +3 new (total 15165055) 515s  bylen: 28:1 30:2
level 351: +6 new (total 15165061) 515s  bylen: 31:6
level 352: +1 new (total 15165062) 515s  bylen: 30:1
level 353: +1 new (total 15165063) 515s  bylen: 27:1
level 354: +2 new (total 15165065) 515s  bylen: 30:2
level 355: +1 new (total 15165066) 515s  bylen: 31:1
level 356: +1 new (total 15165067) 515s  bylen: 28:1
level 357: +4 new (total 15165071) 515s  bylen: 29:1 31:3
level 358: +1 new (total 15165072) 515s  bylen: 28:1
level 359: +2 new (total 15165074) 515s  bylen: 29:1 31:1
level 360: +0 new (total 15165074) 515s  bylen:
RESULT start=XyyxYYY|XXXYxxy cap=31 conj=8 nosym=0 states=15165074 levels=360 complete=1 hit=1 overflow=0 time=515s
states by total length: 14:2 15:4 16:11 17:51 18:79 19:324 20:455 21:1756 22:2687 23:9844 24:15287 25:54733 26:88812 27:313632 28:521121 29:1760528 30:2857754 31:9537994
