start xxyXy|xyyyyyxYY cap=29 conj=8 nosym=0 threads=3 maxstates=100000000
target 0: xyxYXY|xxxxYYY
target 1: xxxyXXY|xyyXYYY
target 2: xxxyXXy|xyyXYYY
target 3: x|y
target 4: xxyXy|xyyyyyxYY
target 5: xxxxyXy|xyyyxYY
target 6: xxyxxYY|xyXYYXy
start equals target 4
level 1: +6072 new (total 6073) 0s  bylen: 15:2 17:6 19:20 21:46 23:158 25:440 27:1360 29:4040
level 2: +39827 new (total 45900) 0s  bylen: 16:7 17:2 18:29 20:135 21:9 22:524 23:35 24:2051 25:122 26:7560 27:328 28:27905 29:1120
level 3: +341550 new (total 387450) 2s  bylen: 15:2 16:1 17:11 18:5 19:93 20:8 21:547 22:43 23:2787 24:91 25:13450 26:342 27:60622 28:962 29:262586
level 4: +387216 new (total 774666) 9s  bylen: 14:1 15:2 16:4 17:4 18:32 19:14 20:242 21:66 22:1650 23:276 24:10069 25:965 26:56834 27:3582 28:300521 29:12954
level 5: +1420293 new (total 2194959) 21s  bylen: 15:4 16:1 17:14 18:6 19:120 20:41 21:762 22:151 23:4950 24:652 25:32146 26:2731 27:198808 28:11282 29:1168625
level 6: +798224 new (total 2993183) 51s  bylen: 16:6 17:4 18:38 19:18 20:300 21:114 22:1996 23:556 24:14299 25:2575 26:95108 27:11316 28:621649 29:50245
level 7: +2249430 new (total 5242613) 74s  bylen: 15:1 17:11 18:3 19:100 20:14 21:793 22:88 23:5631 24:562 25:41183 26:2983 27:281856 28:16473 29:1899732
level 8: +945609 new (total 6188222) 124s  bylen: 15:1 16:2 17:2 18:22 19:9 20:166 21:54 22:1540 23:262 24:13544 25:1430 26:105134 27:7901 28:773052 29:42490
level 9: +2274443 new (total 8462665) 153s  bylen: 14:1 15:4 16:1 17:5 18:10 19:58 20:27 21:345 22:99 23:3339 24:471 25:29338 26:2011 27:250026 28:10014 29:1978694
level 10: +688935 new (total 9151600) 202s  bylen: 14:1 15:4 16:1 17:13 18:16 19:65 20:98 21:269 22:761 23:957 24:6506 25:3718 26:60265 27:14419 28:542544 29:59298
level 11: +1452360 new (total 10603960) 231s  bylen: 15:4 16:3 17:13 18:16 19:84 20:82 21:452 22:421 23:2649 24:1866 25:18068 26:8017 27:145380 28:33667 29:1241638
level 12: +691714 new (total 11295674) 273s  bylen: 15:4 17:15 18:5 19:106 20:51 21:627 22:321 23:3207 24:2948 25:14979 26:27746 27:69091 28:267825 29:304789
level 13: +1277424 new (total 12573098) 302s  bylen: 15:3 17:15 18:6 19:95 20:38 21:684 22:271 23:4202 24:1602 25:25136 26:9257 27:154080 28:47056 29:1034979
level 14: +1223239 new (total 13796337) 352s  bylen: 17:17 18:3 19:100 20:46 21:660 22:267 23:4396 24:1485 25:27536 26:12418 27:162270 28:116219 29:897822
level 15: +1608696 new (total 15405033) 403s  bylen: 17:6 18:5 19:74 20:27 21:573 22:172 23:4325 24:1088 25:30075 26:6805 27:202076 28:38595 29:1324875
level 16: +1481797 new (total 16886830) 456s  bylen: 18:2 19:40 20:49 21:290 22:345 23:2650 24:2528 25:21802 26:16486 27:165799 28:111218 29:1160588
level 17: +1514172 new (total 18401002) 507s  bylen: 17:1 18:2 19:16 20:24 21:297 22:161 23:2382 24:1050 25:20873 26:6785 27:167517 28:44707 29:1270357
level 18: +1108954 new (total 19509956) 568s  bylen: 16:1 17:1 19:13 20:37 21:95 22:429 23:1013 24:4086 25:9569 26:30570 27:88739 28:214373 29:760028
level 19: +1399863 new (total 20909819) 608s  bylen: 17:2 18:1 19:10 20:10 21:159 22:109 23:1709 24:812 25:16292 26:6512 27:145482 28:47595 29:1181170
level 20: +811201 new (total 21721020) 637s  bylen: 18:3 19:7 20:35 21:45 22:309 23:436 24:3583 25:4383 26:34344 27:44416 28:295631 29:428009
level 21: +1198946 new (total 22919966) 656s  bylen: 18:1 19:6 20:6 21:113 22:56 23:1075 24:446 25:10971 26:4355 27:111132 28:36061 29:1034724
level 22: +517540 new (total 23437506) 679s  bylen: 17:1 19:7 20:15 21:31 22:172 23:253 24:2305 25:2283 26:24546 27:22442 28:241676 29:223809
level 23: +824622 new (total 24262128) 694s  bylen: 17:1 18:1 19:4 20:7 21:43 22:36 23:610 24:342 25:6431 26:2908 27:71154 28:24584 29:718501
level 24: +307316 new (total 24569444) 709s  bylen: 20:2 21:24 22:74 23:168 24:1107 25:1432 26:14277 27:12911 28:155802 29:121519
level 25: +490960 new (total 25060404) 717s  bylen: 19:2 20:1 21:14 22:26 23:233 24:204 25:3155 26:1903 27:38362 28:15932 29:431128
level 26: +164961 new (total 25225365) 726s  bylen: 17:1 19:1 20:2 21:17 22:27 23:99 24:461 25:733 26:6897 27:7028 28:85852 29:63843
level 27: +261914 new (total 25487279) 730s  bylen: 19:2 20:1 21:18 22:19 23:108 24:141 25:1513 26:1353 27:18972 28:10902 29:228885
level 28: +89364 new (total 25576643) 734s  bylen: 19:3 21:10 22:7 23:79 24:159 25:573 26:2939 27:4944 28:42467 29:38183
level 29: +130243 new (total 25706886) 736s  bylen: 19:1 21:9 22:3 23:81 24:62 25:744 26:702 27:8860 28:6945 29:112836
level 30: +47327 new (total 25754213) 738s  bylen: 21:7 22:2 23:44 24:63 25:414 26:1059 27:3236 28:18444 29:24058
level 31: +60739 new (total 25814952) 739s  bylen: 19:1 21:4 22:1 23:43 24:32 25:372 26:397 27:4284 28:4153 29:51452
level 32: +26330 new (total 25841282) 740s  bylen: 19:1 21:6 22:2 23:42 24:18 25:307 26:366 27:2233 28:6975 29:16380
level 33: +29347 new (total 25870629) 741s  bylen: 19:2 21:5 23:31 24:24 25:247 26:221 27:2361 28:2491 29:23965
level 34: +17054 new (total 25887683) 741s  bylen: 17:1 20:2 21:5 22:2 23:31 24:6 25:283 26:124 27:1946 28:2303 29:12351
level 35: +16844 new (total 25904527) 742s  bylen: 20:1 21:5 22:3 23:43 24:26 25:254 26:168 27:1609 28:1529 29:13206
level 36: +12433 new (total 25916960) 742s  bylen: 21:3 22:1 23:28 24:15 25:184 26:63 27:1563 28:783 29:9793
level 37: +10052 new (total 25927012) 742s  bylen: 21:3 23:22 25:158 26:59 27:1130 28:708 29:7972
level 38: +8444 new (total 25935456) 742s  bylen: 21:3 22:2 23:18 24:7 25:143 26:41 27:1028 28:344 29:6858
level 39: +7254 new (total 25942710) 742s  bylen: 23:11 25:143 26:18 27:907 28:309 29:5866
level 40: +6185 new (total 25948895) 743s  bylen: 22:1 23:16 24:4 25:99 26:25 27:729 28:149 29:5162
level 41: +5166 new (total 25954061) 743s  bylen: 23:12 25:69 26:1 27:683 28:105 29:4296
level 42: +4151 new (total 25958212) 743s  bylen: 21:2 22:1 23:6 24:2 25:86 26:16 27:567 28:72 29:3399
level 43: +3886 new (total 25962098) 743s  bylen: 23:4 25:70 26:2 27:477 28:32 29:3301
level 44: +2904 new (total 25965002) 743s  bylen: 21:1 23:5 24:2 25:47 26:4 27:387 28:36 29:2422
level 45: +2445 new (total 25967447) 743s  bylen: 23:6 25:25 26:1 27:293 28:11 29:2109
level 46: +1895 new (total 25969342) 743s  bylen: 23:2 24:1 25:41 26:3 27:271 28:9 29:1568
level 47: +1720 new (total 25971062) 743s  bylen: 23:2 25:28 27:193 28:10 29:1487
level 48: +1401 new (total 25972463) 743s  bylen: 21:1 23:2 24:1 25:22 26:1 27:203 28:5 29:1166
level 49: +1229 new (total 25973692) 743s  bylen: 25:21 27:139 28:2 29:1067
level 50: +856 new (total 25974548) 743s  bylen: 23:1 25:13 26:2 27:115 28:1 29:724
level 51: +660 new (total 25975208) 743s  bylen: 23:1 25:8 27:78 28:1 29:572
level 52: +536 new (total 25975744) 743s  bylen: 23:2 25:11 26:1 27:67 28:1 29:454
level 53: +489 new (total 25976233) 743s  bylen: 25:7 27:70 28:1 29:411
level 54: +360 new (total 25976593) 743s  bylen: 23:2 25:5 26:1 27:47 29:305
level 55: +324 new (total 25976917) 743s  bylen: 25:1 27:49 28:1 29:273
level 56: +215 new (total 25977132) 743s  bylen: 25:5 27:21 29:189
level 57: +183 new (total 25977315) 743s  bylen: 25:1 27:22 29:160
level 58: +147 new (total 25977462) 743s  bylen: 25:3 27:16 29:128
level 59: +114 new (total 25977576) 743s  bylen: 25:4 27:6 29:104
level 60: +96 new (total 25977672) 743s  bylen: 25:2 27:12 29:82
level 61: +67 new (total 25977739) 743s  bylen: 25:1 27:5 29:61
level 62: +47 new (total 25977786) 743s  bylen: 25:1 27:7 29:39
level 63: +41 new (total 25977827) 743s  bylen: 27:3 29:38
level 64: +25 new (total 25977852) 743s  bylen: 25:1 27:3 29:21
level 65: +32 new (total 25977884) 743s  bylen: 27:3 29:29
level 66: +20 new (total 25977904) 743s  bylen: 25:2 27:2 29:16
level 67: +32 new (total 25977936) 743s  bylen: 27:6 29:26
level 68: +23 new (total 25977959) 743s  bylen: 25:2 27:1 29:20
level 69: +30 new (total 25977989) 743s  bylen: 27:4 29:26
level 70: +16 new (total 25978005) 743s  bylen: 25:1 27:2 29:13
level 71: +19 new (total 25978024) 743s  bylen: 27:4 29:15
level 72: +12 new (total 25978036) 743s  bylen: 27:1 29:11
level 73: +5 new (total 25978041) 743s  bylen: 29:5
level 74: +4 new (total 25978045) 743s  bylen: 27:1 29:3
level 75: +5 new (total 25978050) 743s  bylen: 25:1 29:4
level 76: +14 new (total 25978064) 743s  bylen: 25:1 27:1 29:12
level 77: +14 new (total 25978078) 743s  bylen: 27:2 29:12
level 78: +5 new (total 25978083) 743s  bylen: 29:5
level 79: +1 new (total 25978084) 743s  bylen: 29:1
level 80: +1 new (total 25978085) 743s  bylen: 29:1
level 81: +0 new (total 25978085) 743s  bylen:
RESULT start=xxyXy|xyyyyyxYY cap=29 conj=8 nosym=0 states=25978085 levels=81 complete=1 hit=0 overflow=0 time=743s
states by total length: 14:4 15:31 16:27 17:146 18:206 19:1072 20:1467 21:7211 22:10092 23:49000 24:74721 25:344998 26:554361 27:2495660 28:4179984 29:18259105
