start xxxxyXy|xyyyxYY cap=31 conj=8 nosym=0 threads=3 maxstates=100000000
target 0: xyxYXY|xxxxYYY
target 1: xxxyXXY|xyyXYYY
target 2: xxxyXXy|xyyXYYY
target 3: x|y
target 4: xxyXy|xyyyyyxYY
target 5: xxxxyXy|xyyyxYY
target 6: xxyxxYY|xyXYYXy
start equals target 5
level 1: +11900 new (total 11901) 0s  bylen: 17:4 19:12 21:44 23:80 25:312 27:864 29:2664 31:7920
level 2: +41034 new (total 52935) 1s  bylen: 16:2 18:3 19:3 20:28 21:4 22:111 23:20 24:506 25:81 26:1958 27:270 28:7328 29:846 30:27172 31:2702
level 3: +173824 new (total 226759) 3s  bylen: 17:2 18:1 19:14 20:1 21:55 22:6 23:356 24:14 25:1566 26:87 27:7159 28:251 29:31206 30:818 31:132288
level 4: +124873 new (total 351632) 11s  bylen: 16:2 18:4 19:2 20:17 21:9 22:131 23:32 24:670 25:129 26:3687 27:488 28:18777 29:1787 30:92963 31:6175
level 5: +318090 new (total 669722) 18s  bylen: 17:2 19:10 20:1 21:57 22:9 23:324 24:27 25:1795 26:128 27:9326 28:521 29:49387 30:1995 31:254508
level 6: +151336 new (total 821058) 32s  bylen: 18:1 19:1 20:8 21:3 22:81 23:12 24:593 25:72 26:3576 27:316 28:21069 29:1375 30:118523 31:5706
level 7: +314698 new (total 1135756) 40s  bylen: 20:1 21:10 22:3 23:87 24:14 25:859 26:47 27:6476 28:219 29:43449 30:1020 31:262513
level 8: +93354 new (total 1229110) 53s  bylen: 19:1 20:3 21:3 22:16 23:8 24:147 25:35 26:1302 27:145 28:10446 29:678 30:77623 31:2947
level 9: +164200 new (total 1393310) 59s  bylen: 20:1 21:1 22:1 23:24 24:19 25:240 26:37 27:2181 28:175 29:18770 30:652 31:142099
level 10: +39979 new (total 1433289) 65s  bylen: 21:1 22:2 23:6 24:35 25:31 26:381 27:132 28:3717 29:602 30:32487 31:2585
level 11: +63693 new (total 1496982) 66s  bylen: 22:1 24:9 25:37 26:24 27:594 28:76 29:6110 30:356 31:56486
level 12: +13300 new (total 1510282) 69s  bylen: 23:2 24:6 25:12 26:80 27:73 28:1036 29:264 30:10731 31:1096
level 13: +20633 new (total 1530915) 69s  bylen: 24:3 26:6 27:123 28:40 29:1682 30:186 31:18593
level 14: +4038 new (total 1534953) 70s  bylen: 25:2 26:12 27:21 28:252 29:91 30:3292 31:368
level 15: +6024 new (total 1540977) 70s  bylen: 26:4 27:6 28:9 29:387 30:56 31:5562
level 16: +1042 new (total 1542019) 70s  bylen: 26:4 27:2 28:60 29:23 30:864 31:89
level 17: +1752 new (total 1543771) 70s  bylen: 28:1 29:75 30:13 31:1663
level 18: +259 new (total 1544030) 70s  bylen: 28:10 29:1 30:234 31:14
level 19: +362 new (total 1544392) 70s  bylen: 29:2 30:2 31:358
level 20: +78 new (total 1544470) 70s  bylen: 28:4 29:2 30:70 31:2
level 21: +115 new (total 1544585) 70s  bylen: 25:1 26:1 27:1 31:112
level 22: +28 new (total 1544613) 70s  bylen: 26:1 27:1 28:2 29:2 30:15 31:7
level 23: +23 new (total 1544636) 70s  bylen: 25:1 27:1 28:1 29:3 30:1 31:16
level 24: +21 new (total 1544657) 70s  bylen: 26:1 28:2 29:2 30:6 31:10
level 25: +11 new (total 1544668) 70s  bylen: 27:1 29:3 31:7
level 26: +6 new (total 1544674) 70s  bylen: 30:2 31:4
level 27: +2 new (total 1544676) 70s  bylen: 29:1 31:1
level 28: +0 new (total 1544676) 70s  bylen:
RESULT start=xxxxyXy|xyyyxYY cap=31 conj=8 nosym=0 states=1544676 levels=28 complete=1 hit=0 overflow=0 time=70s
states by total length: 14:1 16:4 17:8 18:9 19:43 20:60 21:187 22:361 23:951 24:2043 25:5173 26:11336 27:28180 28:63996 29:159412 30:369081 31:903831
