start xxxyXXy|xyyXYYY cap=29 conj=8 nosym=0 threads=4 maxstates=150000000
target 0: xyxYXY|xxxxYYY
target 1: xxxyXXY|xyyXYYY
target 2: xxxyXXy|xyyXYYY
target 3: x|y
target 4: xxyXy|xyyyyyxYY
target 5: xxxxyXy|xyyyxYY
target 6: xxyxxYY|xyXYYXy
start equals target 2
level 1: +7956 new (total 7957) 0s  bylen: 17:8 19:24 21:84 23:160 25:624 27:1728 29:5328
level 2: +21706 new (total 29663) 0s  bylen: 16:1 18:10 19:2 20:40 21:10 22:218 23:48 24:973 25:148 26:3764 27:546 28:14310 29:1636
level 3: +69795 new (total 99458) 1s  bylen: 17:3 19:14 21:84 22:7 23:504 24:24 25:2453 26:67 27:12104 28:238 29:54297
level 4: +35790 new (total 135248) 3s  bylen: 18:5 20:28 21:7 22:150 23:25 24:919 25:123 26:5162 27:466 28:27328 29:1577
level 5: +75367 new (total 210615) 4s  bylen: 17:3 19:4 20:1 21:34 22:3 23:321 24:9 25:1868 26:38 27:11017 28:120 29:61949
level 6: +27370 new (total 237985) 7s  bylen: 18:3 19:1 20:10 21:7 22:81 23:21 24:489 25:120 26:3472 27:339 28:21707 29:1120
level 7: +50362 new (total 288347) 8s  bylen: 17:2 19:1 20:1 21:27 22:7 23:148 24:14 25:931 26:67 27:6688 28:223 29:42253
level 8: +15975 new (total 304322) 10s  bylen: 18:3 19:1 20:6 21:7 22:60 23:20 24:290 25:129 26:1700 27:450 28:11553 29:1756
level 9: +30958 new (total 335280) 10s  bylen: 17:2 18:1 19:5 20:1 21:19 22:5 23:143 24:20 25:731 26:68 27:4185 28:181 29:25597
level 10: +14885 new (total 350165) 11s  bylen: 18:5 19:5 20:17 21:11 22:64 23:48 24:326 25:179 26:1713 27:624 28:9623 29:2270
level 11: +36951 new (total 387116) 11s  bylen: 15:1 17:1 18:2 19:10 20:8 21:48 22:40 23:206 24:159 25:1033 26:580 27:5227 28:2276 29:27360
level 12: +35146 new (total 422262) 13s  bylen: 16:2 17:2 18:2 19:7 20:24 21:48 22:117 23:200 24:556 25:757 26:2814 27:3238 28:14230 29:13149
level 13: +66507 new (total 488769) 14s  bylen: 17:3 18:1 19:14 20:15 21:62 22:64 23:386 24:359 25:1848 26:1746 27:8939 28:8439 29:44631
level 14: +59312 new (total 548081) 16s  bylen: 16:1 18:1 19:3 20:22 21:33 22:95 23:189 24:559 25:1088 26:3311 27:5848 28:18680 29:29482
level 15: +65472 new (total 613553) 18s  bylen: 17:3 18:1 19:8 20:2 21:46 22:12 23:246 24:197 25:1339 26:1455 27:7782 28:9809 29:44572
level 16: +43817 new (total 657370) 20s  bylen: 16:1 18:4 19:7 20:13 21:25 22:97 23:87 24:469 25:526 26:2440 27:3449 28:14398 29:22301
level 17: +52822 new (total 710192) 21s  bylen: 16:1 17:2 18:1 19:11 20:8 21:45 22:38 23:251 24:158 25:1326 26:968 27:6938 28:6040 29:37035
level 18: +40247 new (total 750439) 23s  bylen: 16:1 18:1 19:11 20:16 21:46 22:80 23:166 24:459 25:707 26:2526 27:3568 28:14200 29:18466
level 19: +50944 new (total 801383) 25s  bylen: 18:2 19:8 20:6 21:40 22:61 23:203 24:292 25:1101 26:1477 27:6101 28:7570 29:34083
level 20: +36312 new (total 837695) 26s  bylen: 18:5 19:4 20:7 21:21 22:59 23:92 24:353 25:587 26:2039 27:3291 28:11673 29:18181
level 21: +40107 new (total 877802) 28s  bylen: 17:3 18:2 19:5 20:4 21:43 22:33 23:187 24:170 25:876 26:931 27:4892 28:5453 29:27508
level 22: +30655 new (total 908457) 29s  bylen: 17:1 18:8 19:4 20:23 21:17 22:97 23:112 24:458 25:461 26:2422 27:2396 28:12284 29:12372
level 23: +51190 new (total 959647) 30s  bylen: 15:1 17:1 19:12 20:13 21:52 22:32 23:320 24:193 25:1475 26:931 27:7174 28:4722 29:36264
level 24: +41180 new (total 1000827) 31s  bylen: 18:6 19:13 20:19 21:30 22:123 23:180 24:613 25:715 26:3455 27:3295 28:17851 29:14880
level 25: +72909 new (total 1073736) 33s  bylen: 17:4 19:15 20:1 21:74 22:6 23:424 24:70 25:2206 26:537 27:10875 28:3478 29:55219
level 26: +68600 new (total 1142336) 35s  bylen: 17:2 18:2 19:16 20:10 21:77 22:77 23:368 24:436 25:1784 26:2576 27:8444 28:15515 29:39293
level 27: +121863 new (total 1264199) 37s  bylen: 17:1 19:18 21:92 22:4 23:640 24:15 25:3429 26:130 27:18701 28:817 29:98016
level 28: +121456 new (total 1385655) 41s  bylen: 18:1 19:8 20:9 21:50 22:47 23:377 24:290 25:2564 26:1725 27:15698 28:10215 29:90472
level 29: +122409 new (total 1508064) 44s  bylen: 19:6 21:46 23:348 24:5 25:2348 26:24 27:16029 28:189 29:103414
level 30: +77652 new (total 1585716) 48s  bylen: 18:2 20:6 21:15 22:40 23:124 24:222 25:1041 26:1334 27:8186 28:8013 29:58669
level 31: +63474 new (total 1649190) 50s  bylen: 17:1 19:3 20:1 21:20 22:4 23:160 24:2 25:1098 26:22 27:7837 28:63 29:54263
level 32: +32564 new (total 1681754) 52s  bylen: 16:1 19:1 20:10 21:5 22:47 23:32 24:252 25:274 26:1383 27:2458 28:7882 29:20219
level 33: +36579 new (total 1718333) 53s  bylen: 17:1 19:5 20:1 21:32 22:2 23:150 24:17 25:812 26:69 27:4831 28:267 29:30392
level 34: +17645 new (total 1735978) 54s  bylen: 16:1 18:1 19:1 20:11 21:7 22:55 23:18 24:336 25:87 26:1692 27:627 28:9642 29:5167
level 35: +32134 new (total 1768112) 55s  bylen: 17:2 19:12 20:2 21:24 22:2 23:163 24:22 25:879 26:74 27:4605 28:296 29:26053
level 36: +16653 new (total 1784765) 56s  bylen: 18:2 19:9 20:17 21:5 22:67 23:42 24:387 25:165 26:2053 27:568 28:10795 29:2543
level 37: +36305 new (total 1821070) 56s  bylen: 17:2 19:2 20:4 21:32 22:11 23:179 24:52 25:956 26:138 27:5341 28:565 29:29023
level 38: +17507 new (total 1838577) 57s  bylen: 18:1 19:3 20:5 21:16 22:48 23:53 24:276 25:248 26:1655 27:1076 28:9646 29:4480
level 39: +29163 new (total 1867740) 58s  bylen: 19:2 21:19 22:11 23:121 24:24 25:689 26:112 27:4086 28:442 29:23657
level 40: +12376 new (total 1880116) 59s  bylen: 19:1 20:5 21:7 22:25 23:22 24:183 25:149 26:1146 27:664 28:6873 29:3301
level 41: +20664 new (total 1900780) 59s  bylen: 19:1 20:1 21:13 22:5 23:76 24:10 25:476 26:57 27:2871 28:240 29:16914
level 42: +8882 new (total 1909662) 59s  bylen: 19:2 20:7 22:23 23:17 24:155 25:98 26:926 27:440 28:5488 29:1726
level 43: +17977 new (total 1927639) 60s  bylen: 19:2 21:10 22:8 23:81 24:6 25:422 26:68 27:2582 28:203 29:14595
level 44: +8628 new (total 1936267) 60s  bylen: 18:1 20:3 21:5 22:32 23:17 24:183 25:94 26:939 27:386 28:5730 29:1238
level 45: +18734 new (total 1955001) 60s  bylen: 19:3 20:1 21:12 22:7 23:98 24:50 25:507 26:198 27:2776 28:349 29:14733
level 46: +10504 new (total 1965505) 61s  bylen: 18:1 20:7 21:2 22:31 23:29 24:193 25:127 26:1208 27:519 28:6460 29:1927
level 47: +21598 new (total 1987103) 61s  bylen: 19:4 21:15 22:5 23:89 24:39 25:577 26:231 27:3169 28:992 29:16477
level 48: +12366 new (total 1999469) 62s  bylen: 18:1 20:5 21:3 22:48 23:26 24:216 25:133 26:1289 27:682 28:7357 29:2606
level 49: +23626 new (total 2023095) 62s  bylen: 19:3 21:10 22:7 23:97 24:31 25:631 26:239 27:3273 28:1034 29:18301
level 50: +12011 new (total 2035106) 62s  bylen: 20:5 21:3 22:36 23:20 24:203 25:133 26:1277 27:632 28:7220 29:2482
level 51: +22015 new (total 2057121) 63s  bylen: 21:11 22:6 23:76 24:30 25:511 26:252 27:2999 28:1020 29:17110
level 52: +10677 new (total 2067798) 63s  bylen: 20:2 21:2 22:25 23:21 24:164 25:98 26:1069 27:650 28:6219 29:2427
level 53: +18302 new (total 2086100) 64s  bylen: 21:7 23:69 24:27 25:412 26:194 27:2424 28:910 29:14259
level 54: +9206 new (total 2095306) 64s  bylen: 19:1 20:2 21:2 22:19 23:3 24:143 25:79 26:927 27:522 28:5471 29:2037
level 55: +16511 new (total 2111817) 64s  bylen: 19:1 20:1 21:7 22:2 23:57 24:15 25:388 26:121 27:2289 28:618 29:13012
level 56: +8357 new (total 2120174) 65s  bylen: 19:1 20:3 21:2 22:22 23:10 24:132 25:73 26:908 27:402 28:5200 29:1604
level 57: +15924 new (total 2136098) 65s  bylen: 19:1 20:1 21:9 22:2 23:61 24:11 25:407 26:70 27:2348 28:389 29:12625
level 58: +7924 new (total 2144022) 65s  bylen: 20:5 21:4 22:25 23:13 24:132 25:73 26:957 27:319 28:5159 29:1237
level 59: +16648 new (total 2160670) 66s  bylen: 21:11 23:70 24:13 25:425 26:52 27:2456 28:234 29:13387
level 60: +7689 new (total 2168359) 66s  bylen: 20:2 21:1 22:26 23:4 24:165 25:53 26:885 27:207 28:5440 29:906
level 61: +16049 new (total 2184408) 66s  bylen: 18:1 19:2 21:8 22:1 23:44 24:8 25:407 26:41 27:2421 28:132 29:12984
level 62: +7624 new (total 2192032) 66s  bylen: 19:4 20:3 21:4 22:27 23:16 24:124 25:76 26:816 27:296 28:5137 29:1121
level 63: +15329 new (total 2207361) 67s  bylen: 18:1 19:3 21:10 22:11 23:61 24:27 25:399 26:121 27:2231 28:515 29:11950
level 64: +8152 new (total 2215513) 67s  bylen: 18:2 19:2 20:2 21:9 22:19 23:31 24:147 25:133 26:785 27:472 28:4619 29:1931
level 65: +15319 new (total 2230832) 67s  bylen: 19:4 20:2 21:9 22:6 23:67 24:39 25:453 26:125 27:2294 28:568 29:11752
level 66: +7984 new (total 2238816) 67s  bylen: 17:1 19:2 20:2 21:6 22:17 23:22 24:139 25:97 26:842 27:442 28:4650 29:1764
level 67: +15460 new (total 2254276) 68s  bylen: 17:1 18:1 19:8 20:3 21:26 22:11 23:76 24:26 25:438 26:111 27:2320 28:452 29:11987
level 68: +13800 new (total 2268076) 68s  bylen: 15:1 16:1 17:2 18:3 19:7 20:6 21:19 22:43 23:106 24:195 25:446 26:1002 27:1475 28:5006 29:5488
level 69: +35351 new (total 2303427) 68s  bylen: 16:2 17:6 18:5 19:20 20:22 21:84 22:79 23:306 24:212 25:1272 26:792 27:5623 28:2786 29:24142
level 70: +53850 new (total 2357277) 69s  bylen: 14:1 15:1 17:8 18:4 19:27 20:31 21:79 22:148 23:437 24:603 25:1777 26:2772 27:7005 28:12949 29:28008
level 71: +91622 new (total 2448899) 71s  bylen: 16:1 17:12 18:6 19:48 20:55 21:159 22:158 23:677 24:743 25:2983 26:3218 27:12898 28:13557 29:57107
level 72: +116739 new (total 2565638) 74s  bylen: 15:1 16:1 17:7 18:10 19:31 20:46 21:140 22:237 23:735 24:1264 25:3285 26:5923 27:14402 28:27459 29:63198
level 73: +149890 new (total 2715528) 79s  bylen: 15:2 16:1 17:3 18:8 19:31 20:37 21:157 22:183 23:803 24:848 25:4139 26:4183 27:20484 28:20120 29:98891
level 74: +152171 new (total 2867699) 85s  bylen: 15:1 17:15 18:2 19:47 20:34 21:208 22:157 23:955 24:784 25:4510 26:4630 27:20405 28:24647 29:95776
level 75: +218855 new (total 3086554) 91s  bylen: 15:1 16:1 17:12 18:5 19:53 20:27 21:347 22:126 23:1544 24:682 25:7221 26:3599 27:32980 28:19070 29:153187
level 76: +340320 new (total 3426874) 102s  bylen: 15:1 17:8 18:5 19:61 20:22 21:351 22:130 23:1922 24:596 25:10316 26:3279 27:51899 28:17123 29:254607
level 77: +418607 new (total 3845481) 117s  bylen: 17:7 18:7 19:40 20:29 21:290 22:125 23:1739 24:628 25:10321 26:2967 27:59596 28:15257 29:327601
level 78: +397921 new (total 4243402) 131s  bylen: 16:1 17:5 18:10 19:31 20:23 21:200 22:109 23:1334 24:615 25:8530 26:3123 27:52451 28:15656 29:315833
level 79: +329804 new (total 4573206) 145s  bylen: 15:1 16:3 17:7 18:7 19:45 20:18 21:198 22:130 23:1061 24:658 25:6472 26:3202 27:41167 28:15515 29:261320
level 80: +263939 new (total 4837145) 160s  bylen: 16:1 17:5 18:13 19:39 20:63 21:176 22:308 23:959 24:1327 25:5181 26:5941 27:30724 28:27366 29:191836
level 81: +249153 new (total 5086298) 172s  bylen: 17:3 18:2 19:37 20:36 21:184 22:159 23:1023 24:859 25:5766 26:4398 27:31883 28:21753 29:183050
level 82: +180458 new (total 5266756) 183s  bylen: 15:1 17:4 18:10 19:17 20:31 21:83 22:189 23:565 24:1181 25:3144 26:6800 27:18806 28:36266 29:113361
level 83: +167142 new (total 5433898) 190s  bylen: 16:1 17:5 18:7 19:22 20:24 21:131 22:100 23:704 24:528 25:3886 26:2625 27:21292 28:14620 29:123197
level 84: +119042 new (total 5552940) 196s  bylen: 17:6 18:3 19:16 20:29 21:105 22:120 23:532 24:741 25:2695 26:4445 27:13525 28:24980 29:71845
level 85: +114396 new (total 5667336) 200s  bylen: 17:2 18:3 19:16 20:14 21:84 22:91 23:477 24:455 25:2701 26:2369 27:14597 28:12249 29:81338
level 86: +77810 new (total 5745146) 204s  bylen: 17:2 18:3 19:11 20:13 21:65 22:64 23:311 24:419 25:1612 26:2518 27:9108 28:15037 29:48647
level 87: +65180 new (total 5810326) 207s  bylen: 17:1 18:3 19:11 20:9 21:54 22:34 23:260 24:187 25:1564 26:1048 27:8584 28:5530 29:47895
level 88: +40817 new (total 5851143) 209s  bylen: 16:1 17:1 18:5 19:10 20:13 21:36 22:66 23:215 24:282 25:914 26:1534 27:4687 28:8329 29:24724
level 89: +46979 new (total 5898122) 210s  bylen: 17:3 18:6 19:14 20:11 21:82 22:57 23:325 24:264 25:1395 26:1077 27:6804 28:4401 29:32540
level 90: +46484 new (total 5944606) 211s  bylen: 18:3 19:12 20:23 21:37 22:117 23:270 24:584 25:1135 26:2920 27:5092 28:13567 29:22724
level 91: +56793 new (total 6001399) 213s  bylen: 17:1 19:3 20:13 21:44 22:32 23:225 24:256 25:1393 26:1333 27:7593 28:6830 29:39070
level 92: +32391 new (total 6033790) 215s  bylen: 19:4 20:6 21:25 22:29 23:115 24:240 25:616 26:1552 27:3181 28:9716 29:16907
level 93: +27086 new (total 6060876) 216s  bylen: 19:2 20:3 21:21 22:17 23:92 24:81 25:564 26:414 27:3454 28:2643 29:19795
level 94: +14075 new (total 6074951) 217s  bylen: 19:3 20:2 21:19 22:19 23:53 24:92 25:287 26:605 27:1618 28:3483 29:7894
level 95: +14033 new (total 6088984) 217s  bylen: 18:1 19:2 20:4 21:9 22:8 23:58 24:73 25:349 26:206 27:1974 28:1077 29:10272
level 96: +9633 new (total 6098617) 217s  bylen: 19:1 20:7 21:18 22:29 23:40 24:103 25:236 26:589 27:1065 28:3033 29:4512
level 97: +14774 new (total 6113391) 218s  bylen: 20:2 21:17 22:21 23:87 24:113 25:407 26:426 27:2022 28:1955 29:9724
level 98: +12525 new (total 6125916) 218s  bylen: 19:4 20:3 21:8 22:22 23:29 24:140 25:216 26:857 27:1157 28:4580 29:5509
level 99: +15811 new (total 6141727) 219s  bylen: 20:3 21:10 22:15 23:67 24:62 25:340 26:358 27:2098 28:1840 29:11018
level 100: +9613 new (total 6151340) 219s  bylen: 20:1 21:3 22:16 23:40 24:88 25:162 26:635 27:758 28:3838 29:4072
level 101: +11405 new (total 6162745) 220s  bylen: 20:1 21:6 22:5 23:37 24:21 25:251 26:158 27:1519 28:892 29:8515
level 102: +5777 new (total 6168522) 220s  bylen: 20:1 21:4 22:2 23:19 24:76 25:85 26:455 27:381 28:2815 29:1939
level 103: +8065 new (total 6176587) 220s  bylen: 21:4 22:4 23:30 24:23 25:177 26:85 27:1091 28:362 29:6289
level 104: +3915 new (total 6180502) 220s  bylen: 21:1 22:6 23:14 24:45 25:46 26:355 27:279 28:2072 29:1097
level 105: +6332 new (total 6186834) 220s  bylen: 21:2 22:2 23:18 24:16 25:145 26:48 27:829 28:233 29:5039
level 106: +3060 new (total 6189894) 220s  bylen: 21:2 22:3 23:10 24:50 25:46 26:310 27:192 28:1731 29:716
level 107: +5656 new (total 6195550) 220s  bylen: 21:4 22:5 23:13 24:13 25:145 26:39 27:768 28:183 29:4486
level 108: +2900 new (total 6198450) 221s  bylen: 21:2 22:3 23:8 24:51 25:53 26:274 27:187 28:1648 29:674
level 109: +5128 new (total 6203578) 221s  bylen: 21:1 23:12 24:5 25:115 26:38 27:693 28:157 29:4107
level 110: +2256 new (total 6205834) 221s  bylen: 22:4 23:7 24:22 25:24 26:197 27:127 28:1367 29:508
level 111: +3815 new (total 6209649) 221s  bylen: 23:11 24:4 25:87 26:14 27:515 28:62 29:3122
level 112: +1802 new (total 6211451) 221s  bylen: 22:4 23:1 24:20 25:30 26:168 27:103 28:1068 29:408
level 113: +3129 new (total 6214580) 221s  bylen: 23:11 24:2 25:62 26:12 27:492 28:47 29:2503
level 114: +1472 new (total 6216052) 221s  bylen: 22:2 23:1 24:24 25:9 26:142 27:62 28:944 29:288
level 115: +2686 new (total 6218738) 221s  bylen: 23:12 25:56 26:1 27:466 28:25 29:2126
level 116: +1371 new (total 6220109) 221s  bylen: 22:1 23:2 24:27 25:13 26:148 27:38 28:926 29:216
level 117: +2696 new (total 6222805) 221s  bylen: 23:12 25:62 26:1 27:467 28:16 29:2138
level 118: +1401 new (total 6224206) 221s  bylen: 22:2 23:4 24:17 25:10 26:193 27:60 28:943 29:172
level 119: +3013 new (total 6227219) 221s  bylen: 21:2 23:11 24:1 25:59 26:1 27:488 28:22 29:2429
level 120: +1511 new (total 6228730) 221s  bylen: 22:3 23:5 24:23 25:17 26:189 27:49 28:998 29:227
level 121: +3157 new (total 6231887) 221s  bylen: 19:1 22:1 23:13 24:3 25:70 26:3 27:501 28:9 29:2556
level 122: +1691 new (total 6233578) 221s  bylen: 20:1 21:2 22:5 23:1 24:27 25:24 26:166 27:99 28:988 29:378
level 123: +3099 new (total 6236677) 221s  bylen: 21:3 22:1 23:18 24:2 25:85 26:12 27:529 28:47 29:2402
level 124: +1678 new (total 6238355) 221s  bylen: 20:1 22:3 23:3 24:22 25:20 26:166 27:97 28:944 29:422
level 125: +2853 new (total 6241208) 221s  bylen: 21:1 23:15 24:1 25:78 26:2 27:512 28:8 29:2236
level 126: +1530 new (total 6242738) 222s  bylen: 20:2 23:1 24:25 25:13 26:168 27:90 28:931 29:300
level 127: +2887 new (total 6245625) 222s  bylen: 21:2 23:11 25:82 26:2 27:559 28:10 29:2221
level 128: +1512 new (total 6247137) 222s  bylen: 20:1 22:3 24:24 25:13 26:185 27:62 28:975 29:249
level 129: +2784 new (total 6249921) 222s  bylen: 21:1 23:12 24:1 25:83 27:526 28:2 29:2159
level 130: +1393 new (total 6251314) 222s  bylen: 22:2 23:1 24:31 25:12 26:170 27:44 28:958 29:175
level 131: +2639 new (total 6253953) 222s  bylen: 23:10 25:70 27:456 28:3 29:2100
level 132: +1246 new (total 6255199) 222s  bylen: 22:2 23:3 24:23 25:6 26:149 27:36 28:860 29:167
level 133: +2318 new (total 6257517) 222s  bylen: 23:7 25:59 27:373 28:1 29:1878
level 134: +1037 new (total 6258554) 222s  bylen: 22:3 23:4 24:15 25:12 26:143 27:28 28:713 29:119
level 135: +2126 new (total 6260680) 222s  bylen: 23:9 25:52 27:337 28:4 29:1724
level 136: +974 new (total 6261654) 222s  bylen: 22:4 23:1 24:15 25:23 26:122 27:31 28:627 29:151
level 137: +1965 new (total 6263619) 222s  bylen: 23:8 25:54 27:348 28:2 29:1553
level 138: +993 new (total 6264612) 222s  bylen: 21:2 22:2 24:21 25:10 26:125 27:42 28:627 29:164
level 139: +1968 new (total 6266580) 222s  bylen: 23:13 24:3 25:54 26:4 27:376 28:11 29:1507
level 140: +1073 new (total 6267653) 222s  bylen: 19:1 22:2 23:5 24:22 25:12 26:136 27:75 28:630 29:190
level 141: +2232 new (total 6269885) 222s  bylen: 20:1 21:1 22:1 23:10 24:2 25:65 26:25 27:391 28:63 29:1673
level 142: +1370 new (total 6271255) 222s  bylen: 21:3 22:1 23:8 24:26 25:31 26:134 27:144 28:643 29:380
level 143: +2338 new (total 6273593) 222s  bylen: 21:1 23:10 24:4 25:59 26:13 27:417 28:69 29:1765
level 144: +1317 new (total 6274910) 222s  bylen: 22:3 23:3 24:16 25:23 26:143 27:94 28:673 29:362
level 145: +2204 new (total 6277114) 222s  bylen: 21:2 23:6 25:60 27:411 28:4 29:1721
level 146: +1190 new (total 6278304) 222s  bylen: 22:3 24:16 25:11 26:146 27:76 28:682 29:256
level 147: +2018 new (total 6280322) 222s  bylen: 21:1 23:10 25:46 26:1 27:363 29:1597
level 148: +933 new (total 6281255) 222s  bylen: 22:1 24:20 25:5 26:122 27:34 28:598 29:153
level 149: +1539 new (total 6282794) 222s  bylen: 23:7 25:56 27:237 29:1239
level 150: +697 new (total 6283491) 222s  bylen: 24:16 25:1 26:117 27:20 28:452 29:91
level 151: +1214 new (total 6284705) 222s  bylen: 23:6 25:42 27:218 29:948
level 152: +596 new (total 6285301) 222s  bylen: 24:10 25:2 26:99 27:18 28:387 29:80
level 153: +1061 new (total 6286362) 222s  bylen: 23:7 25:29 27:204 29:821
level 154: +566 new (total 6286928) 222s  bylen: 24:12 25:2 26:72 27:28 28:358 29:94
level 155: +995 new (total 6287923) 222s  bylen: 23:6 25:38 27:178 29:773
level 156: +587 new (total 6288510) 222s  bylen: 24:13 25:4 26:75 27:29 28:353 29:113
level 157: +988 new (total 6289498) 222s  bylen: 23:6 25:43 27:181 28:1 29:757
level 158: +598 new (total 6290096) 223s  bylen: 22:1 24:11 25:8 26:88 27:27 28:355 29:108
level 159: +1062 new (total 6291158) 223s  bylen: 21:1 23:6 25:41 26:2 27:214 28:1 29:797
level 160: +670 new (total 6291828) 223s  bylen: 22:1 23:1 24:10 25:9 26:85 27:42 28:364 29:158
level 161: +1098 new (total 6292926) 223s  bylen: 23:9 25:44 27:237 28:1 29:807
level 162: +693 new (total 6293619) 223s  bylen: 22:1 23:2 24:11 25:6 26:74 27:49 28:351 29:199
level 163: +1060 new (total 6294679) 223s  bylen: 23:6 25:43 27:208 28:2 29:801
level 164: +646 new (total 6295325) 223s  bylen: 22:2 24:8 25:10 26:75 27:39 28:343 29:169
level 165: +1065 new (total 6296390) 223s  bylen: 23:5 25:36 27:212 28:2 29:810
level 166: +589 new (total 6296979) 223s  bylen: 22:1 24:15 25:1 26:77 27:33 28:323 29:139
level 167: +976 new (total 6297955) 223s  bylen: 23:5 25:36 27:205 28:1 29:729
level 168: +534 new (total 6298489) 223s  bylen: 22:1 24:11 25:2 26:84 27:12 28:307 29:117
level 169: +935 new (total 6299424) 223s  bylen: 23:2 25:41 27:201 29:691
level 170: +502 new (total 6299926) 223s  bylen: 22:2 24:6 25:1 26:85 27:18 28:301 29:89
level 171: +900 new (total 6300826) 223s  bylen: 23:4 25:27 27:189 28:1 29:679
level 172: +465 new (total 6301291) 223s  bylen: 22:2 24:11 25:4 26:59 27:22 28:317 29:50
level 173: +885 new (total 6302176) 223s  bylen: 23:4 25:37 27:181 29:663
level 174: +489 new (total 6302665) 223s  bylen: 22:2 23:2 24:11 25:3 26:71 27:17 28:311 29:72
level 175: +927 new (total 6303592) 223s  bylen: 23:5 25:49 27:199 28:5 29:669
level 176: +597 new (total 6304189) 223s  bylen: 22:2 24:10 25:6 26:85 27:43 28:351 29:100
level 177: +1067 new (total 6305256) 223s  bylen: 21:1 23:7 25:39 27:219 29:801
level 178: +679 new (total 6305935) 223s  bylen: 22:3 23:1 24:11 25:5 26:96 27:35 28:397 29:131
level 179: +1194 new (total 6307129) 223s  bylen: 21:1 23:3 25:42 27:259 28:2 29:887
level 180: +705 new (total 6307834) 223s  bylen: 22:4 24:7 25:10 26:116 27:22 28:426 29:120
level 181: +1238 new (total 6309072) 223s  bylen: 23:6 25:32 27:255 28:1 29:944
level 182: +638 new (total 6309710) 223s  bylen: 22:2 24:13 25:6 26:90 27:20 28:435 29:72
level 183: +1136 new (total 6310846) 223s  bylen: 23:4 25:30 27:220 28:1 29:881
level 184: +509 new (total 6311355) 223s  bylen: 23:1 24:12 25:1 26:70 27:8 28:378 29:39
level 185: +881 new (total 6312236) 223s  bylen: 23:2 25:28 27:163 29:688
level 186: +356 new (total 6312592) 223s  bylen: 23:2 24:9 25:4 26:59 27:8 28:253 29:21
level 187: +652 new (total 6313244) 223s  bylen: 23:3 25:18 27:125 29:506
level 188: +336 new (total 6313580) 223s  bylen: 24:9 25:9 26:54 27:9 28:223 29:32
level 189: +640 new (total 6314220) 223s  bylen: 23:4 25:22 27:122 29:492
level 190: +393 new (total 6314613) 223s  bylen: 23:1 24:10 25:2 26:54 27:8 28:273 29:45
level 191: +684 new (total 6315297) 223s  bylen: 23:3 25:35 27:125 28:2 29:519
level 192: +418 new (total 6315715) 223s  bylen: 23:1 24:8 25:6 26:72 27:15 28:284 29:32
level 193: +737 new (total 6316452) 223s  bylen: 23:3 25:33 27:141 28:1 29:559
level 194: +433 new (total 6316885) 223s  bylen: 23:1 24:8 25:8 26:72 27:15 28:267 29:62
level 195: +736 new (total 6317621) 223s  bylen: 23:4 25:21 27:148 28:1 29:562
level 196: +410 new (total 6318031) 223s  bylen: 22:1 23:2 24:6 25:8 26:63 27:16 28:237 29:77
level 197: +731 new (total 6318762) 223s  bylen: 23:4 25:20 27:160 28:2 29:545
level 198: +429 new (total 6319191) 223s  bylen: 22:1 23:2 24:10 25:4 26:51 27:25 28:252 29:84
level 199: +805 new (total 6319996) 223s  bylen: 23:4 25:26 27:155 28:2 29:618
level 200: +449 new (total 6320445) 223s  bylen: 24:10 25:3 26:65 27:20 28:263 29:88
level 201: +724 new (total 6321169) 223s  bylen: 23:2 25:33 27:131 29:558
level 202: +358 new (total 6321527) 223s  bylen: 24:5 26:55 27:4 28:235 29:59
level 203: +525 new (total 6322052) 223s  bylen: 25:20 27:98 29:407
level 204: +215 new (total 6322267) 223s  bylen: 24:3 26:39 27:1 28:156 29:16
level 205: +348 new (total 6322615) 223s  bylen: 25:13 27:50 29:285
level 206: +146 new (total 6322761) 223s  bylen: 24:4 26:23 27:2 28:117
level 207: +310 new (total 6323071) 223s  bylen: 25:10 27:39 29:261
level 208: +130 new (total 6323201) 223s  bylen: 24:5 26:25 27:1 28:96 29:3
level 209: +313 new (total 6323514) 223s  bylen: 25:13 27:52 29:248
level 210: +155 new (total 6323669) 223s  bylen: 24:5 26:28 28:119 29:3
level 211: +344 new (total 6324013) 223s  bylen: 25:18 27:63 29:263
level 212: +194 new (total 6324207) 223s  bylen: 24:3 26:33 28:156 29:2
level 213: +373 new (total 6324580) 223s  bylen: 25:18 27:64 29:291
level 214: +181 new (total 6324761) 223s  bylen: 24:4 26:35 27:2 28:137 29:3
level 215: +386 new (total 6325147) 223s  bylen: 23:1 25:12 27:66 29:307
level 216: +181 new (total 6325328) 223s  bylen: 24:5 25:1 26:36 27:1 28:133 29:5
level 217: +400 new (total 6325728) 223s  bylen: 23:1 25:15 27:64 29:320
level 218: +186 new (total 6325914) 223s  bylen: 24:6 25:1 26:33 27:3 28:130 29:13
level 219: +374 new (total 6326288) 223s  bylen: 25:19 27:69 29:286
level 220: +186 new (total 6326474) 223s  bylen: 24:5 26:35 27:5 28:111 29:30
level 221: +338 new (total 6326812) 223s  bylen: 23:1 25:17 27:56 29:264
level 222: +184 new (total 6326996) 223s  bylen: 24:4 26:29 27:5 28:112 29:34
level 223: +316 new (total 6327312) 223s  bylen: 23:1 25:12 27:61 29:242
level 224: +162 new (total 6327474) 224s  bylen: 24:7 26:19 27:3 28:109 29:24
level 225: +298 new (total 6327772) 224s  bylen: 23:1 25:12 27:51 29:234
level 226: +140 new (total 6327912) 224s  bylen: 24:6 26:21 27:1 28:103 29:9
level 227: +258 new (total 6328170) 224s  bylen: 23:1 25:13 27:43 29:201
level 228: +125 new (total 6328295) 224s  bylen: 24:5 26:27 28:88 29:5
level 229: +247 new (total 6328542) 224s  bylen: 23:2 25:8 27:53 29:184
level 230: +124 new (total 6328666) 224s  bylen: 24:6 26:20 28:95 29:3
level 231: +246 new (total 6328912) 224s  bylen: 23:2 25:13 27:45 29:186
level 232: +153 new (total 6329065) 224s  bylen: 24:8 26:26 28:116 29:3
level 233: +314 new (total 6329379) 224s  bylen: 23:1 25:19 27:55 29:239
level 234: +169 new (total 6329548) 224s  bylen: 24:7 26:33 28:128 29:1
level 235: +330 new (total 6329878) 224s  bylen: 25:15 27:53 29:262
level 236: +135 new (total 6330013) 224s  bylen: 24:3 26:25 28:107
level 237: +235 new (total 6330248) 224s  bylen: 25:12 27:34 29:189
level 238: +79 new (total 6330327) 224s  bylen: 26:20 28:59
level 239: +121 new (total 6330448) 224s  bylen: 25:6 27:14 29:101
level 240: +30 new (total 6330478) 224s  bylen: 24:1 26:8 28:21
level 241: +66 new (total 6330544) 224s  bylen: 25:3 27:6 29:57
level 242: +26 new (total 6330570) 224s  bylen: 24:1 26:8 28:17
level 243: +68 new (total 6330638) 224s  bylen: 25:6 27:6 29:56
level 244: +32 new (total 6330670) 224s  bylen: 24:1 26:10 28:21
level 245: +74 new (total 6330744) 224s  bylen: 25:4 27:13 29:57
level 246: +33 new (total 6330777) 224s  bylen: 24:1 26:9 28:23
level 247: +83 new (total 6330860) 224s  bylen: 25:5 27:12 29:66
level 248: +38 new (total 6330898) 224s  bylen: 24:1 26:8 28:29
level 249: +78 new (total 6330976) 224s  bylen: 25:6 27:13 29:59
level 250: +47 new (total 6331023) 224s  bylen: 26:12 28:35
level 251: +79 new (total 6331102) 224s  bylen: 25:6 27:13 29:60
level 252: +37 new (total 6331139) 224s  bylen: 24:1 26:8 28:28
level 253: +79 new (total 6331218) 224s  bylen: 25:4 27:8 29:67
level 254: +36 new (total 6331254) 224s  bylen: 24:2 26:11 28:23
level 255: +108 new (total 6331362) 224s  bylen: 25:4 27:17 29:87
level 256: +54 new (total 6331416) 224s  bylen: 24:1 26:13 28:40
level 257: +116 new (total 6331532) 224s  bylen: 25:3 27:26 29:87
level 258: +47 new (total 6331579) 224s  bylen: 26:8 28:39
level 259: +71 new (total 6331650) 224s  bylen: 25:2 27:15 29:54
level 260: +21 new (total 6331671) 224s  bylen: 26:6 28:15
level 261: +37 new (total 6331708) 224s  bylen: 27:7 29:30
level 262: +11 new (total 6331719) 224s  bylen: 26:2 28:9
level 263: +16 new (total 6331735) 224s  bylen: 25:2 27:3 29:11
level 264: +5 new (total 6331740) 224s  bylen: 26:1 28:4
level 265: +4 new (total 6331744) 224s  bylen: 25:1 29:3
level 266: +2 new (total 6331746) 224s  bylen: 26:2
level 267: +6 new (total 6331752) 224s  bylen: 27:1 29:5
level 268: +1 new (total 6331753) 224s  bylen: 26:1
level 269: +4 new (total 6331757) 224s  bylen: 25:1 29:3
level 270: +3 new (total 6331760) 224s  bylen: 26:1 28:2
level 271: +5 new (total 6331765) 224s  bylen: 27:1 29:4
level 272: +2 new (total 6331767) 224s  bylen: 26:2
level 273: +9 new (total 6331776) 224s  bylen: 25:1 27:1 29:7
level 274: +3 new (total 6331779) 224s  bylen: 28:3
level 275: +3 new (total 6331782) 224s  bylen: 25:1 29:2
level 276: +5 new (total 6331787) 224s  bylen: 26:3 28:2
level 277: +18 new (total 6331805) 224s  bylen: 27:2 29:16
level 278: +4 new (total 6331809) 224s  bylen: 26:2 28:2
level 279: +12 new (total 6331821) 224s  bylen: 25:1 27:3 29:8
level 280: +3 new (total 6331824) 224s  bylen: 26:1 28:2
level 281: +5 new (total 6331829) 224s  bylen: 27:1 29:4
level 282: +3 new (total 6331832) 224s  bylen: 26:3
level 283: +11 new (total 6331843) 224s  bylen: 25:1 27:2 29:8
level 284: +2 new (total 6331845) 224s  bylen: 26:1 28:1
level 285: +5 new (total 6331850) 224s  bylen: 25:1 29:4
level 286: +4 new (total 6331854) 224s  bylen: 26:2 28:2
level 287: +9 new (total 6331863) 224s  bylen: 27:2 29:7
level 288: +4 new (total 6331867) 224s  bylen: 26:2 28:2
level 289: +10 new (total 6331877) 224s  bylen: 25:1 27:3 29:6
level 290: +5 new (total 6331882) 224s  bylen: 26:1 28:4
level 291: +7 new (total 6331889) 224s  bylen: 25:2 29:5
level 292: +5 new (total 6331894) 224s  bylen: 24:1 26:1 28:3
level 293: +18 new (total 6331912) 224s  bylen: 27:1 29:17
level 294: +7 new (total 6331919) 224s  bylen: 24:1 26:1 28:5
level 295: +27 new (total 6331946) 224s  bylen: 25:2 27:3 29:22
level 296: +13 new (total 6331959) 224s  bylen: 26:4 28:9
level 297: +24 new (total 6331983) 224s  bylen: 25:1 27:5 29:18
level 298: +6 new (total 6331989) 224s  bylen: 26:1 28:5
level 299: +8 new (total 6331997) 224s  bylen: 27:1 29:7
level 300: +1 new (total 6331998) 224s  bylen: 28:1
level 301: +0 new (total 6331998) 224s  bylen:
RESULT start=XyyxYYY|XXXYxxY cap=29 conj=8 nosym=0 states=6331998 levels=301 complete=1 hit=0 overflow=0 time=224s
states by total length: 14:2 15:12 16:23 17:174 18:211 19:987 20:1091 21:5061 22:5657 23:27375 24:30108 25:147444 26:161533 27:795905 28:850484 29:4305931
