start xxyXy|xyyyyyxYY cap=30 conj=8 nosym=0 threads=3 maxstates=100000000
target 0: xyxYXY|xxxxYYY
target 1: xxxyXXY|xyyXYYY
target 2: xxxyXXy|xyyXYYY
target 3: x|y
target 4: xxyXy|xyyyyyxYY
target 5: xxxxyXy|xyyyxYY
target 6: xxyxxYY|xyXYYXy
start equals target 4
level 1: +6072 new (total 6073) 0s  bylen: 15:2 17:6 19:20 21:46 23:158 25:440 27:1360 29:4040
level 2: +139673 new (total 145746) 0s  bylen: 16:7 17:2 18:29 20:135 21:9 22:524 23:35 24:2051 25:122 26:7560 27:328 28:27905 29:1120 30:99846
level 3: +344575 new (total 490321) 3s  bylen: 15:2 16:1 17:11 18:5 19:93 20:8 21:547 22:43 23:2787 24:91 25:13450 26:342 27:60622 28:962 29:262593 30:3018
level 4: +1898250 new (total 2388571) 15s  bylen: 14:1 15:2 16:4 17:4 18:32 19:14 20:242 21:66 22:1650 23:276 24:10069 25:965 26:56834 27:3583 28:300521 29:12971 30:1511016
level 5: +1466075 new (total 3854646) 57s  bylen: 15:4 16:1 17:14 18:6 19:120 20:41 21:762 22:151 23:4950 24:652 25:32146 26:2731 27:198808 28:11282 29:1168697 30:45710
level 6: +4718488 new (total 8573134) 118s  bylen: 16:6 17:4 18:38 19:18 20:300 21:114 22:1996 23:556 24:14299 25:2575 26:95109 27:11318 28:621649 29:50249 30:3920257
level 7: +2335203 new (total 10908337) 236s  bylen: 15:1 17:11 18:3 19:100 20:14 21:793 22:88 23:5631 24:562 25:41184 26:2982 27:281856 28:16473 29:1899730 30:85775
level 8: +6411347 new (total 17319684) 319s  bylen: 15:1 16:2 17:2 18:22 19:9 20:166 21:54 22:1540 23:263 24:13545 25:1430 26:105135 27:7908 28:773054 29:42513 30:5465703
level 9: +2329857 new (total 19649541) 507s  bylen: 14:1 15:4 16:1 17:5 18:10 19:58 20:27 21:345 22:100 23:3338 24:470 25:29337 26:2011 27:250029 28:10021 29:1978737 30:55363
level 10: +5289837 new (total 24939378) 612s  bylen: 14:1 15:4 16:1 17:13 18:16 19:65 20:98 21:269 22:760 23:958 24:6506 25:3723 26:60264 27:14430 28:542539 29:59367 30:4600823
level 11: +1596512 new (total 26535890) 852s  bylen: 15:4 16:3 17:13 18:16 19:84 20:82 21:452 22:421 23:2653 24:1867 25:18069 26:8023 27:145481 28:33670 29:1241953 30:143721
level 12: +3225314 new (total 29761204) 964s  bylen: 15:4 17:15 18:5 19:106 20:51 21:628 22:321 23:3211 24:2951 25:14991 26:27753 27:69162 28:267971 29:305315 30:2532830
level 13: +1513332 new (total 31274536) 1119s  bylen: 15:3 17:15 18:6 19:95 20:38 21:685 22:272 23:4202 24:1603 25:25167 26:9257 27:154464 28:47133 29:1037106 30:233286
level 14: +2403358 new (total 33677894) 1204s  bylen: 17:17 18:3 19:100 20:46 21:660 22:267 23:4396 24:1485 25:27544 26:12424 27:162240 28:116595 29:899756 30:1177825
level 15: +1819227 new (total 35497121) 1317s  bylen: 17:6 18:5 19:74 20:27 21:573 22:174 23:4324 24:1088 25:30070 26:6805 27:202354 28:38457 29:1329534 30:205736
level 16: +2305731 new (total 37802852) 1400s  bylen: 18:2 19:40 20:49 21:290 22:345 23:2653 24:2530 25:21806 26:16495 27:165954 28:111545 29:1162412 30:821610
level 17: +1795234 new (total 39598086) 1500s  bylen: 17:1 18:2 19:16 20:24 21:297 22:161 23:2384 24:1051 25:20869 26:6787 27:168085 28:44924 29:1275614 30:275019
level 18: +2573665 new (total 42171751) 1610s  bylen: 16:1 17:1 19:13 20:37 21:96 22:430 23:1017 24:4087 25:9569 26:30588 27:88838 28:214820 29:762830 30:1461338
level 19: +1742586 new (total 43914337) 1752s  bylen: 17:2 18:1 19:10 20:10 21:162 22:112 23:1711 24:820 25:16315 26:6525 27:145949 28:47738 29:1186739 30:336492
level 20: +3154585 new (total 47068922) 1894s  bylen: 18:3 19:9 20:35 21:46 22:313 23:451 24:3585 25:4421 26:34363 27:44586 28:296304 29:431564 30:2338905
level 21: +1499266 new (total 48568188) 2045s  bylen: 18:2 19:6 20:7 21:121 22:64 23:1104 24:469 25:11024 26:4468 27:111619 28:36800 29:1040677 30:292905
level 22: +2752822 new (total 51321010) 2193s  bylen: 17:1 19:7 20:16 21:42 22:178 23:305 24:2319 25:2470 26:24631 27:23225 28:242672 29:230079 30:2226877
level 23: +1037145 new (total 52358155) 2340s  bylen: 16:1 17:2 18:1 19:5 20:9 21:42 22:42 23:614 24:387 25:6509 26:3125 27:71760 28:26229 29:726092 30:202327
level 24: +1917270 new (total 54275425) 2431s  bylen: 18:1 19:2 20:5 21:37 22:97 23:219 24:1178 25:1650 26:14520 27:13824 28:157246 29:129948 30:1598543
level 25: +647341 new (total 54922766) 2554s  bylen: 19:3 20:1 21:21 22:38 23:276 24:293 25:3325 26:2327 27:39372 28:18585 29:439948 30:143152
level 26: +1151198 new (total 56073964) 2609s  bylen: 17:1 18:1 19:1 20:2 21:22 22:41 23:113 24:526 25:837 26:7283 27:7958 28:88622 29:72908 30:972883
level 27: +373148 new (total 56447112) 2676s  bylen: 19:4 20:1 21:19 22:21 23:148 24:175 25:1683 26:1525 27:19925 28:12799 29:237754 30:99094
level 28: +629628 new (total 57076740) 2729s  bylen: 19:1 20:1 21:11 22:20 23:90 24:202 25:655 26:3250 27:5482 28:44716 29:45158 30:530042
level 29: +204909 new (total 57281649) 2774s  bylen: 19:1 21:12 22:6 23:87 24:80 25:826 26:802 27:9549 28:8239 29:119767 30:65540
level 30: +315419 new (total 57597068) 2803s  bylen: 19:1 21:6 22:9 23:53 24:111 25:457 26:1288 27:3526 28:20331 29:28860 30:260777
level 31: +111532 new (total 57708600) 2829s  bylen: 19:1 21:11 22:4 23:56 24:45 25:481 26:498 27:4926 28:5187 29:57679 30:42644
level 32: +153422 new (total 57862022) 2842s  bylen: 19:2 20:1 21:4 22:10 23:43 24:59 25:339 26:612 27:2653 28:8576 29:20601 30:120522
level 33: +63622 new (total 57925644) 2854s  bylen: 17:1 19:1 20:2 21:8 22:2 23:49 24:27 25:372 26:269 27:3073 28:3218 29:29438 30:27162
level 34: +76823 new (total 58002467) 2865s  bylen: 18:1 20:2 21:9 22:15 23:43 24:67 25:320 26:464 27:2190 28:4227 29:15512 30:53973
level 35: +40745 new (total 58043212) 2873s  bylen: 17:1 20:1 21:7 23:61 24:19 25:384 26:153 27:2388 28:1916 29:18687 30:17128
level 36: +41968 new (total 58085180) 2878s  bylen: 20:2 21:3 22:7 23:31 24:57 25:178 26:318 27:1605 28:2614 29:11448 30:25705
level 37: +24413 new (total 58109593) 2880s  bylen: 21:4 23:33 24:6 25:214 26:77 27:1556 28:1056 29:11368 30:10099
level 38: +20497 new (total 58130090) 2882s  bylen: 20:1 22:3 23:16 24:16 25:167 26:117 27:1062 28:971 29:7932 30:10212
level 39: +13894 new (total 58143984) 2882s  bylen: 21:1 22:1 23:18 24:1 25:149 26:30 27:1001 28:475 29:6935 30:5283
level 40: +10540 new (total 58154524) 2883s  bylen: 19:1 20:1 21:1 22:1 23:17 24:11 25:93 26:58 27:819 28:391 29:5742 30:3405
level 41: +8977 new (total 58163501) 2883s  bylen: 21:3 22:3 23:23 24:15 25:120 26:41 27:779 28:317 29:4627 30:3049
level 42: +6951 new (total 58170452) 2883s  bylen: 19:1 22:2 23:14 24:10 25:107 26:59 27:676 28:258 29:4276 30:1548
level 43: +6119 new (total 58176571) 2883s  bylen: 21:1 22:3 23:13 24:9 25:102 26:22 27:557 28:217 29:3483 30:1712
level 44: +4507 new (total 58181078) 2883s  bylen: 23:9 24:4 25:64 26:29 27:443 28:163 29:3007 30:788
level 45: +3308 new (total 58184386) 2884s  bylen: 23:5 24:1 25:52 26:4 27:353 28:70 29:2082 30:741
level 46: +2589 new (total 58186975) 2884s  bylen: 23:6 24:1 25:37 26:15 27:264 28:72 29:1890 30:304
level 47: +2152 new (total 58189127) 2884s  bylen: 21:1 23:1 25:35 26:1 27:264 28:16 29:1500 30:334
level 48: +1686 new (total 58190813) 2884s  bylen: 23:4 24:2 25:28 26:5 27:186 28:19 29:1310 30:132
level 49: +1252 new (total 58192065) 2884s  bylen: 23:1 25:17 27:163 28:5 29:965 30:101
level 50: +946 new (total 58193011) 2884s  bylen: 25:17 26:3 27:112 28:9 29:738 30:67
level 51: +746 new (total 58193757) 2884s  bylen: 23:3 25:6 27:85 29:581 30:71
level 52: +570 new (total 58194327) 2884s  bylen: 25:15 26:1 27:78 28:5 29:463 30:8
level 53: +478 new (total 58194805) 2884s  bylen: 23:2 25:5 27:70 29:380 30:21
level 54: +382 new (total 58195187) 2884s  bylen: 25:3 26:2 27:56 28:1 29:316 30:4
level 55: +260 new (total 58195447) 2884s  bylen: 25:8 27:33 29:212 30:7
level 56: +268 new (total 58195715) 2884s  bylen: 25:2 27:32 28:4 29:224 30:6
level 57: +171 new (total 58195886) 2884s  bylen: 25:3 27:18 29:148 30:2
level 58: +134 new (total 58196020) 2884s  bylen: 25:4 27:13 28:4 29:111 30:2
level 59: +127 new (total 58196147) 2884s  bylen: 25:3 27:11 29:113
level 60: +85 new (total 58196232) 2884s  bylen: 25:1 27:9 29:73 30:2
level 61: +59 new (total 58196291) 2884s  bylen: 25:1 27:7 29:51
level 62: +42 new (total 58196333) 2884s  bylen: 25:1 27:5 29:36
level 63: +39 new (total 58196372) 2884s  bylen: 25:1 27:4 29:34
level 64: +34 new (total 58196406) 2884s  bylen: 27:3 29:31
level 65: +20 new (total 58196426) 2884s  bylen: 25:2 27:3 29:15
level 66: +35 new (total 58196461) 2884s  bylen: 27:6 29:29
level 67: +24 new (total 58196485) 2884s  bylen: 25:2 27:1 29:21
level 68: +31 new (total 58196516) 2884s  bylen: 27:4 29:27
level 69: +16 new (total 58196532) 2884s  bylen: 25:1 27:2 29:13
level 70: +19 new (total 58196551) 2884s  bylen: 27:4 29:15
level 71: +12 new (total 58196563) 2884s  bylen: 27:1 29:11
level 72: +5 new (total 58196568) 2884s  bylen: 29:5
level 73: +4 new (total 58196572) 2884s  bylen: 27:1 29:3
level 74: +5 new (total 58196577) 2884s  bylen: 25:1 29:4
level 75: +14 new (total 58196591) 2884s  bylen: 25:1 27:1 29:12
level 76: +14 new (total 58196605) 2884s  bylen: 27:2 29:12
level 77: +5 new (total 58196610) 2884s  bylen: 29:5
level 78: +1 new (total 58196611) 2884s  bylen: 29:1
level 79: +1 new (total 58196612) 2884s  bylen: 29:1
level 80: +0 new (total 58196612) 2884s  bylen:
RESULT start=xxyXy|xyyyyyxYY cap=30 conj=8 nosym=0 states=58196612 levels=80 complete=1 hit=0 overflow=0 time=2884s
states by total length: 14:4 15:31 16:28 17:148 18:210 19:1081 20:1482 21:7280 22:10235 23:49411 24:75402 25:346965 26:557985 27:2509114 28:4209593 29:18396198 30:32031445
