LEAN start xxxyXXY|xyyXYYY cap=33 conj=8 nosym=0 threads=4 maxstates=300000000
target 0: xyxYXY|xxxxYYY
target 1: xxxyXXY|xyyXYYY
target 2: xxxyXXy|xyyXYYY
target 3: x|y
target 4: xxyXy|xyyyyyxYY
target 5: xxxxyXy|xyyyxYY
target 6: xxyxxYY|xyXYYXy
level 1: +35730 new (total 35731) 0s  bylen: 17:4 19:12 21:42 23:80 25:312 27:864 29:2664 31:7920 33:23832
level 2: +144291 new (total 180022) 1s  bylen: 16:1 18:4 19:2 20:20 21:4 22:110 23:22 24:486 25:76 26:1882 27:274 28:7155 29:818 30:26635 31:2744 32:95936 33:8122
level 3: +660052 new (total 840074) 5s  bylen: 17:2 19:7 21:46 22:6 23:271 24:17 25:1260 26:51 27:6161 28:172 29:27467 30:592 31:119338 32:1764 33:502898
level 4: +465396 new (total 1305470) 18s  bylen: 18:3 20:14 21:6 22:81 23:12 24:479 25:80 26:2703 27:285 28:14125 29:1049 30:72582 31:3987 32:355384 33:14606
level 5: +1131498 new (total 2436968) 31s  bylen: 17:2 19:3 20:1 21:20 22:2 23:174 24:3 25:993 26:29 27:5773 28:84 29:32190 30:380 31:173832 32:1555 33:916457
level 6: +485976 new (total 2922944) 55s  bylen: 18:3 19:1 20:10 21:4 22:58 23:18 24:316 25:80 26:2016 27:222 28:11861 29:787 30:68162 31:2801 32:389309 33:10328
level 7: +1074511 new (total 3997455) 69s  bylen: 17:2 19:2 20:1 21:25 22:7 23:145 24:11 25:750 26:47 27:4618 28:184 29:26860 30:550 31:154554 32:2210 33:884545
level 8: +437654 new (total 4435109) 93s  bylen: 18:3 19:1 20:9 21:5 22:57 23:23 24:298 25:97 26:1664 27:378 28:9733 29:1355 30:57812 31:5272 32:341436 33:19511
level 9: +967066 new (total 5402175) 105s  bylen: 17:2 19:3 21:24 22:2 23:143 24:21 25:737 26:57 27:4183 28:183 29:23872 30:623 31:137661 32:2485 33:797070
level 10: +406699 new (total 5808874) 126s  bylen: 18:5 19:1 20:10 21:5 22:61 23:13 24:309 25:85 26:1682 27:298 28:9551 29:1145 30:54280 31:4785 32:314875 33:19594
level 11: +949525 new (total 6758399) 138s  bylen: 15:1 17:1 18:1 19:9 21:37 22:7 23:165 24:15 25:854 26:42 27:4617 28:194 29:24832 30:559 31:137463 32:2006 33:778722
level 12: +471005 new (total 7229404) 159s  bylen: 16:2 17:1 18:2 19:4 20:25 21:30 22:99 23:95 24:439 25:271 26:2234 27:952 28:11719 29:3104 30:62683 31:10350 32:344462 33:34533
level 13: +1231116 new (total 8460520) 172s  bylen: 17:4 19:15 20:4 21:56 22:15 23:336 24:61 25:1603 26:223 27:7521 28:797 29:37088 30:2832 31:189075 32:10247 33:981239
level 14: +712707 new (total 9173227) 199s  bylen: 16:1 18:2 19:2 20:22 21:25 22:99 23:92 24:522 25:409 26:2881 27:1727 28:15684 29:7380 30:81999 31:31581 32:439936 33:130345
level 15: +1447674 new (total 10620901) 218s  bylen: 17:3 18:1 19:10 20:3 21:44 22:8 23:262 24:23 25:1322 26:128 27:7157 28:568 29:39555 30:2370 31:214962 32:10057 33:1171201
level 16: +687468 new (total 11308369) 250s  bylen: 16:1 18:4 19:6 20:14 21:28 22:103 23:82 24:471 25:328 26:2420 27:1484 28:13436 29:6387 30:75318 31:28870 32:425967 33:132549
level 17: +1381003 new (total 12689372) 268s  bylen: 16:1 17:2 18:3 19:10 20:3 21:49 22:31 23:255 24:158 25:1326 26:646 27:6838 28:2506 29:36039 30:9373 31:196805 32:35216 33:1091742
level 18: +838559 new (total 13527931) 299s  bylen: 16:1 18:1 19:13 20:18 21:50 22:83 23:170 24:462 25:667 26:2536 27:2984 28:14102 29:12784 30:76948 31:55908 32:428956 33:242876
level 19: +1474859 new (total 15002790) 320s  bylen: 18:1 19:7 20:10 21:41 22:58 23:219 24:307 25:1121 26:1541 27:6140 28:6989 29:34088 30:31792 31:189105 32:142588 33:1060852
level 20: +1009651 new (total 16012441) 353s  bylen: 18:4 19:6 20:9 21:25 22:56 23:99 24:354 25:572 26:2056 27:3183 28:11613 29:16559 30:67577 31:85975 32:391652 33:429911
level 21: +1289000 new (total 17301441) 378s  bylen: 17:1 18:1 19:16 20:9 21:41 22:43 23:212 24:207 25:976 26:1055 27:5163 28:5565 29:27928 30:29899 31:156088 32:162546 33:899250
level 22: +1051670 new (total 18353111) 406s  bylen: 17:3 18:8 19:14 20:17 21:49 22:99 23:249 24:429 25:1055 26:2331 27:4871 28:11913 29:21910 30:63921 31:101795 32:355105 33:487901
level 23: +2005203 new (total 20358314) 434s  bylen: 15:1 17:3 19:19 20:13 21:118 22:53 23:598 24:282 25:2765 26:1228 27:12867 28:6292 29:61605 30:32022 31:293777 32:165635 33:1427925
level 24: +2683493 new (total 23041807) 486s  bylen: 17:1 18:5 19:13 20:19 21:85 22:128 23:519 24:656 25:2817 26:3589 27:14267 28:18211 29:70455 30:94920 31:343466 32:494541 33:1639801
level 25: +4382337 new (total 27424144) 562s  bylen: 19:16 21:81 22:6 23:572 24:77 25:3624 26:593 27:21124 28:4328 29:119183 30:27045 31:644568 32:160942 33:3400178
level 26: +3989890 new (total 31414034) 660s  bylen: 18:2 19:3 20:9 21:28 22:66 23:241 24:395 25:1708 26:2465 27:11673 28:15547 29:75791 30:91677 31:469382 32:531523 33:2789380
level 27: +4118108 new (total 35532142) 746s  bylen: 19:5 20:3 21:39 22:6 23:270 24:9 25:1759 26:115 27:12435 28:914 29:82884 30:7372 31:541749 32:55738 33:3414810
level 28: +2571358 new (total 38103500) 832s  bylen: 18:1 20:9 21:7 22:46 23:98 24:283 25:595 26:1658 27:4761 28:10124 29:35321 30:62404 31:258651 32:385431 33:1811969
level 29: +2306926 new (total 40410426) 889s  bylen: 19:4 21:18 22:3 23:147 24:18 25:889 26:74 27:6100 28:440 29:41367 30:2391 31:284872 32:17119 33:1953484
level 30: +1151319 new (total 41561745) 938s  bylen: 18:1 20:9 21:2 22:38 23:22 24:241 25:182 26:1362 27:1336 28:8267 29:10987 30:49270 31:88582 32:295173 33:695847
level 31: +1232568 new (total 42794313) 964s  bylen: 17:1 19:2 21:20 22:3 23:107 24:10 25:640 26:54 27:3940 28:218 29:24151 30:1166 31:156939 32:7061 33:1038256
level 32: +561295 new (total 43355608) 989s  bylen: 18:2 20:13 21:6 22:48 23:20 24:267 25:100 26:1404 27:568 28:7972 29:3628 30:46072 31:26626 32:266918 33:207651
level 33: +937155 new (total 44292763) 1002s  bylen: 17:1 19:7 20:2 21:35 22:6 23:133 24:44 25:802 26:169 27:4169 28:690 29:22943 30:2898 31:129691 32:12166 33:763399
level 34: +518197 new (total 44810960) 1022s  bylen: 16:1 18:2 19:1 20:15 21:12 22:81 23:48 24:413 25:198 26:2028 27:927 28:10763 29:4267 30:57719 31:20923 32:311236 33:109563
level 35: +1151807 new (total 45962767) 1036s  bylen: 17:2 19:10 20:3 21:45 22:9 23:232 24:77 25:1232 26:351 27:6106 28:1801 29:31511 30:9090 31:166960 32:43425 33:890953
level 36: +726277 new (total 46689044) 1059s  bylen: 18:2 19:3 20:20 21:7 22:86 23:57 24:538 25:254 26:2792 27:1312 28:14990 29:6345 30:80459 31:32304 32:429727 33:157381
level 37: +1446956 new (total 48136000) 1076s  bylen: 19:5 20:5 21:35 22:8 23:190 24:72 25:1132 26:340 27:6756 28:1875 29:37577 30:10281 31:205843 32:56903 33:1125934
level 38: +734576 new (total 48870576) 1104s  bylen: 18:1 19:1 20:4 21:9 22:59 23:39 24:321 25:209 26:2098 27:1072 28:12919 29:5690 30:77428 31:29776 32:451853 33:153097
level 39: +1254741 new (total 50125317) 1121s  bylen: 19:2 21:23 22:10 23:131 24:49 25:766 26:295 27:4399 28:1464 29:27498 30:8469 31:168074 32:46693 33:996868
level 40: +550496 new (total 50675813) 1144s  bylen: 19:5 20:8 21:5 22:40 23:45 24:270 25:202 26:1561 27:986 28:9092 29:4925 30:56343 31:25128 32:340372 33:111514
level 41: +983783 new (total 51659596) 1157s  bylen: 17:1 19:9 20:1 21:23 22:12 23:135 24:56 25:727 26:303 27:4029 28:1675 29:23033 30:8588 31:133347 32:39740 33:772104
level 42: +536742 new (total 52196338) 1177s  bylen: 17:1 19:2 20:6 21:16 22:38 23:89 24:243 25:443 26:1354 27:1886 28:7987 29:8989 30:47502 31:40480 32:279680 33:148026
level 43: +963423 new (total 53159761) 1191s  bylen: 19:4 20:2 21:25 22:14 23:152 24:61 25:811 26:313 27:4475 28:1946 29:24984 30:10754 31:137742 32:47460 33:734680
level 44: +594622 new (total 53754383) 1211s  bylen: 17:1 19:4 20:8 21:10 22:39 23:53 24:220 25:347 26:1204 27:1908 28:7445 29:10295 30:44538 31:52598 32:255542 33:220410
level 45: +937616 new (total 54691999) 1226s  bylen: 15:1 16:1 18:1 19:11 20:5 21:30 22:14 23:158 24:54 25:855 26:279 27:4400 28:1874 29:24306 30:11120 31:134801 32:53057 33:706649
level 46: +690316 new (total 55382315) 1245s  bylen: 16:1 17:3 18:6 19:14 20:29 21:53 22:94 23:206 24:382 25:803 26:1876 27:3325 28:9489 29:14852 30:51067 31:66561 32:272341 33:269214
level 47: +1396029 new (total 56778344) 1261s  bylen: 17:3 18:2 19:17 20:15 21:85 22:72 23:408 24:348 25:1991 26:1527 27:9144 28:6426 29:43187 30:28836 31:207690 32:116192 33:980086
HIT target 6 (xxyxxYY|xyXYYXy) at level 48
level 48: +1350367 new (total 58128711) 1294s  bylen: 14:1 17:2 18:7 19:4 20:18 21:30 22:157 23:176 24:801 25:979 26:4012 27:4947 28:20534 29:26010 30:102955 31:125828 32:503233 33:560673
level 49: +2166227 new (total 60294938) 1329s  bylen: 15:1 17:5 18:1 19:16 20:11 21:86 22:62 23:434 24:260 25:2233 26:1463 27:11467 28:7973 29:59630 30:42661 31:306392 32:213040 33:1520492
level 50: +1645014 new (total 61939952) 1387s  bylen: 16:1 17:1 18:3 19:3 20:23 21:32 22:151 23:145 24:889 25:793 26:4964 27:4277 28:26380 29:22637 30:140590 31:119608 32:729539 33:594978
level 51: +2517533 new (total 64457485) 1429s  bylen: 18:1 19:4 20:1 21:42 22:19 23:307 24:127 25:1791 26:872 27:10773 28:5801 29:62681 30:35712 31:348480 32:200284 33:1850638
level 52: +1376637 new (total 65834122) 1481s  bylen: 19:1 20:4 21:5 22:50 23:30 24:368 25:278 26:2805 27:2016 28:18342 29:13618 30:115043 31:82878 32:675360 33:465839
level 53: +1821109 new (total 67655231) 1517s  bylen: 21:7 22:2 23:101 24:33 25:721 26:193 27:5270 28:1934 29:36665 30:15630 31:235719 32:104042 33:1420792
level 54: +767483 new (total 68422714) 1565s  bylen: 20:2 22:16 23:5 24:183 25:58 26:1366 27:514 28:9879 29:4430 30:67494 31:33204 32:435399 33:214933
level 55: +1128085 new (total 69550799) 1589s  bylen: 21:5 22:1 23:54 24:2 25:420 26:64 27:2927 28:547 29:21433 30:5685 31:145474 32:40786 33:910687
level 56: +448464 new (total 69999263) 1618s  bylen: 20:2 22:22 23:6 24:116 25:21 26:937 27:217 28:6555 29:1729 30:44846 31:14056 32:291504 33:88453
level 57: +788009 new (total 70787272) 1631s  bylen: 19:1 21:5 23:59 24:4 25:391 26:30 27:2409 28:285 29:15940 30:2496 31:105017 32:17528 33:643844
level 58: +330244 new (total 71117516) 1649s  bylen: 20:5 22:19 23:6 24:126 25:38 26:925 27:192 28:5742 29:1271 30:37588 31:8220 32:230493 33:45619
level 59: +669028 new (total 71786544) 1657s  bylen: 20:1 21:11 22:1 23:68 24:1 25:396 26:17 27:2532 28:174 29:15427 30:1462 31:94175 32:9061 33:545702
level 60: +300488 new (total 72087032) 1670s  bylen: 19:1 21:2 22:26 23:5 24:168 25:38 26:880 27:194 28:5865 29:1146 30:37806 31:6557 32:216744 33:31056
level 61: +638981 new (total 72726013) 1677s  bylen: 21:5 22:6 23:57 24:10 25:391 26:40 27:2487 28:223 29:15144 30:1286 31:92294 32:6608 33:520430
level 62: +278675 new (total 73004688) 1689s  bylen: 20:1 21:1 22:12 23:7 24:121 25:51 26:823 27:217 28:5289 29:1107 30:34363 31:6022 32:203748 33:26913
level 63: +574399 new (total 73579087) 1697s  bylen: 19:1 21:5 22:5 23:45 24:13 25:332 26:26 27:2139 28:134 29:13361 30:869 31:83248 32:4168 33:470053
level 64: +249924 new (total 73829011) 1708s  bylen: 19:1 20:3 21:10 22:8 23:19 24:106 25:81 26:732 27:270 28:4867 29:1355 30:30979 31:5852 32:181381 33:24260
level 65: +542145 new (total 74371156) 1714s  bylen: 19:1 20:1 21:15 22:6 23:55 24:18 25:392 26:66 27:2291 28:229 29:13528 30:1057 31:79887 32:4507 33:440092
level 66: +268159 new (total 74639315) 1725s  bylen: 20:1 21:8 22:14 23:31 24:97 25:136 26:752 27:549 28:4705 29:2593 30:29678 31:11334 32:171605 33:46656
level 67: +543346 new (total 75182661) 1732s  bylen: 20:1 21:4 23:65 24:13 25:347 26:47 27:2280 28:223 29:13731 30:904 31:82120 32:4012 33:439599
level 68: +258737 new (total 75441398) 1743s  bylen: 20:1 21:2 22:14 23:15 24:108 25:65 26:735 27:316 28:4763 29:1593 30:30231 31:8498 32:171644 33:40752
level 69: +527590 new (total 75968988) 1749s  bylen: 21:9 22:2 23:45 24:9 25:292 26:32 27:2092 28:147 29:13208 30:677 31:79226 32:2873 33:428978
level 70: +243147 new (total 76212135) 1760s  bylen: 20:2 21:1 22:16 23:8 24:112 25:42 26:761 27:183 28:4988 29:972 30:31271 31:4862 32:178183 33:21746
level 71: +536472 new (total 76748607) 1768s  bylen: 19:1 21:10 22:3 23:55 24:4 25:296 26:9 27:2112 28:74 29:13470 30:404 31:80552 32:1959 33:437523
level 72: +244522 new (total 76993129) 1780s  bylen: 20:2 21:1 22:12 23:10 24:130 25:44 26:785 27:217 28:5039 29:903 30:32101 31:4429 32:182817 33:18032
level 73: +539372 new (total 77532501) 1787s  bylen: 20:1 21:6 23:39 24:2 25:278 26:17 27:2104 28:85 29:13004 30:290 31:79951 32:1284 33:442311
level 74: +227657 new (total 77760158) 1800s  bylen: 21:2 22:8 23:9 24:82 25:43 26:622 27:177 28:4271 29:983 30:28592 31:4577 32:169324 33:18967
level 75: +472852 new (total 78233010) 1806s  bylen: 21:3 22:1 23:24 24:6 25:178 26:29 27:1653 28:121 29:11232 30:485 31:68879 32:1692 33:388549
level 76: +195070 new (total 78428080) 1816s  bylen: 21:3 22:7 23:5 24:47 25:26 26:482 27:159 28:3492 29:888 30:24130 31:4195 32:143778 33:17858
level 77: +404922 new (total 78833002) 1821s  bylen: 21:2 22:2 23:18 24:8 25:177 26:20 27:1333 28:93 29:9538 30:315 31:59003 32:1194 33:333219
level 78: +173505 new (total 79006507) 1829s  bylen: 19:1 21:2 22:7 23:10 24:49 25:40 26:438 27:175 28:3144 29:923 30:21845 31:4145 32:126916 33:15810
level 79: +375171 new (total 79381678) 1833s  bylen: 20:1 21:3 22:5 23:20 24:21 25:188 26:83 27:1268 28:284 29:9054 30:1074 31:55212 32:3360 33:304598
level 80: +178932 new (total 79560610) 1840s  bylen: 21:5 22:6 23:11 24:51 25:78 26:440 27:336 28:3150 29:1530 30:21383 31:6903 32:122140 33:22899
level 81: +374399 new (total 79935009) 1845s  bylen: 22:2 23:27 24:23 25:167 26:106 27:1265 28:519 29:8959 30:2426 31:54624 32:9161 33:297120
level 82: +190015 new (total 80125024) 1853s  bylen: 22:5 23:10 24:55 25:59 26:385 27:337 28:3021 29:1905 30:21182 31:9306 32:120952 33:32798
level 83: +376462 new (total 80501486) 1857s  bylen: 22:2 23:18 24:10 25:171 26:95 27:1158 28:458 29:8337 30:2946 31:53952 32:13277 33:296038
