start xxxyXXy|xyyXYYY cap=31 conj=8 nosym=0 threads=4 maxstates=150000000
target 0: xyxYXY|xxxxYYY
target 1: xxxyXXY|xyyXYYY
target 2: xxxyXXy|xyyXYYY
target 3: x|y
target 4: xxyXy|xyyyyyxYY
target 5: xxxxyXy|xyyyxYY
target 6: xxyxxYY|xyXYYXy
start equals target 2
level 1: +23796 new (total 23797) 0s  bylen: 17:8 19:24 21:84 23:160 25:624 27:1728 29:5328 31:15840
level 2: +80467 new (total 104264) 1s  bylen: 16:1 18:10 19:2 20:40 21:10 22:218 23:48 24:973 25:148 26:3764 27:546 28:14310 29:1636 30:53271 31:5490
level 3: +307314 new (total 411578) 4s  bylen: 17:3 19:14 21:84 22:7 23:504 24:24 25:2453 26:67 27:12104 28:238 29:54299 30:888 31:236629
level 4: +183349 new (total 594927) 14s  bylen: 18:5 20:28 21:7 22:150 23:25 24:919 25:123 26:5162 27:466 28:27328 29:1578 30:141384 31:6174
level 5: +412176 new (total 1007103) 21s  bylen: 17:3 19:4 20:1 21:34 22:3 23:321 24:9 25:1868 26:38 27:11019 28:120 29:61949 30:539 31:336268
level 6: +159346 new (total 1166449) 33s  bylen: 18:3 19:1 20:10 21:7 22:81 23:21 24:489 25:120 26:3473 27:341 28:21708 29:1123 30:127876 31:4093
level 7: +314836 new (total 1481285) 40s  bylen: 17:2 19:1 20:1 21:27 22:7 23:148 24:14 25:931 26:66 27:6689 28:223 29:42310 30:737 31:263680
level 8: +101091 new (total 1582376) 49s  bylen: 18:3 19:1 20:6 21:7 22:60 23:20 24:290 25:130 26:1700 27:456 28:11554 29:1772 30:78009 31:7083
level 9: +194444 new (total 1776820) 53s  bylen: 17:2 18:1 19:5 20:1 21:19 22:5 23:143 24:20 25:730 26:68 27:4203 28:181 29:25697 30:672 31:162697
level 10: +79602 new (total 1856422) 59s  bylen: 18:5 19:5 20:17 21:11 22:64 23:48 24:327 25:181 26:1713 27:636 28:9623 29:2341 30:55926 31:8705
level 11: +192977 new (total 2049399) 63s  bylen: 15:1 17:1 18:2 19:10 20:8 21:48 22:40 23:206 24:158 25:1033 26:581 27:5234 28:2278 29:27513 30:8339 31:147525
level 12: +162462 new (total 2211861) 68s  bylen: 16:2 17:2 18:2 19:7 20:24 21:48 22:117 23:200 24:556 25:755 26:2813 27:3241 28:14231 29:13252 30:73946 31:53266
level 13: +332930 new (total 2544791) 74s  bylen: 17:3 18:1 19:14 20:16 21:63 22:64 23:387 24:359 25:1849 26:1746 27:8940 28:8442 29:44924 30:39154 31:226968
level 14: +309152 new (total 2853943) 82s  bylen: 16:1 18:1 19:3 20:23 21:38 22:101 23:196 24:575 25:1103 26:3342 27:5905 28:18754 29:30098 30:101315 31:147697
level 15: +386718 new (total 3240661) 95s  bylen: 17:3 18:1 19:8 20:3 21:51 22:29 23:280 24:246 25:1454 26:1639 27:8174 28:10431 29:46144 30:61185 31:257070
level 16: +310911 new (total 3551572) 108s  bylen: 16:1 18:4 19:7 20:17 21:30 22:116 23:134 24:602 25:743 26:3065 27:4494 28:16956 29:27463 30:96285 31:160994
level 17: +405486 new (total 3957058) 117s  bylen: 16:1 17:2 18:1 19:11 20:9 21:54 22:53 23:338 24:287 25:1812 26:1737 27:9700 28:10314 29:50780 30:61166 31:269221
level 18: +392896 new (total 4349954) 129s  bylen: 16:1 18:1 19:11 20:18 21:46 22:103 23:209 24:711 25:1040 26:4245 27:5945 28:24445 29:33450 30:135242 31:187429
level 19: +564953 new (total 4914907) 140s  bylen: 18:2 19:8 20:6 21:40 22:62 23:254 24:359 25:1706 26:2268 27:11067 28:13994 29:67580 30:85233 31:382374
level 20: +442670 new (total 5357577) 155s  bylen: 18:5 19:4 20:7 21:21 22:72 23:94 24:450 25:713 26:3397 27:4842 28:23782 29:33593 30:161424 31:214266
level 21: +511772 new (total 5869349) 167s  bylen: 17:3 18:2 19:5 20:4 21:43 22:33 23:190 24:175 25:1126 26:1123 27:7714 28:8197 29:55591 30:63166 31:374400
level 22: +300845 new (total 6170194) 179s  bylen: 17:1 18:8 19:4 20:23 21:17 22:98 23:115 24:503 25:487 26:2888 27:2890 28:18539 29:18391 30:127204 31:129677
level 23: +411406 new (total 6581600) 187s  bylen: 15:1 17:1 19:12 20:13 21:52 22:32 23:321 24:195 25:1508 26:961 27:8222 28:5418 29:49291 30:35663 31:309716
level 24: +259901 new (total 6841501) 198s  bylen: 18:6 19:13 20:19 21:30 22:123 23:182 24:623 25:733 26:3608 27:3456 28:19952 29:17100 30:120680 31:93376
level 25: +431148 new (total 7272649) 205s  bylen: 17:4 19:15 20:1 21:74 22:6 23:427 24:72 25:2212 26:544 27:11120 28:3626 29:59872 30:23713 31:329462
level 26: +356703 new (total 7629352) 216s  bylen: 17:2 18:2 19:16 20:10 21:79 22:78 23:372 24:441 25:1792 26:2628 27:8526 28:16171 29:40157 30:99055 31:187374
level 27: +656497 new (total 8285849) 227s  bylen: 17:1 19:18 21:96 22:4 23:652 24:16 25:3451 26:139 27:18796 28:861 29:99528 30:6556 31:526379
level 28: +688843 new (total 8974692) 245s  bylen: 18:1 19:8 20:9 21:51 22:47 23:387 24:292 25:2612 26:1741 27:15895 28:10428 29:91411 30:65596 31:500365
level 29: +774045 new (total 9748737) 265s  bylen: 19:6 21:46 23:354 24:5 25:2370 26:30 27:16191 28:205 29:104462 30:1259 31:649117
level 30: +535735 new (total 10284472) 287s  bylen: 18:2 20:6 21:15 22:41 23:125 24:224 25:1047 26:1333 27:8240 28:8057 29:59133 30:49203 31:408309
level 31: +446364 new (total 10730836) 302s  bylen: 17:1 18:1 19:6 20:1 21:20 22:4 23:162 24:2 25:1105 26:28 27:7851 28:71 29:54526 30:297 31:382289
level 32: +245359 new (total 10976195) 315s  bylen: 15:1 16:1 17:1 18:1 19:2 20:14 21:11 22:51 23:67 24:270 25:379 26:1457 27:2776 28:8094 29:21248 30:45734 31:165252
level 33: +267577 new (total 11243772) 323s  bylen: 16:1 17:1 18:3 19:13 20:17 21:59 22:55 23:243 24:184 25:1127 26:675 27:6005 28:2342 29:34486 30:8067 31:214299
level 34: +209871 new (total 11453643) 331s  bylen: 16:1 17:1 18:1 19:10 20:13 21:36 22:79 23:222 24:426 25:1012 26:2153 27:4460 28:11706 29:20871 30:61272 31:107608
level 35: +278307 new (total 11731950) 338s  bylen: 17:2 19:13 20:13 21:26 22:50 23:215 24:295 25:1156 26:1504 27:6082 28:7555 29:34001 30:35859 31:191536
level 36: +204835 new (total 11936785) 347s  bylen: 18:2 19:9 20:19 21:12 22:75 23:109 24:431 25:618 26:2390 27:3236 28:12571 29:17799 30:69851 31:97713
level 37: +250830 new (total 12187615) 354s  bylen: 17:2 18:1 19:4 20:5 21:33 22:17 23:200 24:116 25:1062 26:656 27:5959 28:4238 29:33065 30:25333 31:180139
level 38: +146654 new (total 12334269) 360s  bylen: 16:1 17:2 18:1 19:6 20:9 21:20 22:60 23:80 24:327 25:387 26:1939 27:1952 28:11038 29:9988 30:65020 31:55824
level 39: +220444 new (total 12554713) 365s  bylen: 15:1 16:1 19:11 20:8 21:47 22:43 23:242 24:144 25:1103 26:612 27:5658 28:2731 29:30089 30:13643 31:166111
level 40: +163064 new (total 12717777) 371s  bylen: 17:1 18:4 19:9 20:25 21:46 22:95 23:175 24:464 25:795 26:2404 27:3296 28:12163 29:14582 30:65662 31:63343
level 41: +277175 new (total 12994952) 376s  bylen: 19:9 20:10 21:40 22:25 23:272 24:238 25:1457 26:1066 27:7467 28:5131 29:38293 30:24028 31:199139
level 42: +185011 new (total 13179963) 384s  bylen: 19:2 20:16 21:10 22:61 23:66 24:427 25:499 26:2376 27:2726 28:13379 29:14687 30:75399 31:75363
level 43: +238967 new (total 13418930) 389s  bylen: 19:3 21:21 22:15 23:143 24:72 25:890 26:549 27:5450 28:3076 29:31248 30:18704 31:178796
level 44: +119374 new (total 13538304) 398s  bylen: 18:1 20:5 21:4 22:46 23:21 24:289 25:174 26:1645 27:1068 28:10284 29:6538 30:61521 31:37778
level 45: +172991 new (total 13711295) 404s  bylen: 19:3 20:1 21:14 22:8 23:125 24:54 25:684 26:279 27:3979 28:1294 29:23044 30:7982 31:135524
level 46: +81796 new (total 13793091) 411s  bylen: 18:1 20:7 21:3 22:37 23:30 24:219 25:134 26:1468 27:725 28:8506 29:3553 30:49572 31:17541
level 47: +147764 new (total 13940855) 415s  bylen: 19:4 21:16 22:7 23:98 24:43 25:630 26:249 27:3628 28:1413 29:20458 30:6170 31:115048
level 48: +77454 new (total 14018309) 421s  bylen: 18:1 20:6 21:3 22:52 23:36 24:232 25:150 26:1401 27:892 28:8383 29:4188 30:45953 31:16157
level 49: +147565 new (total 14165874) 424s  bylen: 19:3 20:1 21:13 22:7 23:102 24:44 25:694 26:262 27:3633 28:1641 29:20894 30:7243 31:113028
level 50: +79527 new (total 14245401) 429s  bylen: 20:5 21:4 22:40 23:30 24:229 25:176 26:1437 27:906 28:8153 29:4801 30:46333 31:17413
level 51: +143029 new (total 14388430) 432s  bylen: 19:1 20:1 21:15 22:12 23:94 24:47 25:580 26:357 27:3471 28:1993 29:20129 30:8234 31:108095
level 52: +80451 new (total 14468881) 436s  bylen: 19:4 20:3 21:9 22:27 23:40 24:188 25:201 26:1220 27:1182 28:7397 29:5686 30:42595 31:21899
level 53: +136850 new (total 14605731) 439s  bylen: 17:1 18:1 19:4 20:1 21:21 22:5 23:98 24:58 25:555 26:303 27:3293 28:2189 29:18800 30:9876 31:101645
level 54: +89699 new (total 14695430) 442s  bylen: 18:1 19:8 20:7 21:25 22:31 23:70 24:173 25:418 26:1136 27:1817 28:6961 29:8745 30:38029 31:32278
level 55: +151648 new (total 14847078) 448s  bylen: 15:1 18:3 19:5 20:4 21:22 22:17 23:146 24:76 25:795 26:415 27:4019 28:2289 29:21937 30:10095 31:111824
level 56: +124042 new (total 14971120) 457s  bylen: 15:1 16:2 17:2 18:1 19:12 20:20 21:40 22:77 23:168 24:315 25:680 26:1594 27:2930 28:8264 29:13360 30:42267 31:54309
level 57: +247317 new (total 15218437) 466s  bylen: 17:3 18:8 19:15 20:27 21:82 22:87 23:371 24:386 25:1665 26:1587 27:7558 28:6801 29:35395 30:26847 31:166485
level 58: +285754 new (total 15504191) 474s  bylen: 17:6 18:2 19:19 20:20 21:74 22:74 23:385 24:459 25:1865 26:2625 27:7869 28:14098 29:35432 30:71779 31:151047
level 59: +362857 new (total 15867048) 478s  bylen: 16:1 17:2 18:5 19:18 20:20 21:64 22:97 23:342 24:469 25:1790 26:2281 27:9027 28:11871 29:46692 30:57714 31:232464
level 60: +364086 new (total 16231134) 482s  bylen: 17:4 18:1 19:20 20:9 21:81 22:66 23:391 24:337 25:2172 26:1680 27:10215 28:10212 29:49036 30:57942 31:231920
level 61: +355289 new (total 16586423) 487s  bylen: 14:1 17:4 18:1 19:13 20:14 21:34 22:99 23:227 24:433 25:1476 26:2228 27:7925 28:11340 29:43186 30:57158 31:231150
level 62: +352915 new (total 16939338) 491s  bylen: 16:1 17:10 18:3 19:32 20:24 21:113 22:83 23:439 24:328 25:1937 26:1615 27:9449 28:8597 29:46957 30:45062 31:238265
level 63: +410501 new (total 17349839) 496s  bylen: 15:1 16:1 17:6 18:8 19:24 20:37 21:97 22:188 23:526 24:914 25:2353 26:4026 27:10643 28:17935 29:50108 30:80364 31:243270
level 64: +599306 new (total 17949145) 584s  bylen: 15:2 16:1 17:4 18:9 19:34 20:32 21:154 22:157 23:715 24:754 25:3585 26:3601 27:17162 28:17017 29:82647 30:81568 31:391864
level 65: +783361 new (total 18732506) 609s  bylen: 15:1 17:16 18:3 19:58 20:30 21:215 22:150 23:1082 24:627 25:5042 26:3495 27:22995 28:17875 29:110728 30:92287 31:528757
level 66: +1107246 new (total 19839752) 639s  bylen: 15:1 16:1 17:12 18:3 19:48 20:27 21:358 22:166 23:1623 24:853 25:7499 26:4436 27:34392 28:22586 29:161415 30:116304 31:757522
level 67: +1795316 new (total 21635068) 687s  bylen: 15:1 17:7 18:5 19:53 20:21 21:336 22:100 23:1914 24:498 25:10598 26:2604 27:55260 28:13516 29:277355 30:68801 31:1364247
level 68: +2220736 new (total 23855804) 765s  bylen: 17:6 18:6 19:43 20:22 21:262 22:102 23:1599 24:589 25:9725 26:3217 27:56537 28:18160 29:316833 30:101387 31:1712248
level 69: +2285979 new (total 26141783) 859s  bylen: 16:1 17:4 18:10 19:28 20:28 21:184 22:114 23:1234 24:549 25:7868 26:2620 27:50079 28:12824 29:307965 30:64304 31:1838167
level 70: +1908771 new (total 28050554) 934s  bylen: 15:1 16:3 17:7 18:7 19:40 20:21 21:189 22:140 23:993 24:657 25:5944 26:3264 27:37537 28:16941 29:240429 30:87713 31:1514885
level 71: +1536912 new (total 29587466) 970s  bylen: 16:1 17:5 18:14 19:41 20:59 21:163 22:303 23:906 24:1329 25:4812 26:5846 27:28887 28:26629 29:180526 30:119901 31:1167490
level 72: +1330902 new (total 30918368) 994s  bylen: 17:3 18:2 19:30 20:40 21:177 22:184 23:948 24:971 25:5224 26:5177 27:28724 28:25880 29:163903 30:127934 31:971705
level 73: +1036801 new (total 31955169) 1017s  bylen: 15:1 17:4 18:9 19:15 20:31 21:81 22:182 23:532 24:1090 25:3011 26:6319 27:18283 28:34309 29:110666 30:180849 31:681419
level 74: +874606 new (total 32829775) 1039s  bylen: 16:1 17:5 18:7 19:21 20:27 21:124 22:107 23:629 24:607 25:3332 26:3242 27:18073 28:18820 29:104856 30:107602 31:617153
level 75: +648454 new (total 33478229) 1080s  bylen: 17:6 18:3 19:20 20:28 21:109 22:109 23:522 24:694 25:2706 26:3794 27:13558 28:21908 29:72709 30:125988 31:406300
level 76: +573384 new (total 34051613) 1113s  bylen: 17:2 18:3 19:18 20:18 21:97 22:94 23:476 24:532 25:2422 26:2911 27:12818 28:15686 29:69321 30:86006 31:382980
level 77: +456975 new (total 34508588) 1146s  bylen: 17:2 18:4 19:13 20:15 21:75 22:75 23:369 24:403 25:1890 26:2222 27:10563 28:12594 29:55665 30:73512 31:299573
level 78: +367776 new (total 34876364) 1169s  bylen: 17:2 18:5 19:12 20:9 21:68 22:49 23:308 24:289 25:1679 26:1685 27:8637 28:9245 29:45711 30:54210 31:245867
level 79: +299319 new (total 35175683) 1185s  bylen: 16:1 17:1 18:5 19:11 20:13 21:48 22:84 23:284 24:350 25:1328 26:1766 27:6940 28:8917 29:37130 30:46254 31:196187
level 80: +279567 new (total 35455250) 1198s  bylen: 17:3 18:4 19:13 20:13 21:84 22:59 23:343 24:325 25:1547 26:1676 27:7593 28:8587 29:36651 30:43834 31:178835
level 81: +282172 new (total 35737422) 1209s  bylen: 18:1 19:12 20:19 21:37 22:91 23:288 24:499 25:1328 26:2523 27:6627 28:12415 29:33103 30:58779 31:166450
level 82: +282073 new (total 36019495) 1221s  bylen: 17:1 18:1 19:4 20:12 21:40 22:32 23:217 24:290 25:1291 26:1484 27:6922 28:8419 29:36276 30:45947 31:181137
level 83: +222272 new (total 36241767) 1235s  bylen: 19:9 20:7 21:39 22:26 23:167 24:201 25:954 26:1078 27:4878 28:7015 29:26673 30:39995 31:141230
level 84: +173204 new (total 36414971) 1246s  bylen: 18:1 19:3 20:6 21:31 22:38 23:137 24:200 25:767 26:1091 27:3967 28:6132 29:20914 30:33621 31:106296
level 85: +162081 new (total 36577052) 1253s  bylen: 19:7 20:2 21:31 22:11 23:121 24:84 25:730 26:518 27:4065 28:3058 29:21969 30:17087 31:114398
level 86: +112156 new (total 36689208) 1260s  bylen: 18:2 19:4 20:6 21:14 22:26 23:85 24:159 25:450 26:771 27:2445 28:4812 29:13149 30:26360 31:63873
level 87: +118256 new (total 36807464) 1265s  bylen: 19:1 20:5 21:32 22:17 23:89 24:64 25:541 26:317 27:2977 28:1633 29:16622 30:8153 31:87805
level 88: +76196 new (total 36883660) 1270s  bylen: 19:2 20:1 21:19 22:20 23:65 24:82 25:299 26:609 27:1733 28:3721 29:8850 30:20673 31:40122
level 89: +84782 new (total 36968442) 1273s  bylen: 18:1 19:7 20:5 21:10 22:10 23:58 24:54 25:316 26:282 27:2022 28:1385 29:11548 30:6187 31:62897
level 90: +61547 new (total 37029989) 1276s  bylen: 19:2 20:9 21:21 22:36 23:71 24:114 25:313 26:603 27:1479 28:3261 29:7147 30:17602 31:30889
level 91: +90551 new (total 37120540) 1279s  bylen: 20:2 21:16 22:21 23:110 24:138 25:427 26:529 27:2373 28:2479 29:12484 30:10179 31:61793
level 92: +76310 new (total 37196850) 1283s  bylen: 19:2 20:2 21:9 22:26 23:45 24:145 25:285 26:888 27:1531 28:4786 29:7500 30:25895 31:35196
level 93: +98728 new (total 37295578) 1287s  bylen: 21:12 22:14 23:78 24:58 25:384 26:360 27:2397 28:2168 29:12990 30:11042 31:69225
level 94: +64386 new (total 37359964) 1289s  bylen: 19:1 21:5 22:19 23:38 24:101 25:186 26:719 27:1001 28:4273 29:5408 30:25430 31:27205
level 95: +83178 new (total 37443142) 1291s  bylen: 20:1 21:3 22:5 23:36 24:28 25:271 26:221 27:1840 28:1298 29:10910 30:6640 31:61925
level 96: +43567 new (total 37486709) 1293s  bylen: 21:2 22:5 23:18 24:76 25:86 26:494 27:593 28:3363 29:3077 30:20601 31:15252
level 97: +60819 new (total 37547528) 1295s  bylen: 21:1 22:5 23:22 24:16 25:183 26:95 27:1174 28:685 29:7883 30:3450 31:47305
level 98: +28696 new (total 37576224) 1297s  bylen: 22:7 23:15 24:30 25:63 26:297 27:379 28:2366 29:1873 30:15683 31:7983
level 99: +44503 new (total 37620727) 1298s  bylen: 21:1 22:1 23:16 24:19 25:102 26:86 27:795 28:568 29:5733 30:2304 31:34878
level 100: +21394 new (total 37642121) 1300s  bylen: 21:1 22:5 23:8 24:17 25:54 26:204 27:298 28:1660 29:1699 30:11073 31:6375
level 101: +34670 new (total 37676791) 1301s  bylen: 21:4 22:2 23:12 24:20 25:101 26:95 27:668 28:514 29:4468 30:2307 31:26479
level 102: +20179 new (total 37696970) 1302s  bylen: 22:3 23:12 24:36 25:52 26:207 27:322 28:1575 29:1686 30:9752 31:6534
level 103: +33571 new (total 37730541) 1303s  bylen: 21:1 22:1 23:19 24:11 25:105 26:97 27:690 28:551 29:4525 30:2409 31:25162
level 104: +20085 new (total 37750626) 1305s  bylen: 21:1 22:1 23:5 24:35 25:44 26:225 27:335 28:1570 29:1561 30:9786 31:6522
level 105: +33312 new (total 37783938) 1306s  bylen: 21:1 22:1 23:17 24:9 25:101 26:73 27:722 28:517 29:4567 30:2251 31:25053
level 106: +19729 new (total 37803667) 1307s  bylen: 22:2 23:1 24:37 25:48 26:227 27:264 28:1662 29:1418 30:9969 31:6101
level 107: +34143 new (total 37837810) 1308s  bylen: 21:2 22:1 23:8 24:8 25:112 26:59 27:683 28:435 29:4725 30:1991 31:26119
level 108: +18945 new (total 37856755) 1309s  bylen: 22:3 23:4 24:34 25:37 26:216 27:254 28:1609 29:1288 30:10013 31:5487
level 109: +32712 new (total 37889467) 1310s  bylen: 21:1 22:2 23:7 24:8 25:84 26:63 27:608 28:409 29:4342 30:1881 31:25307
level 110: +16919 new (total 37906386) 1311s  bylen: 22:2 23:5 24:19 25:35 26:147 27:242 28:1427 29:1231 30:8948 31:4863
level 111: +27112 new (total 37933498) 1311s  bylen: 20:1 22:1 23:11 24:10 25:68 26:64 27:416 28:421 29:3434 30:1807 31:20879
level 112: +14909 new (total 37948407) 1312s  bylen: 21:4 22:2 23:8 24:13 25:37 26:135 27:260 28:1114 29:1311 30:7038 31:4987
level 113: +24137 new (total 37972544) 1313s  bylen: 19:1 20:1 21:5 22:6 23:12 24:15 25:49 26:91 27:427 28:489 29:2979 30:2124 31:17938
level 114: +16177 new (total 37988721) 1313s  bylen: 20:1 21:2 22:4 23:17 24:28 25:66 26:130 27:369 28:998 29:1743 30:6332 31:6487
level 115: +24018 new (total 38012739) 1314s  bylen: 19:1 22:2 23:20 24:21 25:83 26:94 27:555 28:531 29:3162 30:2315 31:17234
level 116: +16065 new (total 38028804) 1314s  bylen: 20:1 21:2 22:2 23:4 24:22 25:42 26:125 27:305 28:1032 29:1637 30:6078 31:6815
level 117: +22467 new (total 38051271) 1315s  bylen: 21:3 22:2 23:13 24:8 25:70 26:71 27:506 28:450 29:3158 30:1934 31:16252
level 118: +14909 new (total 38066180) 1316s  bylen: 22:2 23:7 24:13 25:45 26:157 27:255 28:1020 29:1419 30:6145 31:5846
level 119: +22501 new (total 38088681) 1316s  bylen: 22:3 23:13 24:7 25:59 26:57 27:499 28:404 29:3188 30:1740 31:16531
level 120: +14499 new (total 38103180) 1317s  bylen: 22:2 23:6 24:16 25:34 26:148 27:265 28:1047 29:1282 30:6339 31:5360
level 121: +22696 new (total 38125876) 1318s  bylen: 22:4 23:10 24:6 25:48 26:58 27:490 28:411 29:3095 30:1778 31:16796
level 122: +14066 new (total 38139942) 1318s  bylen: 22:3 23:7 24:16 25:32 26:115 27:250 28:1038 29:1266 30:6289 31:5050
level 123: +21597 new (total 38161539) 1319s  bylen: 22:2 23:9 24:7 25:53 26:66 27:403 28:448 29:2837 30:1885 31:15887
level 124: +13331 new (total 38174870) 1320s  bylen: 20:1 22:2 23:5 24:13 25:36 26:112 27:237 28:937 29:1268 30:5904 31:4816
level 125: +19923 new (total 38194793) 1320s  bylen: 21:1 22:1 23:9 24:10 25:50 26:62 27:398 28:419 29:2640 30:1926 31:14407
level 126: +12697 new (total 38207490) 1321s  bylen: 20:2 23:4 24:17 25:36 26:113 27:227 28:969 29:1303 30:5452 31:4574
level 127: +19218 new (total 38226708) 1321s  bylen: 21:2 22:1 23:10 24:11 25:61 26:55 27:462 28:432 29:2721 30:1865 31:13598
level 128: +13239 new (total 38239947) 1322s  bylen: 20:1 22:3 23:6 24:16 25:32 26:129 27:238 28:1069 29:1281 30:5691 31:4773
level 129: +19780 new (total 38259727) 1322s  bylen: 21:1 22:2 23:10 24:6 25:69 26:62 27:480 28:419 29:2885 30:1821 31:14025
level 130: +13424 new (total 38273151) 1323s  bylen: 22:2 23:7 24:22 25:32 26:130 27:229 28:1058 29:1288 30:5914 31:4742
level 131: +19770 new (total 38292921) 1324s  bylen: 22:1 23:7 24:9 25:63 26:59 27:437 28:420 29:2889 30:1880 31:14005
level 132: +12843 new (total 38305764) 1324s  bylen: 21:2 22:1 23:6 24:17 25:27 26:114 27:221 28:971 29:1252 30:5532 31:4700
level 133: +19086 new (total 38324850) 1325s  bylen: 23:8 24:13 25:43 26:56 27:373 28:450 29:2546 30:1916 31:13681
level 134: +11932 new (total 38336782) 1325s  bylen: 19:1 22:2 23:7 24:11 25:37 26:105 27:239 28:765 29:1320 30:4768 31:4677
level 135: +17430 new (total 38354212) 1326s  bylen: 20:1 21:1 22:1 23:10 24:7 25:40 26:76 27:344 28:463 29:2365 30:1951 31:12171
level 136: +12051 new (total 38366263) 1326s  bylen: 21:3 22:1 23:9 24:11 25:48 26:99 27:283 28:678 29:1443 30:4254 31:5222
level 137: +15449 new (total 38381712) 1326s  bylen: 23:7 24:7 25:40 26:54 27:323 28:384 29:2196 30:1802 31:10636
level 138: +10382 new (total 38392094) 1327s  bylen: 23:7 24:14 25:27 26:67 27:211 28:672 29:1219 30:3578 31:4587
level 139: +13712 new (total 38405806) 1327s  bylen: 23:5 24:3 25:37 26:41 27:296 28:295 29:1956 30:1241 31:9838
level 140: +9627 new (total 38415433) 1328s  bylen: 23:3 24:11 25:22 26:82 27:179 28:665 29:950 30:3758 31:3957
level 141: +13586 new (total 38429019) 1328s  bylen: 23:4 24:3 25:31 26:38 27:302 28:301 29:1983 30:1134 31:9790
level 142: +9180 new (total 38438199) 1328s  bylen: 23:2 24:13 25:19 26:86 27:149 28:720 29:812 30:3990 31:3389
level 143: +14159 new (total 38452358) 1329s  bylen: 21:1 23:2 24:4 25:33 26:32 27:302 28:298 29:1960 30:1160 31:10367
level 144: +9030 new (total 38461388) 1329s  bylen: 22:1 23:2 24:11 25:19 26:95 27:138 28:752 29:737 30:4204 31:3071
level 145: +14332 new (total 38475720) 1330s  bylen: 21:2 23:1 24:3 25:39 26:30 27:304 28:282 29:1938 30:1117 31:10616
level 146: +8713 new (total 38484433) 1330s  bylen: 22:2 23:3 24:8 25:19 26:104 27:138 28:693 29:718 30:4095 31:2933
level 147: +13254 new (total 38497687) 1331s  bylen: 21:1 23:5 24:4 25:36 26:31 27:290 28:258 29:1880 30:1052 31:9697
level 148: +8172 new (total 38505859) 1331s  bylen: 22:1 23:4 24:11 25:16 26:90 27:147 28:624 29:739 30:3658 31:2882
level 149: +11904 new (total 38517763) 1331s  bylen: 23:4 24:5 25:36 26:29 27:230 28:271 29:1629 30:1029 31:8671
level 150: +7576 new (total 38525339) 1332s  bylen: 23:1 24:11 25:25 26:72 27:135 28:529 29:816 30:3091 31:2896
level 151: +10581 new (total 38535920) 1332s  bylen: 23:5 24:6 25:26 26:32 27:226 28:255 29:1349 30:1066 31:7616
level 152: +7209 new (total 38543129) 1332s  bylen: 24:7 25:24 26:59 27:132 28:502 29:800 30:2717 31:2968
level 153: +9659 new (total 38552788) 1333s  bylen: 21:1 23:4 24:4 25:25 26:33 27:217 28:240 29:1294 30:1119 31:6722
level 154: +7136 new (total 38559924) 1333s  bylen: 23:2 24:10 25:14 26:55 27:139 28:491 29:771 30:2527 31:3127
level 155: +9587 new (total 38569511) 1333s  bylen: 23:7 24:3 25:31 26:26 27:225 28:218 29:1397 30:1050 31:6630
level 156: +7061 new (total 38576572) 1333s  bylen: 24:10 25:17 26:60 27:128 28:504 29:752 30:2646 31:2944
level 157: +9803 new (total 38586375) 1334s  bylen: 23:5 24:3 25:34 26:21 27:233 28:200 29:1487 30:927 31:6893
level 158: +6851 new (total 38593226) 1334s  bylen: 22:1 24:7 25:14 26:68 27:119 28:512 29:682 30:2764 31:2684
level 159: +10006 new (total 38603232) 1334s  bylen: 23:4 24:3 25:33 26:29 27:233 28:180 29:1494 30:831 31:7199
level 160: +6595 new (total 38609827) 1334s  bylen: 22:1 24:6 25:12 26:67 27:101 28:487 29:675 30:2705 31:2541
level 161: +9399 new (total 38619226) 1334s  bylen: 23:6 24:3 25:22 26:28 27:219 28:203 29:1390 30:825 31:6703
level 162: +6252 new (total 38625478) 1335s  bylen: 22:1 24:7 25:11 26:58 27:97 28:470 29:638 30:2493 31:2477
level 163: +8668 new (total 38634146) 1335s  bylen: 23:3 24:2 25:33 26:32 27:184 28:185 29:1288 30:855 31:6086
level 164: +5886 new (total 38640032) 1335s  bylen: 22:2 24:3 25:13 26:69 27:95 28:427 29:625 30:2393 31:2259
level 165: +8185 new (total 38648217) 1336s  bylen: 23:4 24:1 25:24 26:36 27:205 28:181 29:1265 30:895 31:5574
level 166: +5940 new (total 38654157) 1336s  bylen: 22:1 23:1 24:9 25:15 26:62 27:95 28:434 29:607 30:2403 31:2313
level 167: +8357 new (total 38662514) 1336s  bylen: 23:4 24:3 25:33 26:24 27:216 28:206 29:1236 30:903 31:5732
level 168: +6091 new (total 38668605) 1336s  bylen: 22:1 23:1 24:7 25:14 26:71 27:120 28:415 29:606 30:2434 31:2422
level 169: +8553 new (total 38677158) 1336s  bylen: 23:5 24:3 25:34 26:25 27:201 28:202 29:1263 30:914 31:5906
level 170: +6006 new (total 38683164) 1337s  bylen: 22:2 23:1 24:3 25:17 26:80 27:116 28:429 29:629 30:2281 31:2448
level 171: +8293 new (total 38691457) 1337s  bylen: 23:5 24:3 25:25 26:30 27:246 28:196 29:1257 30:848 31:5683
level 172: +5920 new (total 38697377) 1337s  bylen: 22:2 23:3 24:8 25:12 26:57 27:125 28:460 29:601 30:2219 31:2433
level 173: +7949 new (total 38705326) 1337s  bylen: 23:3 24:5 25:32 26:26 27:220 28:238 29:1309 30:821 31:5295
level 174: +6089 new (total 38711415) 1337s  bylen: 22:2 23:2 24:8 25:15 26:66 27:123 28:464 29:623 30:2367 31:2419
level 175: +8436 new (total 38719851) 1338s  bylen: 23:4 24:6 25:28 26:27 27:213 28:240 29:1330 30:921 31:5667
level 176: +6173 new (total 38726024) 1338s  bylen: 22:2 23:1 24:7 25:17 26:77 27:110 28:482 29:655 30:2443 31:2379
level 177: +8489 new (total 38734513) 1338s  bylen: 21:1 23:3 24:5 25:24 26:31 27:229 28:204 29:1286 30:973 31:5733
level 178: +6114 new (total 38740627) 1338s  bylen: 22:3 23:1 24:9 25:18 26:64 27:123 28:524 29:608 30:2484 31:2280
level 179: +8541 new (total 38749168) 1338s  bylen: 21:1 23:3 24:4 25:23 26:28 27:242 28:196 29:1367 30:939 31:5738
level 180: +6157 new (total 38755325) 1338s  bylen: 22:4 23:3 24:6 25:14 26:75 27:114 28:550 29:611 30:2562 31:2218
level 181: +8785 new (total 38764110) 1339s  bylen: 23:6 24:3 25:24 26:32 27:234 28:192 29:1456 30:882 31:5956
level 182: +6093 new (total 38770203) 1339s  bylen: 22:2 23:1 24:10 25:16 26:72 27:113 28:540 29:595 30:2596 31:2148
level 183: +8581 new (total 38778784) 1339s  bylen: 23:4 24:6 25:24 26:23 27:248 28:198 29:1414 30:850 31:5814
level 184: +6019 new (total 38784803) 1339s  bylen: 23:1 24:9 25:14 26:62 27:96 28:510 29:556 30:2597 31:2174
level 185: +8079 new (total 38792882) 1339s  bylen: 23:2 24:4 25:29 26:26 27:200 28:202 29:1231 30:873 31:5512
level 186: +5638 new (total 38798520) 1339s  bylen: 23:1 24:6 25:21 26:58 27:89 28:421 29:601 30:2218 31:2223
level 187: +7113 new (total 38805633) 1340s  bylen: 23:2 25:21 26:28 27:167 28:193 29:1038 30:832 31:4832
level 188: +5011 new (total 38810644) 1340s  bylen: 23:3 24:4 25:15 26:52 27:89 28:366 29:535 30:1761 31:2186
level 189: +6066 new (total 38816710) 1340s  bylen: 23:2 24:1 25:19 26:21 27:177 28:156 29:960 30:678 31:4052
level 190: +4535 new (total 38821245) 1340s  bylen: 23:2 24:4 25:10 26:43 27:87 28:359 29:495 30:1551 31:1984
level 191: +5694 new (total 38826939) 1340s  bylen: 23:2 24:2 25:25 26:13 27:131 28:148 29:906 30:503 31:3964
level 192: +4112 new (total 38831051) 1340s  bylen: 24:3 25:9 26:49 27:74 28:322 29:474 30:1469 31:1712
level 193: +5158 new (total 38836209) 1340s  bylen: 23:2 24:2 25:17 26:11 27:142 28:120 29:813 30:479 31:3572
level 194: +3682 new (total 38839891) 1340s  bylen: 24:4 25:6 26:41 27:58 28:321 29:399 30:1412 31:1441
level 195: +4862 new (total 38844753) 1340s  bylen: 23:2 24:1 25:10 26:12 27:141 28:104 29:752 30:483 31:3357
level 196: +3305 new (total 38848058) 1341s  bylen: 22:1 24:3 25:5 26:36 27:55 28:321 29:321 30:1331 31:1232
level 197: +4575 new (total 38852633) 1341s  bylen: 23:3 25:15 26:14 27:133 28:97 29:706 30:464 31:3143
level 198: +3153 new (total 38855786) 1341s  bylen: 22:1 24:4 25:4 26:32 27:45 28:334 29:284 30:1318 31:1131
level 199: +4506 new (total 38860292) 1341s  bylen: 23:4 24:1 25:15 26:8 27:136 28:102 29:754 30:417 31:3069
level 200: +3137 new (total 38863429) 1341s  bylen: 24:6 25:3 26:39 27:50 28:310 29:248 30:1431 31:1050
level 201: +4431 new (total 38867860) 1341s  bylen: 23:2 24:1 25:20 26:9 27:119 28:92 29:776 30:377 31:3035
level 202: +3036 new (total 38870896) 1341s  bylen: 24:5 25:6 26:35 27:45 28:308 29:223 30:1415 31:999
level 203: +4281 new (total 38875177) 1341s  bylen: 25:19 26:15 27:113 28:80 29:713 30:413 31:2928
level 204: +2882 new (total 38878059) 1341s  bylen: 24:2 25:7 26:39 27:50 28:272 29:251 30:1256 31:1005
level 205: +3905 new (total 38881964) 1341s  bylen: 25:16 26:16 27:100 28:103 29:630 30:418 31:2622
level 206: +2765 new (total 38884729) 1341s  bylen: 24:2 25:5 26:32 27:53 28:241 29:250 30:1112 31:1070
level 207: +3598 new (total 38888327) 1341s  bylen: 25:13 26:14 27:108 28:95 29:598 30:386 31:2384
level 208: +2719 new (total 38891046) 1342s  bylen: 24:3 25:2 26:33 27:49 28:246 29:261 30:1030 31:1095
level 209: +3577 new (total 38894623) 1342s  bylen: 25:16 26:8 27:107 28:88 29:613 30:341 31:2404
level 210: +2689 new (total 38897312) 1342s  bylen: 24:4 25:2 26:35 27:47 28:234 29:229 30:1056 31:1082
level 211: +3619 new (total 38900931) 1342s  bylen: 25:13 26:11 27:117 28:69 29:632 30:335 31:2442
level 212: +2636 new (total 38903567) 1342s  bylen: 24:4 25:2 26:34 27:45 28:247 29:223 30:1073 31:1008
level 213: +3679 new (total 38907246) 1342s  bylen: 25:13 26:10 27:101 28:76 29:686 30:307 31:2486
level 214: +2616 new (total 38909862) 1342s  bylen: 24:3 25:3 26:33 27:47 28:254 29:188 30:1126 31:962
level 215: +3613 new (total 38913475) 1342s  bylen: 23:1 25:11 26:9 27:95 28:79 29:661 30:293 31:2464
level 216: +2498 new (total 38915973) 1342s  bylen: 24:3 25:1 26:33 27:47 28:237 29:151 30:1125 31:901
level 217: +3336 new (total 38919309) 1342s  bylen: 23:1 25:10 26:8 27:91 28:72 29:637 30:241 31:2276
level 218: +2295 new (total 38921604) 1342s  bylen: 24:6 25:2 26:24 27:32 28:237 29:175 30:1031 31:788
level 219: +3206 new (total 38924810) 1342s  bylen: 25:14 26:7 27:91 28:58 29:556 30:197 31:2283
level 220: +2126 new (total 38926936) 1342s  bylen: 24:5 25:7 26:31 27:35 28:233 29:145 30:1000 31:670
level 221: +3304 new (total 38930240) 1342s  bylen: 23:1 25:14 26:13 27:90 28:51 29:601 30:178 31:2356
level 222: +2305 new (total 38932545) 1342s  bylen: 24:4 25:4 26:37 27:43 28:225 29:185 30:1039 31:768
level 223: +3385 new (total 38935930) 1343s  bylen: 23:1 24:1 25:10 26:11 27:116 28:61 29:603 30:225 31:2357
level 224: +2480 new (total 38938410) 1343s  bylen: 24:7 25:3 26:27 27:52 28:253 29:223 30:1021 31:894
level 225: +3580 new (total 38941990) 1343s  bylen: 23:1 24:1 25:14 26:8 27:101 28:76 29:616 30:299 31:2464
level 226: +2597 new (total 38944587) 1343s  bylen: 24:6 25:10 26:32 27:47 28:251 29:204 30:1179 31:868
level 227: +3851 new (total 38948438) 1343s  bylen: 23:1 24:1 25:15 26:10 27:109 28:86 29:669 30:348 31:2612
level 228: +2698 new (total 38951136) 1343s  bylen: 24:6 25:6 26:39 27:54 28:250 29:232 30:1216 31:895
level 229: +3869 new (total 38955005) 1343s  bylen: 23:2 25:13 26:18 27:106 28:79 29:635 30:367 31:2649
level 230: +2679 new (total 38957684) 1343s  bylen: 24:7 25:5 26:29 27:55 28:285 29:206 30:1136 31:956
level 231: +3628 new (total 38961312) 1343s  bylen: 23:2 25:16 26:12 27:97 28:95 29:621 30:355 31:2430
level 232: +2496 new (total 38963808) 1343s  bylen: 24:7 25:3 26:31 27:50 28:280 29:166 30:1149 31:810
level 233: +3475 new (total 38967283) 1343s  bylen: 23:1 25:18 26:14 27:88 28:86 29:621 30:283 31:2364
level 234: +2399 new (total 38969682) 1343s  bylen: 24:6 25:2 26:31 27:37 28:260 29:173 30:1191 31:699
level 235: +3361 new (total 38973043) 1343s  bylen: 25:13 26:11 27:98 28:72 29:605 30:243 31:2319
level 236: +2218 new (total 38975261) 1344s  bylen: 24:3 25:1 26:28 27:42 28:249 29:130 30:1112 31:653
level 237: +3142 new (total 38978403) 1344s  bylen: 25:10 26:10 27:83 28:82 29:504 30:257 31:2196
level 238: +2012 new (total 38980415) 1344s  bylen: 26:27 27:36 28:199 29:144 30:933 31:673
level 239: +2594 new (total 38983009) 1344s  bylen: 25:7 26:8 27:66 28:76 29:408 30:238 31:1791
level 240: +1667 new (total 38984676) 1344s  bylen: 24:1 26:23 27:33 28:163 29:139 30:715 31:593
level 241: +2116 new (total 38986792) 1344s  bylen: 25:6 26:4 27:60 28:64 29:327 30:196 31:1459
level 242: +1413 new (total 38988205) 1344s  bylen: 24:1 25:1 26:21 27:25 28:156 29:105 30:627 31:477
level 243: +2007 new (total 38990212) 1344s  bylen: 25:10 26:5 27:60 28:49 29:312 30:158 31:1413
level 244: +1362 new (total 38991574) 1344s  bylen: 24:1 25:3 26:19 27:23 28:149 29:99 30:619 31:449
level 245: +1980 new (total 38993554) 1344s  bylen: 25:6 26:9 27:76 28:38 29:347 30:128 31:1376
level 246: +1459 new (total 38995013) 1344s  bylen: 24:1 25:3 26:16 27:26 28:150 29:113 30:595 31:555
level 247: +2022 new (total 38997035) 1344s  bylen: 25:8 26:5 27:65 28:49 29:336 30:157 31:1402
level 248: +1456 new (total 38998491) 1344s  bylen: 24:2 26:14 27:32 28:161 29:117 30:539 31:591
level 249: +1991 new (total 39000482) 1344s  bylen: 25:8 26:5 27:53 28:43 29:364 30:132 31:1386
level 250: +1397 new (total 39001879) 1344s  bylen: 24:2 26:18 27:16 28:146 29:114 30:568 31:533
level 251: +1911 new (total 39003790) 1344s  bylen: 25:7 26:2 27:50 28:31 29:378 30:105 31:1338
level 252: +1240 new (total 39005030) 1344s  bylen: 24:1 26:22 27:17 28:130 29:77 30:622 31:371
level 253: +1811 new (total 39006841) 1344s  bylen: 25:7 26:2 27:54 28:26 29:316 30:77 31:1329
level 254: +1119 new (total 39007960) 1344s  bylen: 26:17 27:11 28:126 29:53 30:643 31:269
level 255: +1655 new (total 39009615) 1344s  bylen: 25:3 26:1 27:53 28:31 29:303 30:65 31:1199
level 256: +924 new (total 39010539) 1345s  bylen: 26:14 27:8 28:99 29:59 30:520 31:224
level 257: +1275 new (total 39011814) 1345s  bylen: 27:45 28:26 29:202 30:50 31:952
level 258: +678 new (total 39012492) 1345s  bylen: 26:10 27:7 28:91 29:35 30:389 31:146
level 259: +1018 new (total 39013510) 1345s  bylen: 25:1 27:41 28:11 29:143 30:45 31:777
level 260: +508 new (total 39014018) 1345s  bylen: 26:8 27:3 28:84 29:21 30:327 31:65
level 261: +885 new (total 39014903) 1345s  bylen: 25:2 26:1 27:36 28:6 29:135 30:21 31:684
level 262: +456 new (total 39015359) 1345s  bylen: 26:11 27:1 28:80 29:9 30:307 31:48
level 263: +875 new (total 39016234) 1345s  bylen: 25:3 26:1 27:31 28:5 29:145 30:15 31:675
level 264: +459 new (total 39016693) 1345s  bylen: 26:14 27:4 28:95 29:4 30:297 31:45
level 265: +1001 new (total 39017694) 1345s  bylen: 25:2 26:1 27:40 28:3 29:160 30:18 31:777
level 266: +519 new (total 39018213) 1345s  bylen: 26:16 27:3 28:103 29:10 30:356 31:31
level 267: +1140 new (total 39019353) 1345s  bylen: 25:2 27:43 28:5 29:204 30:18 31:868
level 268: +578 new (total 39019931) 1345s  bylen: 26:14 27:5 28:106 29:3 30:416 31:34
level 269: +1173 new (total 39021104) 1345s  bylen: 25:2 27:48 28:4 29:208 30:19 31:892
level 270: +584 new (total 39021688) 1345s  bylen: 26:12 27:2 28:100 29:3 30:440 31:27
level 271: +1113 new (total 39022801) 1345s  bylen: 25:2 27:50 28:9 29:178 30:9 31:865
level 272: +532 new (total 39023333) 1345s  bylen: 26:14 28:91 29:8 30:379 31:40
level 273: +969 new (total 39024302) 1345s  bylen: 25:2 26:1 27:38 28:4 29:152 30:2 31:770
level 274: +463 new (total 39024765) 1345s  bylen: 26:14 28:84 29:6 30:329 31:30
level 275: +888 new (total 39025653) 1345s  bylen: 25:3 26:1 27:40 28:1 29:128 30:9 31:706
level 276: +435 new (total 39026088) 1345s  bylen: 26:13 27:4 28:81 29:2 30:308 31:27
level 277: +848 new (total 39026936) 1345s  bylen: 25:3 26:1 27:36 28:3 29:136 30:16 31:653
level 278: +425 new (total 39027361) 1345s  bylen: 26:16 27:4 28:76 29:8 30:292 31:29
level 279: +849 new (total 39028210) 1345s  bylen: 25:3 27:37 28:6 29:137 30:18 31:648
level 280: +422 new (total 39028632) 1345s  bylen: 24:1 26:14 27:5 28:75 29:3 30:297 31:27
level 281: +883 new (total 39029515) 1345s  bylen: 25:3 27:42 28:6 29:145 30:13 31:674
level 282: +464 new (total 39029979) 1345s  bylen: 24:2 26:12 27:1 28:95 29:4 30:327 31:23
level 283: +969 new (total 39030948) 1345s  bylen: 25:7 26:1 27:38 28:4 29:189 30:4 31:726
level 284: +557 new (total 39031505) 1345s  bylen: 24:1 26:16 27:1 28:97 29:6 30:407 31:29
level 285: +1059 new (total 39032564) 1345s  bylen: 25:9 26:1 27:50 28:3 29:204 30:7 31:785
level 286: +643 new (total 39033207) 1345s  bylen: 26:19 27:2 28:109 29:4 30:480 31:29
level 287: +1133 new (total 39034340) 1345s  bylen: 25:4 27:59 28:3 29:205 30:11 31:851
level 288: +600 new (total 39034940) 1345s  bylen: 26:15 27:1 28:128 29:6 30:435 31:15
level 289: +1124 new (total 39036064) 1345s  bylen: 27:39 28:1 29:190 30:3 31:891
level 290: +433 new (total 39036497) 1345s  bylen: 26:7 28:100 30:322 31:4
level 291: +801 new (total 39037298) 1345s  bylen: 27:35 29:121 31:645
level 292: +270 new (total 39037568) 1345s  bylen: 26:3 28:56 30:211
level 293: +466 new (total 39038034) 1345s  bylen: 27:20 29:68 31:378
level 294: +153 new (total 39038187) 1345s  bylen: 26:5 28:44 30:104
level 295: +350 new (total 39038537) 1345s  bylen: 27:15 29:56 31:279
level 296: +151 new (total 39038688) 1345s  bylen: 26:5 28:39 30:107
level 297: +363 new (total 39039051) 1345s  bylen: 27:20 29:56 31:287
level 298: +158 new (total 39039209) 1345s  bylen: 26:5 28:44 30:109
level 299: +386 new (total 39039595) 1345s  bylen: 25:1 27:16 29:72 31:297
level 300: +181 new (total 39039776) 1345s  bylen: 26:3 28:42 30:136
level 301: +368 new (total 39040144) 1345s  bylen: 25:2 27:19 29:73 31:274
level 302: +194 new (total 39040338) 1345s  bylen: 26:7 28:39 30:148
level 303: +442 new (total 39040780) 1345s  bylen: 25:1 27:21 29:71 31:349
level 304: +237 new (total 39041017) 1345s  bylen: 26:9 28:65 30:163
level 305: +615 new (total 39041632) 1345s  bylen: 27:24 29:102 31:489
level 306: +283 new (total 39041915) 1345s  bylen: 26:4 28:74 30:205
level 307: +613 new (total 39042528) 1345s  bylen: 27:19 29:120 31:474
level 308: +230 new (total 39042758) 1345s  bylen: 28:45 30:185
level 309: +369 new (total 39043127) 1345s  bylen: 27:9 29:73 31:287
level 310: +106 new (total 39043233) 1345s  bylen: 28:25 30:81
level 311: +176 new (total 39043409) 1345s  bylen: 27:3 29:27 31:146
level 312: +50 new (total 39043459) 1345s  bylen: 28:15 30:35
level 313: +102 new (total 39043561) 1345s  bylen: 27:4 29:19 31:79
level 314: +32 new (total 39043593) 1345s  bylen: 28:8 30:24
level 315: +52 new (total 39043645) 1345s  bylen: 27:4 29:10 31:38
level 316: +27 new (total 39043672) 1345s  bylen: 26:1 28:6 30:20
level 317: +53 new (total 39043725) 1345s  bylen: 27:4 29:9 31:40
level 318: +26 new (total 39043751) 1345s  bylen: 26:1 28:12 30:13
level 319: +84 new (total 39043835) 1345s  bylen: 27:4 29:9 31:71
level 320: +37 new (total 39043872) 1345s  bylen: 26:1 28:9 30:27
level 321: +87 new (total 39043959) 1345s  bylen: 27:6 29:16 31:65
level 322: +38 new (total 39043997) 1345s  bylen: 26:2 28:6 30:30
level 323: +95 new (total 39044092) 1345s  bylen: 27:7 29:9 31:79
level 324: +54 new (total 39044146) 1345s  bylen: 26:1 28:16 30:37
level 325: +134 new (total 39044280) 1345s  bylen: 27:7 29:17 31:110
level 326: +49 new (total 39044329) 1345s  bylen: 26:1 28:15 30:33
level 327: +115 new (total 39044444) 1345s  bylen: 27:5 29:18 31:92
level 328: +39 new (total 39044483) 1345s  bylen: 26:2 28:11 30:26
level 329: +105 new (total 39044588) 1345s  bylen: 27:5 29:13 31:87
level 330: +43 new (total 39044631) 1345s  bylen: 26:2 28:15 30:26
level 331: +126 new (total 39044757) 1345s  bylen: 27:8 29:17 31:101
level 332: +43 new (total 39044800) 1345s  bylen: 26:2 28:12 30:29
level 333: +109 new (total 39044909) 1346s  bylen: 27:6 29:16 31:87
level 334: +44 new (total 39044953) 1346s  bylen: 26:2 28:12 30:30
level 335: +112 new (total 39045065) 1346s  bylen: 25:1 27:5 29:15 31:91
level 336: +57 new (total 39045122) 1346s  bylen: 26:2 28:14 30:41
level 337: +132 new (total 39045254) 1346s  bylen: 25:1 27:8 29:22 31:101
level 338: +68 new (total 39045322) 1346s  bylen: 26:7 28:17 30:44
level 339: +211 new (total 39045533) 1346s  bylen: 27:12 29:31 31:168
level 340: +104 new (total 39045637) 1346s  bylen: 26:7 28:24 30:73
level 341: +286 new (total 39045923) 1346s  bylen: 25:2 27:16 29:38 31:230
level 342: +144 new (total 39046067) 1346s  bylen: 26:3 28:34 30:107
level 343: +288 new (total 39046355) 1346s  bylen: 25:2 27:18 29:48 31:220
level 344: +135 new (total 39046490) 1346s  bylen: 26:6 28:41 30:88
level 345: +323 new (total 39046813) 1346s  bylen: 27:14 29:52 31:257
level 346: +131 new (total 39046944) 1346s  bylen: 26:4 28:38 30:89
level 347: +296 new (total 39047240) 1346s  bylen: 27:5 29:53 31:238
level 348: +98 new (total 39047338) 1346s  bylen: 28:20 30:78
level 349: +166 new (total 39047504) 1346s  bylen: 27:4 29:36 31:126
level 350: +34 new (total 39047538) 1346s  bylen: 28:6 30:28
level 351: +43 new (total 39047581) 1346s  bylen: 27:4 29:1 31:38
level 352: +13 new (total 39047594) 1346s  bylen: 28:8 30:5
level 353: +28 new (total 39047622) 1346s  bylen: 27:2 29:6 31:20
level 354: +9 new (total 39047631) 1346s  bylen: 28:7 30:2
level 355: +30 new (total 39047661) 1346s  bylen: 27:4 29:4 31:22
level 356: +13 new (total 39047674) 1346s  bylen: 28:2 30:11
level 357: +18 new (total 39047692) 1346s  bylen: 27:4 29:2 31:12
level 358: +17 new (total 39047709) 1346s  bylen: 28:9 30:8
level 359: +49 new (total 39047758) 1346s  bylen: 27:2 29:5 31:42
level 360: +14 new (total 39047772) 1346s  bylen: 28:7 30:7
level 361: +43 new (total 39047815) 1346s  bylen: 27:1 29:10 31:32
level 362: +13 new (total 39047828) 1346s  bylen: 26:1 28:2 30:10
level 363: +34 new (total 39047862) 1346s  bylen: 27:1 29:7 31:26
level 364: +14 new (total 39047876) 1346s  bylen: 26:1 28:2 30:11
level 365: +37 new (total 39047913) 1346s  bylen: 27:2 29:6 31:29
level 366: +17 new (total 39047930) 1346s  bylen: 28:2 30:15
level 367: +21 new (total 39047951) 1346s  bylen: 27:1 29:5 31:15
level 368: +5 new (total 39047956) 1346s  bylen: 28:2 30:3
level 369: +6 new (total 39047962) 1346s  bylen: 29:1 31:5
level 370: +2 new (total 39047964) 1346s  bylen: 28:1 30:1
level 371: +3 new (total 39047967) 1346s  bylen: 29:1 31:2
level 372: +1 new (total 39047968) 1346s  bylen: 30:1
level 373: +0 new (total 39047968) 1346s  bylen:
RESULT start=XyyxYYY|XXXYxxY cap=31 conj=8 nosym=0 states=39047968 levels=373 complete=1 hit=0 overflow=0 time=1346s
states by total length: 14:2 15:14 16:26 17:180 18:224 19:1074 20:1202 21:5438 22:6194 23:29462 24:33099 25:158615 26:180720 27:870716 28:1002639 29:4815426 30:5454364 31:26488573
