LEAN start xxxyXXY|xyyXYYY cap=32 conj=9 nosym=0 threads=3 maxstates=300000000
target 0: xyxYXY|xxxxYYY
target 1: xxxyXXY|xyyXYYY
target 2: xxxyXXy|xyyXYYY
target 3: x|y
target 4: xxyXy|xyyyyyxYY
target 5: xxxxyXy|xyyyxYY
target 6: xxyxxYY|xyXYYXy
level 1: +11898 new (total 11899) 0s  bylen: 17:4 19:12 21:42 23:80 25:312 27:864 29:2664 31:7920
level 2: +136169 new (total 148068) 1s  bylen: 16:1 18:4 19:2 20:20 21:4 22:110 23:22 24:486 25:76 26:1882 27:274 28:7155 29:818 30:26635 31:2744 32:95936
level 3: +157154 new (total 305222) 9s  bylen: 17:2 19:7 21:46 22:6 23:271 24:17 25:1260 26:51 27:6161 28:172 29:27467 30:592 31:119338 32:1764
level 4: +450785 new (total 756007) 22s  bylen: 18:3 20:14 21:6 22:81 23:12 24:479 25:80 26:2703 27:285 28:14125 29:1049 30:72582 31:3984 32:355382
level 5: +215041 new (total 971048) 55s  bylen: 17:2 19:3 20:1 21:20 22:2 23:174 24:3 25:993 26:29 27:5773 28:84 29:32190 30:380 31:173834 32:1553
level 6: +475643 new (total 1446691) 73s  bylen: 18:3 19:1 20:10 21:4 22:58 23:18 24:316 25:80 26:2016 27:222 28:11861 29:787 30:68161 31:2797 32:389309
level 7: +189966 new (total 1636657) 96s  bylen: 17:2 19:2 20:1 21:25 22:7 23:145 24:11 25:750 26:47 27:4618 28:184 29:26859 30:551 31:154554 32:2210
level 8: +417857 new (total 2054514) 111s  bylen: 18:3 19:1 20:9 21:5 22:57 23:23 24:298 25:97 26:1664 27:378 28:9733 29:1356 30:57812 31:5271 32:341150
level 9: +169939 new (total 2224453) 132s  bylen: 17:2 19:3 21:24 22:2 23:143 24:21 25:737 26:57 27:4183 28:183 29:23870 30:621 31:137615 32:2478
level 10: +386596 new (total 2611049) 144s  bylen: 18:5 19:1 20:10 21:5 22:61 23:13 24:309 25:85 26:1682 27:298 28:9551 29:1147 30:54282 31:4717 32:314430
level 11: +170670 new (total 2781719) 165s  bylen: 15:1 17:1 18:1 19:9 21:37 22:7 23:165 24:15 25:854 26:42 27:4617 28:193 29:24831 30:558 31:137348 32:1991
level 12: +436031 new (total 3217750) 178s  bylen: 16:2 17:1 18:2 19:4 20:25 21:30 22:99 23:95 24:439 25:271 26:2234 27:952 28:11720 29:3103 30:62683 31:10267 32:344104
level 13: +249781 new (total 3467531) 197s  bylen: 17:4 19:15 20:4 21:56 22:15 23:336 24:61 25:1603 26:223 27:7520 28:795 29:37086 30:2828 31:189009 32:10226
level 14: +581952 new (total 4049483) 216s  bylen: 16:1 18:2 19:2 20:22 21:25 22:99 23:92 24:521 25:408 26:2881 27:1727 28:15685 29:7381 30:81994 31:31537 32:439575
level 15: +276330 new (total 4325813) 247s  bylen: 17:3 18:1 19:10 20:3 21:44 22:7 23:262 24:23 25:1320 26:128 27:7153 28:566 29:39545 30:2360 31:214876 32:10029
level 16: +554196 new (total 4880009) 264s  bylen: 16:1 18:4 19:6 20:14 21:28 22:103 23:82 24:471 25:323 26:2417 27:1477 28:13432 29:6368 30:75309 31:28731 32:425430
level 17: +288978 new (total 5168987) 294s  bylen: 16:1 17:2 18:3 19:10 20:3 21:49 22:30 23:255 24:158 25:1325 26:642 27:6834 28:2499 29:36031 30:9339 31:196738 32:35059
level 18: +594829 new (total 5763816) 317s  bylen: 16:1 18:1 19:13 20:18 21:49 22:83 23:170 24:462 25:664 26:2535 27:2976 28:14101 29:12752 30:76949 31:55737 32:428318
level 19: +413558 new (total 6177374) 356s  bylen: 18:1 19:7 20:10 21:41 22:58 23:219 24:307 25:1120 26:1540 27:6127 28:6975 29:34077 30:31745 31:188978 32:142353
level 20: +579081 new (total 6756455) 384s  bylen: 18:4 19:6 20:9 21:26 22:56 23:93 24:353 25:570 26:2054 27:3186 28:11615 29:16519 30:67581 31:85711 32:391298
level 21: +389211 new (total 7145666) 420s  bylen: 17:1 18:1 19:16 20:9 21:40 22:42 23:214 24:205 25:972 26:1052 27:5151 28:5547 29:27889 30:29836 31:155922 32:162314
level 22: +562661 new (total 7708327) 446s  bylen: 17:3 18:8 19:14 20:17 21:48 22:98 23:248 24:430 25:1054 26:2327 27:4854 28:11912 29:21836 30:63925 31:101418 32:354469
level 23: +576333 new (total 8284660) 481s  bylen: 15:1 17:3 19:19 20:13 21:119 22:54 23:594 24:279 25:2758 26:1225 27:12866 28:6273 29:61561 30:31941 31:293532 32:165095
level 24: +1042976 new (total 9327636) 519s  bylen: 17:1 18:5 19:13 20:19 21:85 22:127 23:524 24:659 25:2817 26:3590 27:14238 28:18214 29:70393 30:94927 31:343238 32:494126
level 25: +981853 new (total 10309489) 577s  bylen: 19:16 21:80 22:6 23:570 24:76 25:3624 26:588 27:21131 28:4329 29:119195 30:27027 31:644394 32:160817
level 26: +1199539 new (total 11509028) 633s  bylen: 18:2 19:2 20:8 21:27 22:65 23:238 24:392 25:1701 26:2462 27:11659 28:15530 29:75776 30:91620 31:469228 32:530829
level 27: +700305 new (total 12209333) 703s  bylen: 19:5 21:37 22:3 23:252 24:5 25:1737 26:82 27:12332 28:818 29:82529 30:7080 31:540669 32:54756
level 28: +753540 new (total 12962873) 742s  bylen: 18:1 20:9 21:3 22:44 23:77 24:276 25:530 26:1640 27:4542 28:10034 29:34556 30:62101 31:255741 32:383986
level 29: +345882 new (total 13308755) 777s  bylen: 19:4 21:17 23:132 24:9 25:849 26:44 27:5930 28:290 29:40624 30:1738 31:281935 32:14310
level 30: +448473 new (total 13757228) 796s  bylen: 18:1 20:9 21:1 22:37 23:7 24:234 25:138 26:1356 27:1128 28:8209 29:10032 30:49059 31:84611 32:293651
level 31: +187739 new (total 13944967) 818s  bylen: 17:1 19:2 21:18 23:104 24:2 25:607 26:31 27:3754 28:142 29:23363 30:906 31:152926 32:5883
level 32: +343916 new (total 14288883) 829s  bylen: 18:2 20:10 21:2 22:45 23:10 24:256 25:46 26:1360 27:327 28:7808 29:2520 30:45488 31:21677 32:264365
level 33: +151015 new (total 14439898) 845s  bylen: 17:1 19:4 21:28 22:1 23:111 24:6 25:692 26:23 27:3713 28:94 29:21046 30:522 31:121698 32:3076
level 34: +350776 new (total 14790674) 853s  bylen: 16:1 18:1 19:1 20:10 21:8 22:60 23:21 24:314 25:63 26:1591 27:248 28:9014 29:1062 30:50439 31:6308 32:281635
level 35: +168338 new (total 14959012) 872s  bylen: 17:2 19:9 20:2 21:29 22:3 23:174 24:27 25:889 26:86 27:4534 28:299 29:24085 30:1117 31:132784 32:4298
level 36: +412563 new (total 15371575) 883s  bylen: 18:2 19:3 20:17 21:6 22:67 23:35 24:405 25:160 26:2062 27:571 28:11047 29:2115 30:60128 31:7763 32:328182
level 37: +198476 new (total 15570051) 904s  bylen: 19:5 20:5 21:30 22:6 23:155 24:46 25:892 26:160 27:5143 28:646 29:28153 30:2514 31:152464 32:8257
level 38: +426067 new (total 15996118) 918s  bylen: 18:1 19:1 20:3 21:8 22:52 23:34 24:263 25:165 26:1688 27:726 28:10078 29:3117 30:59007 31:11040 32:339884
level 39: +177700 new (total 16173818) 939s  bylen: 19:2 21:25 22:12 23:113 24:44 25:663 26:234 27:3635 28:968 29:22097 30:4413 31:130483 32:15011
level 40: +350442 new (total 16524260) 959s  bylen: 19:5 20:8 21:5 22:37 23:42 24:251 25:197 26:1411 27:916 28:7862 29:4032 30:47022 31:14455 32:274199
level 41: +173851 new (total 16698111) 980s  bylen: 17:1 19:9 20:1 21:25 22:11 23:136 24:57 25:685 26:284 27:3788 28:1526 29:20716 30:6956 31:114583 32:25073
level 42: +339636 new (total 17037747) 997s  bylen: 17:1 19:2 20:6 21:17 22:37 23:88 24:243 25:436 26:1328 27:1886 28:7563 29:8733 30:43632 31:33147 32:242517
level 43: +202179 new (total 17239926) 1017s  bylen: 19:5 20:3 21:23 22:15 23:155 24:58 25:822 26:304 27:4437 28:1860 29:24244 30:9355 31:125791 32:35107
level 44: +345039 new (total 17584965) 1035s  bylen: 19:3 20:8 21:11 22:40 23:55 24:216 25:341 26:1216 27:1904 28:7385 29:10091 30:43039 31:45256 32:235474
level 45: +201125 new (total 17786090) 1057s  bylen: 17:1 18:1 19:5 20:3 21:27 22:8 23:139 24:35 25:791 26:210 27:4187 28:1603 29:23543 30:8989 31:124197 32:37386
level 46: +358548 new (total 18144638) 1077s  bylen: 15:1 16:1 18:3 19:8 20:11 21:18 22:48 23:98 24:253 25:424 26:1442 27:2054 28:8121 29:10114 30:45969 31:43405 32:246578
level 47: +279023 new (total 18423661) 1100s  bylen: 16:1 17:4 18:3 19:13 20:23 21:66 22:75 23:295 24:264 25:1300 26:1020 27:6260 28:4153 29:30868 30:17326 31:151755 32:65597
level 48: +604759 new (total 19028420) 1123s  bylen: 17:1 18:6 19:8 20:20 21:57 22:133 23:263 24:607 25:1342 26:3057 27:5837 28:15146 29:26601 30:75407 31:110727 32:365547
HIT target 6 (xxyxxYY|xyXYYXy) at level 49
level 49: +605960 new (total 19634380) 1160s  bylen: 14:1 15:1 17:2 18:2 19:7 20:5 21:48 22:63 23:308 24:415 25:1622 26:2082 27:8768 28:10920 29:46555 30:53535 31:235132 32:246494
level 50: +831128 new (total 20465508) 1204s  bylen: 16:1 17:6 18:2 19:12 20:19 21:55 22:121 23:238 24:604 25:1164 26:3393 27:5719 28:18515 29:29228 30:100125 31:146086 32:525840
level 51: +724406 new (total 21189914) 1276s  bylen: 18:2 19:3 20:13 21:48 22:84 23:282 24:491 25:1597 26:2549 27:8860 28:13121 29:48628 30:65765 31:258191 32:324772
level 52: +850357 new (total 22040271) 1327s  bylen: 19:1 20:3 21:14 22:50 23:133 24:333 25:862 26:2540 27:5428 28:15677 29:31567 30:93848 31:168980 32:530921
level 53: +580079 new (total 22620350) 1380s  bylen: 21:9 22:12 23:91 24:117 25:668 26:1019 27:4797 28:7475 29:32538 30:48439 31:199196 32:285718
level 54: +540011 new (total 23160361) 1417s  bylen: 20:2 21:2 22:16 23:18 24:169 25:195 26:1208 27:1723 28:8743 29:13424 30:58123 31:87812 32:368576
level 55: +302045 new (total 23462406) 1451s  bylen: 21:5 22:2 23:56 24:24 25:389 26:263 27:2685 28:2456 29:19203 30:19623 31:123815 32:133524
level 56: +337432 new (total 23799838) 1473s  bylen: 20:2 22:19 23:11 24:109 25:63 26:882 27:655 28:5885 29:5112 30:39014 31:36525 32:249155
level 57: +173129 new (total 23972967) 1501s  bylen: 19:1 21:5 22:2 23:55 24:15 25:360 26:117 27:2224 28:984 29:14319 30:8141 31:90704 32:56202
level 58: +261077 new (total 24234044) 1523s  bylen: 20:5 21:2 22:18 23:6 24:120 25:77 26:854 27:435 28:5229 29:2932 30:32903 31:17585 32:200911
level 59: +131973 new (total 24366017) 1543s  bylen: 19:1 20:1 21:11 22:6 23:72 24:14 25:378 26:104 27:2323 28:731 29:13958 30:4865 31:81641 32:27868
level 60: +246967 new (total 24612984) 1559s  bylen: 19:4 20:2 21:4 22:27 23:25 24:156 25:104 26:806 27:556 28:5353 29:3025 30:33113 31:13505 32:190287
level 61: +128961 new (total 24741945) 1582s  bylen: 17:1 19:2 20:3 21:11 22:9 23:76 24:30 25:434 26:158 27:2589 28:934 29:14730 30:4917 31:83335 32:21732
level 62: +241548 new (total 24983493) 1594s  bylen: 18:1 19:3 20:3 21:8 22:19 23:36 24:137 25:195 26:819 27:903 28:4983 29:4335 30:30754 31:18790 32:180562
level 63: +123869 new (total 25107362) 1612s  bylen: 19:3 21:12 22:7 23:67 24:41 25:422 26:161 27:2475 28:975 29:13995 30:5096 31:79416 32:21199
level 64: +217742 new (total 25325104) 1627s  bylen: 19:2 20:4 21:9 22:11 23:36 24:107 25:165 26:740 27:781 28:4627 29:4230 30:27772 31:18309 32:160949
level 65: +113007 new (total 25438111) 1643s  bylen: 19:1 20:1 21:16 22:6 23:56 24:27 25:391 26:165 27:2254 28:924 29:12978 30:4702 31:72177 32:19309
level 66: +201712 new (total 25639823) 1656s  bylen: 18:1 20:1 21:12 22:17 23:34 24:96 25:177 26:685 27:849 28:4181 29:4541 30:25343 31:19972 32:145803
level 67: +111152 new (total 25750975) 1670s  bylen: 19:2 20:4 21:6 22:6 23:63 24:32 25:343 26:151 27:2170 28:921 29:12677 30:4747 31:70866 32:19164
level 68: +201056 new (total 25952031) 1681s  bylen: 20:1 21:6 22:14 23:29 24:115 25:163 26:694 27:723 28:4382 29:3778 30:26208 31:17476 32:147467
level 69: +111110 new (total 26063141) 1694s  bylen: 21:6 22:6 23:48 24:41 25:293 26:208 27:1980 28:1232 29:11910 30:5930 31:67739 32:21717
level 70: +204499 new (total 26267640) 1702s  bylen: 20:2 21:2 22:14 23:13 24:98 25:83 26:684 27:558 28:4406 29:3147 30:26729 31:14954 32:153809
level 71: +108646 new (total 26376286) 1714s  bylen: 19:1 21:8 22:5 23:54 24:16 25:260 26:128 27:1858 28:878 29:11734 30:5125 31:67161 32:21418
level 72: +204131 new (total 26580417) 1722s  bylen: 20:2 21:2 22:10 23:13 24:114 25:73 26:695 27:446 28:4400 29:2591 30:27154 31:12056 32:156575
level 73: +101188 new (total 26681605) 1735s  bylen: 20:1 21:4 22:1 23:35 24:15 25:254 26:105 27:1857 28:756 29:11215 30:4212 31:65719 32:17014
level 74: +184464 new (total 26866069) 1743s  bylen: 21:4 22:4 23:10 24:76 25:68 26:512 27:412 28:3604 29:2552 30:23599 31:11066 32:142557
level 75: +87077 new (total 26953146) 1753s  bylen: 21:1 22:3 23:20 24:23 25:148 26:118 27:1400 28:768 29:9291 30:4225 31:54725 32:16355
level 76: +152352 new (total 27105498) 1762s  bylen: 21:2 22:3 23:8 24:33 25:56 26:371 27:390 28:2778 29:2393 30:18970 31:10926 32:116422
level 77: +73810 new (total 27179308) 1773s  bylen: 21:1 22:4 23:11 24:8 25:130 26:115 27:1062 28:707 29:7473 30:3853 31:44714 32:15732
level 78: +130403 new (total 27309711) 1783s  bylen: 21:3 22:3 23:11 24:30 25:53 26:329 27:384 28:2358 29:2402 30:16358 31:10048 32:98424
level 79: +69334 new (total 27379045) 1793s  bylen: 20:1 21:2 22:4 23:12 24:19 25:131 26:119 27:937 28:776 29:6785 30:4173 31:40108 32:16267
level 80: +123820 new (total 27502865) 1799s  bylen: 21:1 22:4 23:14 24:41 25:79 26:327 27:399 28:2317 29:2521 30:15528 31:10493 32:92096
level 81: +69213 new (total 27572078) 1807s  bylen: 21:2 22:2 23:20 24:17 25:129 26:114 27:966 28:818 29:6647 30:4436 31:39102 32:16960
level 82: +123544 new (total 27695622) 1814s  bylen: 21:1 22:8 23:14 24:51 25:70 26:329 27:332 28:2415 29:2258 30:15890 31:9956 32:92220
level 83: +69675 new (total 27765297) 1823s  bylen: 21:2 22:3 23:18 24:11 25:180 26:103 27:1005 28:682 29:6934 30:3994 31:41239 32:15504
level 84: +128545 new (total 27893842) 1830s  bylen: 21:1 22:4 23:13 24:50 25:53 26:397 27:318 28:2653 29:2110 30:16660 31:9132 32:97154
level 85: +69854 new (total 27963696) 1838s  bylen: 23:15 24:19 25:137 26:102 27:1057 28:661 29:7084 30:3816 31:42439 32:14524
level 86: +127106 new (total 28090802) 1845s  bylen: 21:1 22:2 23:8 24:36 25:53 26:309 27:354 28:2450 29:2019 30:16183 31:8986 32:96705
level 87: +66239 new (total 28157041) 1855s  bylen: 22:1 23:10 24:14 25:90 26:86 27:838 28:673 29:6376 30:3687 31:39835 32:14629
level 88: +113833 new (total 28270874) 1862s  bylen: 22:2 23:10 24:22 25:39 26:233 27:340 28:1899 29:2020 30:14118 31:8830 32:86320
level 89: +59589 new (total 28330463) 1873s  bylen: 22:1 23:10 24:12 25:87 26:80 27:739 28:610 29:5386 30:3629 31:34576 32:14459
level 90: +102563 new (total 28433026) 1883s  bylen: 21:2 22:3 23:5 24:18 25:47 26:217 27:317 28:1689 29:1972 30:12363 31:8811 32:77119
level 91: +55582 new (total 28488608) 1890s  bylen: 21:2 22:1 23:11 24:14 25:74 26:76 27:727 28:609 29:4973 30:3584 31:31537 32:13974
level 92: +95820 new (total 28584428) 1896s  bylen: 21:2 22:1 23:7 24:29 25:61 26:212 27:322 28:1648 29:2031 30:11395 31:9013 32:71099
level 93: +53916 new (total 28638344) 1904s  bylen: 19:1 21:1 22:2 23:15 24:12 25:86 26:84 27:746 28:565 29:4989 30:3455 31:29916 32:14044
level 94: +94739 new (total 28733083) 1910s  bylen: 20:1 21:2 22:4 23:13 24:37 25:50 26:247 27:382 28:1667 29:2160 30:11539 31:9101 32:69536
level 95: +55541 new (total 28788624) 1920s  bylen: 21:6 22:3 23:10 24:8 25:124 26:84 27:826 28:583 29:5238 30:3260 31:31279 32:14120
level 96: +95054 new (total 28883678) 1927s  bylen: 22:3 23:9 24:27 25:47 26:244 27:333 28:1814 29:2086 30:11875 31:8957 32:69659
level 97: +52102 new (total 28935780) 1934s  bylen: 21:1 22:3 23:11 24:8 25:89 26:60 27:696 28:465 29:5066 30:2994 31:30336 32:12373
level 98: +88482 new (total 29024262) 1941s  bylen: 22:3 23:4 24:17 25:28 26:190 27:294 28:1560 29:1670 30:11001 31:7890 32:65825
level 99: +46201 new (total 29070463) 1947s  bylen: 22:1 23:9 24:12 25:55 26:56 27:554 28:427 29:4376 30:2581 31:27143 32:10987
level 100: +77917 new (total 29148380) 1952s  bylen: 20:1 22:2 23:4 24:10 25:30 26:160 27:218 28:1359 29:1496 30:9517 31:6451 32:58669
level 101: +42154 new (total 29190534) 1957s  bylen: 21:1 23:11 24:12 25:64 26:61 27:509 28:416 29:3968 30:2538 31:24434 32:10140
level 102: +74764 new (total 29265298) 1961s  bylen: 22:3 23:3 24:20 25:26 26:164 27:205 28:1359 29:1388 30:9419 31:5965 32:56212
level 103: +41232 new (total 29306530) 1966s  bylen: 21:2 22:1 23:7 24:9 25:69 26:45 27:539 28:397 29:3908 30:2305 31:24199 32:9751
level 104: +75295 new (total 29381825) 1970s  bylen: 22:2 23:2 24:24 25:25 26:179 27:206 28:1416 29:1275 30:9720 31:5694 32:56752
level 105: +41767 new (total 29423592) 1974s  bylen: 21:3 23:7 24:7 25:93 26:43 27:615 28:375 29:4216 30:2122 31:25239 32:9047
level 106: +80133 new (total 29503725) 1979s  bylen: 22:4 23:5 24:31 25:28 26:230 27:205 28:1588 29:1258 30:10396 31:5537 32:60851
level 107: +44512 new (total 29548237) 1983s  bylen: 21:2 23:8 24:5 25:93 26:51 27:697 28:369 29:4733 30:2063 31:27956 32:8535
level 108: +84051 new (total 29632288) 1987s  bylen: 22:3 23:5 24:35 25:36 26:213 27:177 28:1660 29:1284 30:10745 31:5678 32:64215
level 109: +43857 new (total 29676145) 1994s  bylen: 21:1 23:8 24:7 25:86 26:47 27:664 28:374 29:4504 30:2063 31:27723 32:8380
level 110: +78939 new (total 29755084) 2000s  bylen: 21:2 22:4 23:4 24:17 25:23 26:164 27:193 28:1446 29:1253 30:9999 31:5599 32:60235
level 111: +39486 new (total 29794570) 2006s  bylen: 23:13 24:11 25:65 26:52 27:474 28:387 29:3875 30:2203 31:23803 32:8603
level 112: +66822 new (total 29861392) 2009s  bylen: 19:1 20:1 22:3 23:4 24:16 25:28 26:137 27:222 28:1196 29:1360 30:8335 31:5710 32:49809
level 113: +37354 new (total 29898746) 2013s  bylen: 20:1 21:2 22:1 23:15 24:14 25:62 26:60 27:487 28:456 29:3515 30:2381 31:21214 32:9146
level 114: +61020 new (total 29959766) 2016s  bylen: 20:2 21:3 23:6 24:16 25:46 26:135 27:276 28:1075 29:1592 30:7657 31:6469 32:43743
level 115: +35536 new (total 29995302) 2020s  bylen: 21:2 23:10 24:12 25:76 26:48 27:517 28:411 29:3373 30:2366 31:19329 32:9392
level 116: +56993 new (total 30052295) 2024s  bylen: 20:1 22:2 23:5 24:19 25:36 26:136 27:217 28:1163 29:1401 30:7284 31:6119 32:40610
level 117: +34200 new (total 30086495) 2028s  bylen: 21:1 23:10 24:7 25:71 26:46 27:517 28:372 29:3439 30:2044 31:19230 32:8463
level 118: +58333 new (total 30144828) 2031s  bylen: 22:2 23:2 24:23 25:27 26:149 27:181 28:1214 29:1245 30:7790 31:5565 32:42135
level 119: +34713 new (total 30179541) 2036s  bylen: 23:9 24:8 25:55 26:50 27:495 28:332 29:3505 30:2110 31:19912 32:8237
level 120: +60218 new (total 30239759) 2039s  bylen: 23:2 24:18 25:22 26:150 27:170 28:1147 29:1143 30:7920 31:5215 32:44431
level 121: +33606 new (total 30273365) 2043s  bylen: 23:6 24:7 25:42 26:45 27:426 28:379 29:3156 30:2100 31:19188 32:8257
level 122: +56350 new (total 30329715) 2045s  bylen: 22:1 23:4 24:11 25:27 26:107 27:172 28:1000 29:1112 30:6996 31:4977 32:41943
level 123: +31084 new (total 30360799) 2049s  bylen: 23:5 24:6 25:38 26:53 27:354 28:382 29:2654 30:2166 31:16894 32:8532
level 124: +49996 new (total 30410795) 2052s  bylen: 22:2 23:6 24:13 25:25 26:78 27:182 28:870 29:1200 30:6064 31:5219 32:36337
level 125: +29348 new (total 30440143) 2054s  bylen: 23:5 24:8 25:44 26:52 27:317 28:409 29:2357 30:2306 31:14970 32:8880
level 126: +44963 new (total 30485106) 2056s  bylen: 22:2 23:3 24:11 25:28 26:82 27:205 28:777 29:1270 30:5537 31:5442 32:31606
level 127: +28412 new (total 30513518) 2061s  bylen: 22:1 23:6 24:9 25:42 26:49 27:328 28:398 29:2375 30:2358 31:13826 32:9020
level 128: +43613 new (total 30557131) 2063s  bylen: 22:1 23:3 24:12 25:29 26:91 27:208 28:804 29:1275 30:5389 31:5767 32:30034
level 129: +28550 new (total 30585681) 2066s  bylen: 22:2 23:7 24:6 25:38 26:57 27:329 28:410 29:2457 30:2353 31:13846 32:9045
level 130: +44336 new (total 30630017) 2069s  bylen: 23:5 24:13 25:28 26:94 27:210 28:806 29:1295 30:5544 31:5731 32:30610
level 131: +28625 new (total 30658642) 2073s  bylen: 21:2 22:1 23:2 24:8 25:38 26:51 27:308 28:443 29:2436 30:2370 31:13959 32:9007
level 132: +44385 new (total 30703027) 2076s  bylen: 22:1 23:6 24:12 25:25 26:101 27:217 28:782 29:1309 30:5412 31:5597 32:30923
level 133: +27794 new (total 30730821) 2080s  bylen: 21:2 23:4 24:8 25:32 26:50 27:283 28:422 29:2327 30:2399 31:13378 32:8889
level 134: +41206 new (total 30772027) 2083s  bylen: 22:2 23:5 24:10 25:26 26:101 27:181 28:686 29:1243 30:4914 31:5498 32:28540
level 135: +25921 new (total 30797948) 2088s  bylen: 21:1 23:6 24:5 25:35 26:48 27:276 28:366 29:2105 30:2262 31:12218 32:8599
level 136: +37305 new (total 30835253) 2092s  bylen: 21:1 22:2 23:1 24:15 25:23 26:83 27:172 28:658 29:1146 30:4593 31:5064 32:25547
level 137: +24077 new (total 30859330) 2096s  bylen: 23:4 24:3 25:45 26:39 27:231 28:316 29:2037 30:2003 31:11549 32:7850
level 138: +34431 new (total 30893761) 2100s  bylen: 21:1 22:2 23:2 24:8 25:23 26:87 27:154 28:621 29:1011 30:4526 31:4370 32:23626
level 139: +22732 new (total 30916493) 2103s  bylen: 23:1 24:3 25:39 26:31 27:272 28:280 29:2027 30:1711 31:11445 32:6923
level 140: +34855 new (total 30951348) 2106s  bylen: 22:2 23:3 24:6 25:18 26:74 27:153 28:683 29:965 30:4625 31:3971 32:24355
level 141: +22156 new (total 30973504) 2110s  bylen: 23:2 24:3 25:33 26:39 27:288 28:229 29:2107 30:1596 31:11715 32:6144
level 142: +35989 new (total 31009493) 2113s  bylen: 22:1 24:7 25:19 26:95 27:139 28:664 29:928 30:4836 31:3688 32:25612
level 143: +22095 new (total 31031588) 2117s  bylen: 23:5 24:3 25:37 26:31 27:287 28:237 29:2225 30:1526 31:11928 32:5816
level 144: +37714 new (total 31069302) 2120s  bylen: 23:1 24:15 25:19 26:90 27:143 28:697 29:869 30:4923 31:3707 32:27250
level 145: +22212 new (total 31091514) 2124s  bylen: 23:5 24:3 25:41 26:33 27:326 28:230 29:2114 30:1463 31:12211 32:5786
level 146: +36937 new (total 31128451) 2126s  bylen: 22:1 23:4 24:10 25:14 26:89 27:141 28:676 29:902 30:4733 31:3705 32:26662
level 147: +21089 new (total 31149540) 2128s  bylen: 23:7 24:3 25:36 26:28 27:313 28:240 29:2044 30:1347 31:11472 32:5599
level 148: +33672 new (total 31183212) 2130s  bylen: 22:1 23:2 24:9 25:17 26:76 27:158 28:609 29:921 30:4307 31:3661 32:23911
level 149: +19676 new (total 31202888) 2132s  bylen: 23:6 24:5 25:31 26:22 27:273 28:238 29:1815 30:1384 31:10424 32:5478
level 150: +29087 new (total 31231975) 2134s  bylen: 22:1 23:2 24:10 25:14 26:58 27:121 28:566 29:916 30:3725 31:3845 32:19829
level 151: +18079 new (total 31250054) 2136s  bylen: 23:3 24:5 25:36 26:25 27:229 28:231 29:1685 30:1409 31:9034 32:5422
level 152: +26646 new (total 31276700) 2137s  bylen: 22:2 24:5 25:17 26:67 27:99 28:536 29:831 30:3535 31:3600 32:17954
level 153: +17210 new (total 31293910) 2139s  bylen: 23:6 24:2 25:28 26:32 27:214 28:198 29:1588 30:1375 31:8534 32:5233
level 154: +26042 new (total 31319952) 2140s  bylen: 22:1 24:11 25:11 26:66 27:92 28:518 29:705 30:3745 31:3194 32:17699
level 155: +17015 new (total 31336967) 2142s  bylen: 21:2 23:4 25:31 26:27 27:225 28:197 29:1646 30:1211 31:8736 32:4936
level 156: +27210 new (total 31364177) 2144s  bylen: 24:18 25:7 26:70 27:101 28:574 29:625 30:3879 31:2937 32:18999
level 157: +17077 new (total 31381254) 2147s  bylen: 21:3 23:4 25:34 26:27 27:262 28:166 29:1776 30:1086 31:9165 32:4554
level 158: +28443 new (total 31409697) 2149s  bylen: 22:2 24:10 25:7 26:101 27:95 28:636 29:663 30:3986 31:2870 32:20073
level 159: +17376 new (total 31427073) 2152s  bylen: 21:2 23:5 25:40 26:26 27:287 28:161 29:1897 30:1065 31:9651 32:4242
level 160: +28368 new (total 31455441) 2156s  bylen: 22:1 24:13 25:10 26:92 27:98 28:681 29:639 30:3973 31:2893 32:19968
level 161: +17187 new (total 31472628) 2158s  bylen: 21:1 23:4 24:1 25:40 26:21 27:257 28:187 29:1822 30:1062 31:9461 32:4331
level 162: +26693 new (total 31499321) 2161s  bylen: 22:1 23:1 24:13 25:9 26:80 27:95 28:657 29:643 30:3912 31:2818 32:18464
level 163: +16922 new (total 31516243) 2164s  bylen: 23:7 24:1 25:36 26:18 27:235 28:197 29:1772 30:1128 31:9077 32:4451
level 164: +25957 new (total 31542200) 2166s  bylen: 22:2 23:1 24:9 25:15 26:75 27:91 28:589 29:641 30:3883 31:2750 32:17901
level 165: +16663 new (total 31558863) 2168s  bylen: 21:1 23:4 24:1 25:30 26:22 27:250 28:182 29:1738 30:1158 31:8783 32:4494
level 166: +26068 new (total 31584931) 2170s  bylen: 22:3 23:3 24:7 25:15 26:77 27:92 28:576 29:628 30:3837 31:2836 32:17994
level 167: +16508 new (total 31601439) 2172s  bylen: 21:1 23:3 24:2 25:32 26:21 27:275 28:181 29:1742 30:1180 31:8769 32:4302
level 168: +26001 new (total 31627440) 2174s  bylen: 22:4 23:2 24:5 25:14 26:80 27:100 28:625 29:701 30:3751 31:2817 32:17902
level 169: +16630 new (total 31644070) 2176s  bylen: 23:6 24:1 25:30 26:24 27:255 28:175 29:1865 30:1055 31:8934 32:4285
level 170: +25632 new (total 31669702) 2178s  bylen: 22:2 24:9 25:13 26:73 27:92 28:622 29:684 30:3726 31:2718 32:17693
level 171: +15818 new (total 31685520) 2180s  bylen: 23:4 24:1 25:24 26:22 27:254 28:168 29:1727 30:1041 31:8457 32:4120
level 172: +23293 new (total 31708813) 2181s  bylen: 24:9 25:9 26:66 27:89 28:532 29:578 30:3423 31:2595 32:15992
level 173: +14246 new (total 31723059) 2184s  bylen: 23:1 24:2 25:26 26:18 27:184 28:190 29:1455 30:970 31:7334 32:4066
level 174: +20270 new (total 31743329) 2186s  bylen: 22:1 23:1 24:4 25:12 26:60 27:69 28:444 29:571 30:2861 31:2409 32:13838
level 175: +12935 new (total 31756264) 2187s  bylen: 24:2 25:22 26:20 27:170 28:182 29:1165 30:988 31:6333 32:4053
level 176: +17809 new (total 31774073) 2189s  bylen: 22:2 23:2 24:3 25:14 26:53 27:76 28:375 29:571 30:2571 31:2319 32:11823
level 177: +12410 new (total 31786483) 2190s  bylen: 23:1 24:2 25:17 26:23 27:189 28:180 29:1087 30:1016 31:5720 32:4175
level 178: +17614 new (total 31804097) 2192s  bylen: 22:2 24:6 25:18 26:45 27:81 28:382 29:584 30:2571 31:2444 32:11481
level 179: +13035 new (total 31817132) 2194s  bylen: 23:1 24:2 25:19 26:24 27:181 28:209 29:1226 30:1035 31:6031 32:4307
level 180: +19375 new (total 31836507) 2196s  bylen: 22:1 23:1 24:5 25:9 26:62 27:90 28:391 29:587 30:2806 31:2436 32:12987
level 181: +13602 new (total 31850109) 2199s  bylen: 23:1 24:3 25:19 26:27 27:174 28:189 29:1296 30:1093 31:6457 32:4343
level 182: +20648 new (total 31870757) 2201s  bylen: 23:1 24:7 25:8 26:59 27:74 28:403 29:613 30:2801 31:2511 32:14171
level 183: +13616 new (total 31884373) 2202s  bylen: 23:2 24:6 25:13 26:21 27:167 28:195 29:1256 30:1146 31:6476 32:4334
level 184: +20272 new (total 31904645) 2204s  bylen: 22:1 24:3 25:13 26:45 27:74 28:402 29:612 30:2675 31:2457 32:13990
level 185: +12918 new (total 31917563) 2205s  bylen: 23:3 24:4 25:15 26:23 27:156 28:185 29:1124 30:1121 31:6106 32:4181
level 186: +19056 new (total 31936619) 2206s  bylen: 22:1 24:4 25:15 26:43 27:69 28:407 29:623 30:2489 31:2460 32:12945
level 187: +12241 new (total 31948860) 2208s  bylen: 23:4 25:19 26:26 27:143 28:178 29:1096 30:1081 31:5535 32:4159
level 188: +17043 new (total 31965903) 2209s  bylen: 24:9 25:9 26:34 27:83 28:394 29:567 30:2331 31:2405 32:11211
level 189: +11470 new (total 31977373) 2210s  bylen: 23:3 25:19 26:21 27:148 28:168 29:1040 30:925 31:5151 32:3995
level 190: +15425 new (total 31992798) 2212s  bylen: 24:7 25:6 26:46 27:71 28:351 29:495 30:2328 31:2245 32:9876
level 191: +10485 new (total 32003283) 2213s  bylen: 23:1 25:17 26:13 27:140 28:140 29:995 30:750 31:5075 32:3354
level 192: +13905 new (total 32017188) 2214s  bylen: 24:6 25:11 26:40 27:63 28:345 29:435 30:2142 31:1797 32:9066
level 193: +9620 new (total 32026808) 2215s  bylen: 23:2 25:9 26:9 27:140 28:110 29:1000 30:633 31:4905 32:2812
level 194: +13649 new (total 32040457) 2215s  bylen: 24:3 25:5 26:45 27:73 28:324 29:423 30:2025 31:1593 32:9158
level 195: +9132 new (total 32049589) 2217s  bylen: 23:2 25:12 26:10 27:130 28:110 29:975 30:561 31:4764 32:2568
level 196: +13537 new (total 32063126) 2217s  bylen: 24:5 25:4 26:37 27:53 28:329 29:380 30:1925 31:1613 32:9191
level 197: +8786 new (total 32071912) 2219s  bylen: 23:2 25:14 26:10 27:132 28:112 29:893 30:570 31:4670 32:2383
level 198: +13030 new (total 32084942) 2220s  bylen: 24:5 25:5 26:35 27:45 28:338 29:382 30:1901 31:1474 32:8845
level 199: +8495 new (total 32093437) 2221s  bylen: 23:1 24:1 25:19 26:8 27:130 28:107 29:854 30:558 31:4493 32:2324
level 200: +12704 new (total 32106141) 2222s  bylen: 24:5 25:5 26:36 27:51 28:319 29:392 30:1926 31:1402 32:8568
level 201: +8425 new (total 32114566) 2223s  bylen: 24:1 25:20 26:8 27:130 28:96 29:865 30:592 31:4407 32:2306
level 202: +12630 new (total 32127196) 2224s  bylen: 24:5 25:7 26:33 27:42 28:314 29:388 30:1963 31:1444 32:8434
level 203: +8488 new (total 32135684) 2225s  bylen: 23:1 25:12 26:12 27:126 28:100 29:869 30:616 31:4345 32:2407
level 204: +12506 new (total 32148190) 2226s  bylen: 24:5 25:4 26:34 27:51 28:312 29:353 30:1869 31:1514 32:8364
level 205: +8388 new (total 32156578) 2228s  bylen: 23:2 25:10 26:13 27:115 28:91 29:854 30:639 31:4201 32:2463
level 206: +12236 new (total 32168814) 2229s  bylen: 24:8 25:2 26:31 27:44 28:289 29:316 30:1868 31:1466 32:8212
level 207: +8032 new (total 32176846) 2230s  bylen: 23:2 25:14 26:6 27:121 28:97 29:846 30:567 31:4095 32:2284
level 208: +11964 new (total 32188810) 2231s  bylen: 22:1 24:5 25:2 26:38 27:42 28:320 29:269 30:1865 31:1210 32:8212
level 209: +7824 new (total 32196634) 2233s  bylen: 23:3 25:21 26:2 27:119 28:80 29:922 30:422 31:4326 32:1929
level 210: +12496 new (total 32209130) 2234s  bylen: 22:1 24:3 25:1 26:49 27:32 28:341 29:254 30:2020 31:1032 32:8763
level 211: +7812 new (total 32216942) 2235s  bylen: 23:5 25:18 26:3 27:149 28:74 29:958 30:315 31:4605 32:1685
level 212: +12925 new (total 32229867) 2236s  bylen: 22:1 24:4 26:46 27:24 28:370 29:231 30:2064 31:998 32:9187
level 213: +7341 new (total 32237208) 2237s  bylen: 23:3 25:21 26:4 27:161 28:58 29:985 30:302 31:4393 32:1414
level 214: +12237 new (total 32249445) 2238s  bylen: 24:8 26:39 27:34 28:387 29:235 30:2134 31:860 32:8540
level 215: +7149 new (total 32256594) 2238s  bylen: 23:3 25:21 26:4 27:129 28:63 29:1033 30:272 31:4274 32:1350
level 216: +12078 new (total 32268672) 2239s  bylen: 24:6 26:45 27:44 28:355 29:236 30:2125 31:878 32:8389
level 217: +7260 new (total 32275932) 2240s  bylen: 23:2 25:18 26:3 27:133 28:71 29:977 30:305 31:4363 32:1388
level 218: +11846 new (total 32287778) 2240s  bylen: 24:8 25:3 26:40 27:33 28:342 29:251 30:2044 31:961 32:8164
level 219: +7416 new (total 32295194) 2241s  bylen: 23:2 25:21 26:3 27:128 28:76 29:927 30:366 31:4388 32:1505
level 220: +11606 new (total 32306800) 2242s  bylen: 24:7 25:3 26:37 27:33 28:333 29:290 30:1963 31:1057 32:7883
level 221: +7438 new (total 32314238) 2243s  bylen: 23:1 25:21 26:8 27:121 28:76 29:951 30:349 31:4290 32:1621
level 222: +11344 new (total 32325582) 2244s  bylen: 24:6 26:31 27:42 28:303 29:276 30:1945 31:1149 32:7592
level 223: +7174 new (total 32332756) 2245s  bylen: 25:14 26:7 27:117 28:78 29:881 30:356 31:4149 32:1572
level 224: +10639 new (total 32343395) 2246s  bylen: 24:4 25:1 26:26 27:30 28:275 29:249 30:1832 31:1034 32:7188
level 225: +6611 new (total 32350006) 2247s  bylen: 25:12 26:4 27:102 28:79 29:756 30:322 31:3781 32:1555
level 226: +9812 new (total 32359818) 2248s  bylen: 24:2 25:1 26:24 27:28 28:249 29:214 30:1617 31:896 32:6781
level 227: +5901 new (total 32365719) 2248s  bylen: 23:1 25:5 26:9 27:97 28:71 29:673 30:302 31:3221 32:1522
level 228: +8914 new (total 32374633) 2249s  bylen: 24:3 25:1 26:23 27:27 28:224 29:197 30:1355 31:794 32:6290
level 229: +5303 new (total 32379936) 2250s  bylen: 23:1 25:5 26:8 27:77 28:70 29:612 30:328 31:2837 32:1365
level 230: +8118 new (total 32388054) 2251s  bylen: 24:5 25:1 26:20 27:32 28:233 29:156 30:1269 31:715 32:5687
level 231: +5151 new (total 32393205) 2251s  bylen: 23:1 25:5 26:8 27:72 28:78 29:611 30:286 31:2698 32:1392
level 232: +7731 new (total 32400936) 2252s  bylen: 24:3 25:2 26:29 27:26 28:202 29:180 30:1280 31:665 32:5344
level 233: +5088 new (total 32406024) 2253s  bylen: 25:8 26:9 27:68 28:78 29:610 30:324 31:2536 32:1455
level 234: +7504 new (total 32413528) 2253s  bylen: 24:3 25:2 26:26 27:32 28:189 29:202 30:1216 31:690 32:5144
level 235: +5209 new (total 32418737) 2254s  bylen: 25:6 26:11 27:68 28:88 29:566 30:400 31:2474 32:1596
level 236: +7301 new (total 32426038) 2254s  bylen: 24:2 25:1 26:22 27:37 28:201 29:205 30:1148 31:817 32:4868
level 237: +5176 new (total 32431214) 2255s  bylen: 25:8 26:12 27:61 28:98 29:524 30:405 31:2341 32:1727
level 238: +7112 new (total 32438326) 2255s  bylen: 24:2 26:23 27:31 28:176 29:226 30:1101 31:912 32:4641
level 239: +5022 new (total 32443348) 2255s  bylen: 25:8 26:9 27:63 28:85 29:508 30:430 31:2169 32:1750
level 240: +6816 new (total 32450164) 2256s  bylen: 24:1 26:28 27:30 28:155 29:217 30:1144 31:779 32:4462
level 241: +4845 new (total 32455009) 2256s  bylen: 25:8 26:2 27:60 28:77 29:501 30:348 31:2187 32:1662
level 242: +6568 new (total 32461577) 2257s  bylen: 26:24 27:23 28:167 29:187 30:1123 31:637 32:4407
level 243: +4519 new (total 32466096) 2257s  bylen: 25:7 26:1 27:57 28:70 29:462 30:267 31:2213 32:1442
level 244: +6354 new (total 32472450) 2258s  bylen: 26:19 27:11 28:160 29:135 30:1065 31:538 32:4426
level 245: +3862 new (total 32476312) 2258s  bylen: 25:4 26:1 27:55 28:38 29:415 30:244 31:2063 32:1042
level 246: +5491 new (total 32481803) 2258s  bylen: 24:1 26:15 27:13 28:152 29:86 30:963 31:354 32:3907
level 247: +3215 new (total 32485018) 2259s  bylen: 25:4 26:1 27:57 28:31 29:372 30:152 31:1836 32:762
level 248: +4898 new (total 32489916) 2259s  bylen: 24:1 26:13 27:12 28:148 29:83 30:858 31:280 32:3503
level 249: +3002 new (total 32492918) 2260s  bylen: 25:7 26:1 27:49 28:38 29:378 30:141 31:1688 32:700
level 250: +4845 new (total 32497763) 2260s  bylen: 24:1 26:15 27:10 28:151 29:88 30:859 31:283 32:3438
level 251: +3018 new (total 32500781) 2260s  bylen: 25:6 26:2 27:53 28:34 29:389 30:171 31:1744 32:619
level 252: +4943 new (total 32505724) 2261s  bylen: 26:22 27:9 28:146 29:74 30:906 31:282 32:3504
level 253: +3005 new (total 32508729) 2261s  bylen: 25:5 26:2 27:58 28:35 29:376 30:136 31:1795 32:598
level 254: +4922 new (total 32513651) 2261s  bylen: 26:21 27:11 28:148 29:87 30:887 31:268 32:3500
level 255: +3098 new (total 32516749) 2262s  bylen: 25:4 26:1 27:55 28:39 29:402 30:142 31:1783 32:672
level 256: +5029 new (total 32521778) 2262s  bylen: 26:20 27:12 28:149 29:112 30:906 31:300 32:3530
level 257: +3205 new (total 32524983) 2263s  bylen: 25:5 27:49 28:37 29:416 30:190 31:1721 32:787
level 258: +4946 new (total 32529929) 2263s  bylen: 24:1 26:17 27:9 28:146 29:108 30:846 31:344 32:3475
level 259: +3150 new (total 32533079) 2263s  bylen: 25:6 27:54 28:37 29:378 30:168 31:1703 32:804
level 260: +4834 new (total 32537913) 2263s  bylen: 24:2 26:17 27:2 28:148 29:83 30:850 31:325 32:3407
level 261: +2917 new (total 32540830) 2264s  bylen: 25:7 27:50 28:22 29:420 30:128 31:1702 32:588
level 262: +4774 new (total 32545604) 2264s  bylen: 24:3 26:21 27:1 28:164 29:55 30:843 31:173 32:3514
level 263: +2746 new (total 32548350) 2264s  bylen: 25:8 27:48 28:8 29:462 30:75 31:1795 32:350
level 264: +4773 new (total 32553123) 2265s  bylen: 24:2 26:21 27:2 28:170 29:28 30:879 31:103 32:3568
level 265: +2542 new (total 32555665) 2265s  bylen: 25:10 27:52 28:16 29:450 30:41 31:1770 32:203
level 266: +4812 new (total 32560477) 2266s  bylen: 24:1 26:23 27:2 28:159 29:25 30:904 31:76 32:3622
level 267: +2530 new (total 32563007) 2266s  bylen: 25:7 27:53 28:13 29:434 30:26 31:1834 32:163
level 268: +4725 new (total 32567732) 2266s  bylen: 24:1 26:23 27:2 28:166 29:30 30:911 31:59 32:3533
level 269: +2439 new (total 32570171) 2267s  bylen: 25:6 27:57 28:7 29:391 30:38 31:1767 32:173
level 270: +4511 new (total 32574682) 2267s  bylen: 24:2 26:14 27:5 28:164 29:27 30:821 31:45 32:3433
level 271: +2345 new (total 32577027) 2267s  bylen: 25:7 27:57 28:18 29:366 30:31 31:1647 32:219
level 272: +4438 new (total 32581465) 2267s  bylen: 24:1 26:17 27:3 28:151 29:31 30:836 31:105 32:3294
level 273: +2346 new (total 32583811) 2267s  bylen: 25:9 27:45 28:19 29:387 30:49 31:1587 32:250
level 274: +4360 new (total 32588171) 2268s  bylen: 26:20 27:2 28:136 29:44 30:840 31:108 32:3210
level 275: +2345 new (total 32590516) 2268s  bylen: 25:4 27:50 28:13 29:375 30:60 31:1579 32:264
level 276: +4164 new (total 32594680) 2268s  bylen: 26:17 27:3 28:130 29:26 30:788 31:77 32:3123
level 277: +2064 new (total 32596744) 2268s  bylen: 25:1 27:50 28:16 29:337 30:25 31:1438 32:197
level 278: +3835 new (total 32600579) 2268s  bylen: 26:10 27:2 28:119 29:37 30:667 31:67 32:2933
level 279: +1865 new (total 32602444) 2269s  bylen: 25:2 27:38 28:11 29:316 30:43 31:1239 32:216
level 280: +3429 new (total 32605873) 2269s  bylen: 26:7 27:3 28:102 29:37 30:580 31:55 32:2645
level 281: +1631 new (total 32607504) 2269s  bylen: 25:3 27:30 28:16 29:281 30:43 31:1051 32:207
level 282: +3004 new (total 32610508) 2269s  bylen: 26:8 27:3 28:78 29:27 30:556 31:71 32:2261
level 283: +1455 new (total 32611963) 2269s  bylen: 25:2 26:1 27:29 28:13 29:230 30:32 31:957 32:191
level 284: +2664 new (total 32614627) 2270s  bylen: 26:10 27:3 28:82 29:38 30:486 31:78 32:1967
level 285: +1481 new (total 32616108) 2270s  bylen: 25:1 26:2 27:30 28:13 29:200 30:50 31:957 32:228
level 286: +2491 new (total 32618599) 2270s  bylen: 26:7 27:9 28:87 29:36 30:460 31:84 32:1808
level 287: +1546 new (total 32620145) 2270s  bylen: 25:1 26:1 27:27 28:22 29:211 30:54 31:913 32:317
level 288: +2503 new (total 32622648) 2270s  bylen: 26:6 27:14 28:87 29:51 30:414 31:156 32:1775
level 289: +1705 new (total 32624353) 2270s  bylen: 25:2 26:2 27:18 28:31 29:201 30:103 31:828 32:520
level 290: +2438 new (total 32626791) 2270s  bylen: 26:7 27:8 28:88 29:89 30:370 31:250 32:1626
level 291: +1785 new (total 32628576) 2270s  bylen: 25:1 26:4 27:23 28:37 29:179 30:140 31:798 32:603
level 292: +2356 new (total 32630932) 2270s  bylen: 26:10 27:8 28:80 29:87 30:359 31:283 32:1529
level 293: +1789 new (total 32632721) 2270s  bylen: 26:2 27:25 28:28 29:192 30:133 31:806 32:603
level 294: +2378 new (total 32635099) 2271s  bylen: 26:6 27:10 28:75 29:85 30:375 31:237 32:1590
level 295: +1746 new (total 32636845) 2271s  bylen: 27:24 28:19 29:201 30:136 31:758 32:608
level 296: +2317 new (total 32639162) 2271s  bylen: 26:3 27:4 28:74 29:67 30:351 31:225 32:1593
level 297: +1484 new (total 32640646) 2271s  bylen: 27:20 28:11 29:168 30:122 31:721 32:442
level 298: +2029 new (total 32642675) 2271s  bylen: 26:3 28:58 29:32 30:336 31:164 32:1436
level 299: +1070 new (total 32643745) 2271s  bylen: 27:17 28:5 29:156 30:56 31:616 32:220
level 300: +1707 new (total 32645452) 2271s  bylen: 26:3 27:1 28:56 29:12 30:254 31:47 32:1334
level 301: +829 new (total 32646281) 2271s  bylen: 27:16 28:6 29:138 30:6 31:584 32:79
level 302: +1549 new (total 32647830) 2271s  bylen: 26:3 27:1 28:60 29:8 30:251 31:18 32:1208
level 303: +763 new (total 32648593) 2271s  bylen: 27:16 28:4 29:135 30:10 31:552 32:46
level 304: +1451 new (total 32650044) 2271s  bylen: 26:2 27:1 28:62 29:11 30:214 31:18 32:1143
level 305: +730 new (total 32650774) 2272s  bylen: 27:19 28:6 29:129 30:14 31:506 32:56
level 306: +1438 new (total 32652212) 2272s  bylen: 26:1 28:63 29:6 30:199 31:24 32:1145
level 307: +664 new (total 32652876) 2272s  bylen: 27:17 28:9 29:147 30:7 31:453 32:31
level 308: +1471 new (total 32654347) 2272s  bylen: 26:5 27:2 28:42 29:9 30:227 31:21 32:1165
level 309: +711 new (total 32655058) 2272s  bylen: 27:17 28:3 29:142 30:8 31:455 32:86
level 310: +1455 new (total 32656513) 2272s  bylen: 26:5 27:2 28:44 29:16 30:259 31:24 32:1105
level 311: +791 new (total 32657304) 2272s  bylen: 25:1 27:25 28:4 29:130 30:26 31:487 32:118
level 312: +1599 new (total 32658903) 2272s  bylen: 26:3 28:70 29:13 30:247 31:46 32:1220
level 313: +892 new (total 32659795) 2272s  bylen: 25:2 27:19 28:2 29:161 30:27 31:614 32:67
level 314: +1756 new (total 32661551) 2272s  bylen: 26:7 28:65 29:4 30:328 31:20 32:1332
level 315: +888 new (total 32662439) 2272s  bylen: 25:2 27:15 29:175 30:5 31:666 32:25
level 316: +1684 new (total 32664123) 2272s  bylen: 26:10 28:64 29:2 30:314 31:5 32:1289
level 317: +878 new (total 32665001) 2272s  bylen: 25:1 27:22 29:153 30:3 31:692 32:7
level 318: +1616 new (total 32666617) 2272s  bylen: 26:9 28:74 30:298 31:4 32:1231
level 319: +868 new (total 32667485) 2272s  bylen: 27:26 29:164 30:1 31:676 32:1
level 320: +1683 new (total 32669168) 2273s  bylen: 26:6 28:78 30:291 31:1 32:1307
level 321: +824 new (total 32669992) 2273s  bylen: 25:1 27:18 29:177 31:628
level 322: +1613 new (total 32671605) 2273s  bylen: 26:3 28:73 30:269 32:1268
level 323: +716 new (total 32672321) 2273s  bylen: 25:1 27:16 29:163 31:536
level 324: +1503 new (total 32673824) 2273s  bylen: 26:8 28:51 30:256 32:1188
level 325: +659 new (total 32674483) 2273s  bylen: 27:20 29:146 31:493
level 326: +1432 new (total 32675915) 2273s  bylen: 26:6 28:58 30:255 32:1113
level 327: +668 new (total 32676583) 2273s  bylen: 25:2 27:20 29:142 31:504
level 328: +1497 new (total 32678080) 2273s  bylen: 26:2 28:61 30:279 32:1155
level 329: +705 new (total 32678785) 2273s  bylen: 25:2 27:14 29:155 31:534
level 330: +1517 new (total 32680302) 2273s  bylen: 26:7 28:53 30:270 32:1187
level 331: +680 new (total 32680982) 2273s  bylen: 27:15 29:141 31:524
level 332: +1335 new (total 32682317) 2273s  bylen: 26:6 28:48 30:244 32:1037
level 333: +611 new (total 32682928) 2273s  bylen: 27:13 29:126 31:472
level 334: +1182 new (total 32684110) 2273s  bylen: 26:2 28:38 30:216 32:926
level 335: +520 new (total 32684630) 2273s  bylen: 27:10 29:117 31:393
level 336: +1040 new (total 32685670) 2273s  bylen: 26:1 28:31 30:174 32:834
level 337: +422 new (total 32686092) 2273s  bylen: 27:9 29:97 31:316
level 338: +868 new (total 32686960) 2273s  bylen: 28:31 30:138 32:699
level 339: +332 new (total 32687292) 2274s  bylen: 27:6 29:78 31:248
level 340: +694 new (total 32687986) 2274s  bylen: 26:1 28:20 30:119 32:554
level 341: +248 new (total 32688234) 2274s  bylen: 27:3 29:57 31:188
level 342: +531 new (total 32688765) 2274s  bylen: 26:1 28:20 30:88 32:422
level 343: +199 new (total 32688964) 2274s  bylen: 27:8 29:46 31:145
level 344: +496 new (total 32689460) 2274s  bylen: 28:20 30:85 32:391
level 345: +219 new (total 32689679) 2274s  bylen: 27:7 29:60 31:152
level 346: +558 new (total 32690237) 2274s  bylen: 26:2 28:19 30:109 32:428
level 347: +235 new (total 32690472) 2274s  bylen: 27:3 29:55 31:177
level 348: +481 new (total 32690953) 2274s  bylen: 26:2 28:21 30:92 32:366
level 349: +225 new (total 32691178) 2274s  bylen: 27:8 29:45 31:172
level 350: +466 new (total 32691644) 2274s  bylen: 28:18 30:84 32:364
level 351: +208 new (total 32691852) 2274s  bylen: 27:8 29:44 31:156
level 352: +519 new (total 32692371) 2274s  bylen: 28:11 30:97 32:411
level 353: +197 new (total 32692568) 2274s  bylen: 27:4 29:29 31:164
level 354: +383 new (total 32692951) 2274s  bylen: 28:16 30:72 32:295
level 355: +143 new (total 32693094) 2274s  bylen: 27:3 29:20 31:120
level 356: +263 new (total 32693357) 2274s  bylen: 28:12 30:41 32:210
level 357: +102 new (total 32693459) 2274s  bylen: 29:23 31:79
level 358: +171 new (total 32693630) 2274s  bylen: 28:12 30:27 32:132
level 359: +68 new (total 32693698) 2274s  bylen: 27:1 29:19 31:48
level 360: +134 new (total 32693832) 2274s  bylen: 28:5 30:15 32:114
level 361: +45 new (total 32693877) 2274s  bylen: 27:2 29:20 31:23
level 362: +147 new (total 32694024) 2274s  bylen: 28:5 30:25 32:117
level 363: +45 new (total 32694069) 2274s  bylen: 27:2 29:15 31:28
level 364: +120 new (total 32694189) 2274s  bylen: 26:1 28:6 30:15 32:98
level 365: +62 new (total 32694251) 2274s  bylen: 27:2 29:12 31:48
level 366: +137 new (total 32694388) 2274s  bylen: 26:1 28:7 30:21 32:108
level 367: +77 new (total 32694465) 2274s  bylen: 27:8 29:16 31:53
level 368: +251 new (total 32694716) 2274s  bylen: 26:1 28:8 30:40 32:202
level 369: +128 new (total 32694844) 2274s  bylen: 27:6 29:30 31:92
level 370: +323 new (total 32695167) 2274s  bylen: 26:2 28:28 30:35 32:258
level 371: +206 new (total 32695373) 2274s  bylen: 27:7 29:32 31:167
level 372: +389 new (total 32695762) 2274s  bylen: 26:2 28:22 30:72 32:293
level 373: +219 new (total 32695981) 2274s  bylen: 27:10 29:64 31:145
level 374: +565 new (total 32696546) 2274s  bylen: 26:2 28:23 30:75 32:465
level 375: +260 new (total 32696806) 2274s  bylen: 27:7 29:74 31:179
level 376: +590 new (total 32697396) 2274s  bylen: 28:25 30:86 32:479
level 377: +227 new (total 32697623) 2274s  bylen: 27:6 29:61 31:160
level 378: +507 new (total 32698130) 2274s  bylen: 28:12 30:94 32:401
level 379: +148 new (total 32698278) 2274s  bylen: 27:2 29:41 31:105
level 380: +292 new (total 32698570) 2274s  bylen: 28:9 30:55 32:228
level 381: +84 new (total 32698654) 2274s  bylen: 29:25 31:59
level 382: +159 new (total 32698813) 2274s  bylen: 28:8 30:23 32:128
level 383: +39 new (total 32698852) 2274s  bylen: 27:1 29:14 31:24
level 384: +89 new (total 32698941) 2274s  bylen: 28:2 30:9 32:78
level 385: +24 new (total 32698965) 2274s  bylen: 27:1 29:9 31:14
level 386: +62 new (total 32699027) 2274s  bylen: 28:2 30:13 32:47
level 387: +20 new (total 32699047) 2274s  bylen: 29:3 31:17
level 388: +26 new (total 32699073) 2274s  bylen: 28:1 30:6 32:19
level 389: +6 new (total 32699079) 2274s  bylen: 29:3 31:3
level 390: +11 new (total 32699090) 2274s  bylen: 30:2 32:9
level 391: +3 new (total 32699093) 2274s  bylen: 29:1 31:2
level 392: +4 new (total 32699097) 2274s  bylen: 30:2 32:2
level 393: +1 new (total 32699098) 2274s  bylen: 31:1
level 394: +0 new (total 32699098) 2274s  bylen:
RESULT start=XyyxYYY|XXXYxxy cap=32 conj=9 nosym=0 states=32699098 levels=394 complete=1 hit=1 overflow=0 time=2274s
states by total length: 14:2 15:4 16:11 17:52 18:82 19:333 20:469 21:1804 22:2763 23:10078 24:15629 25:55786 26:90613 27:319792 28:536546 29:1838104 30:3073053 31:10062072 32:16691905
PATH target 6: 49 steps, peak 32
