start xxxxyXy|xyyyxYY cap=32 conj=9 nosym=0 threads=3 maxstates=100000000
target 0: xyxYXY|xxxxYYY
target 1: xxxyXXY|xyyXYYY
target 2: xxxyXXy|xyyXYYY
target 3: x|y
target 4: xxyXy|xyyyyyxYY
target 5: xxxxyXy|xyyyxYY
target 6: xxyxxYY|xyXYYXy
start equals target 5
level 1: +11900 new (total 11901) 0s  bylen: 17:4 19:12 21:44 23:80 25:312 27:864 29:2664 31:7920
level 2: +138509 new (total 150410) 1s  bylen: 16:2 18:3 19:3 20:28 21:4 22:111 23:20 24:506 25:81 26:1958 27:270 28:7328 29:846 30:27172 31:2702 32:97475
level 3: +176439 new (total 326849) 7s  bylen: 17:2 18:1 19:14 20:1 21:55 22:6 23:356 24:14 25:1566 26:87 27:7159 28:251 29:31206 30:818 31:132528 32:2375
level 4: +563460 new (total 890309) 19s  bylen: 16:2 18:4 19:2 20:17 21:9 22:131 23:32 24:670 25:129 26:3687 27:488 28:18777 29:1787 30:92963 31:6182 32:438580
level 5: +326593 new (total 1216902) 43s  bylen: 17:2 19:10 20:1 21:57 22:9 23:324 24:27 25:1795 26:128 27:9326 28:521 29:49387 30:1995 31:255398 32:7613
level 6: +798182 new (total 2015084) 62s  bylen: 18:1 19:1 20:8 21:3 22:81 23:12 24:593 25:72 26:3576 27:316 28:21069 29:1376 30:118523 31:5727 32:646824
level 7: +322084 new (total 2337168) 100s  bylen: 20:1 21:10 22:3 23:87 24:14 25:859 26:47 27:6476 28:219 29:43451 30:1020 31:265347 32:4550
level 8: +608252 new (total 2945420) 118s  bylen: 19:1 20:3 21:3 22:16 23:8 24:147 25:35 26:1302 27:145 28:10446 29:678 30:77625 31:2952 32:514891
level 9: +169659 new (total 3115079) 146s  bylen: 20:1 21:1 22:1 23:24 24:19 25:240 26:37 27:2181 28:175 29:18770 30:652 31:144723 32:2835
level 10: +292050 new (total 3407129) 154s  bylen: 21:1 22:2 23:6 24:35 25:31 26:381 27:132 28:3717 29:604 30:32490 31:2589 32:252062
level 11: +66981 new (total 3474110) 165s  bylen: 22:1 24:9 25:37 26:24 27:594 28:76 29:6111 30:356 31:57982 32:1791
level 12: +105839 new (total 3579949) 169s  bylen: 23:2 24:6 25:12 26:80 27:73 28:1036 29:266 30:10731 31:1106 32:92527
level 13: +21956 new (total 3601905) 173s  bylen: 24:3 26:6 27:123 28:40 29:1682 30:188 31:19151 32:763
level 14: +34055 new (total 3635960) 174s  bylen: 25:2 26:12 27:23 28:254 29:93 30:3292 31:378 32:30001
level 15: +6327 new (total 3642287) 175s  bylen: 26:4 27:4 28:7 29:387 30:59 31:5620 32:246
level 16: +9892 new (total 3652179) 175s  bylen: 26:4 27:2 28:60 29:23 30:862 31:95 32:8846
level 17: +1782 new (total 3653961) 175s  bylen: 28:1 29:75 30:15 31:1637 32:54
level 18: +2680 new (total 3656641) 175s  bylen: 28:10 29:1 30:234 31:18 32:2417
level 19: +327 new (total 3656968) 175s  bylen: 29:2 30:2 31:308 32:15
level 20: +460 new (total 3657428) 175s  bylen: 28:4 29:2 30:70 31:4 32:380
level 21: +83 new (total 3657511) 175s  bylen: 25:1 26:1 27:1 29:1 31:75 32:4
level 22: +105 new (total 3657616) 175s  bylen: 26:1 27:1 28:2 29:1 30:15 31:9 32:76
level 23: +25 new (total 3657641) 175s  bylen: 25:1 27:1 28:1 29:3 30:1 31:13 32:5
level 24: +42 new (total 3657683) 175s  bylen: 26:1 28:2 29:2 30:6 31:10 32:21
level 25: +19 new (total 3657702) 175s  bylen: 27:1 29:3 31:7 32:8
level 26: +14 new (total 3657716) 175s  bylen: 29:1 30:2 31:6 32:5
level 27: +7 new (total 3657723) 175s  bylen: 29:3 30:1 31:3
level 28: +8 new (total 3657731) 175s  bylen: 29:1 31:1 32:6
level 29: +3 new (total 3657734) 175s  bylen: 29:1 30:1 31:1
level 30: +0 new (total 3657734) 175s  bylen:
RESULT start=xxxxyXy|xyyyxYY cap=32 conj=9 nosym=0 states=3657734 levels=30 complete=1 hit=0 overflow=0 time=175s
states by total length: 14:1 16:4 17:8 18:9 19:43 20:60 21:187 22:361 23:951 24:2043 25:5173 26:11336 27:28180 28:63996 29:159427 30:369093 31:912492 32:2104370
